dc_shell> source run_dc.tcl
Information: Variable 'hdlin_enable_vpp' is obsolete and is being ignored. (INFO-100)
Running PRESTO HDLC
Compiling source file ../../netlists/sync.v
Presto compilation completed successfully.
Loading db file '/home/linux/ieng6/ECE260B_WI26_A00/public/PDKdata/db/tcbn65gpluswc.db'
Running PRESTO HDLC
Compiling source file ../../netlists/ctrl_tx.v
Presto compilation completed successfully.
Running PRESTO HDLC
Compiling source file ../../netlists/ctrl_rx.v
Presto compilation completed successfully.
Running PRESTO HDLC
Compiling source file ../../netlists/fifo_mux_2_1.v
Presto compilation completed successfully.
Running PRESTO HDLC
Compiling source file ../../netlists/fifo_mux_8_1.v
Presto compilation completed successfully.
Running PRESTO HDLC
Compiling source file ../../netlists/fifo_mux_16_1.v
Presto compilation completed successfully.
Running PRESTO HDLC
Compiling source file ../../netlists/async_fifo_depth16.v
Presto compilation completed successfully.
Running PRESTO HDLC
Compiling source file ../../netlists/transceiver.v
Presto compilation completed successfully.
Running PRESTO HDLC
Compiling source file ../../netlists/fullchip.v
Presto compilation completed successfully.
Warning: Detected use of obsolete/unsupported feature.  The following
        will not be available in a future release of the application:
        elaborate -update. Use plain elaborate instead (CMD-100)
Loading db file '/software/nonrdist64/dc-2015.06-64/libraries/syn/gtech.db'
Loading db file '/software/nonrdist64/dc-2015.06-64/libraries/syn/standard.sldb'
  Loading link library 'tcbn65gpluswc'
  Loading link library 'gtech'
Running PRESTO HDLC
Presto compilation completed successfully.
Elaborated 1 design.
Current design is now 'fullchip'.
Warning: Cannot find the design 'core' in the library 'WORK'. (LBR-1)
Information: Building the design 'core'. (HDL-193)
Warning: Cannot find the design 'core' in the library 'WORK'. (LBR-1)
Information: Building the design 'transceiver'. (HDL-193)
Presto compilation completed successfully.
Information: Building the design 'async_fifo_depth16' instantiated from design 'transceiver' with
        the parameters "bw=24". (HDL-193)

Inferred memory devices in process
        in routine async_fifo_depth16_bw24 line 80 in file
                '../../netlists/async_fifo_depth16.v'.
===============================================================================
|    Register Name    |   Type    | Width | Bus | MB | AR | AS | SR | SS | ST |
===============================================================================
|        q_reg        | Flip-flop |  384  |  Y  | N  | N  | N  | N  | N  | N  |
===============================================================================
Presto compilation completed successfully.
Information: Building the design 'fifo_mux_16_1' instantiated from design 'async_fifo_depth16_bw24' with
        the parameters "bw=24,simd=1". (HDL-193)
Presto compilation completed successfully.
Information: Building the design 'sync' instantiated from design 'async_fifo_depth16_bw24' with
        the parameters "bw=5". (HDL-193)

Inferred memory devices in process
        in routine sync_bw5 line 18 in file
                '../../netlists/sync.v'.
===============================================================================
|    Register Name    |   Type    | Width | Bus | MB | AR | AS | SR | SS | ST |
===============================================================================
|      int1_reg       | Flip-flop |   5   |  Y  | N  | N  | N  | N  | N  | N  |
|      int2_reg       | Flip-flop |   5   |  Y  | N  | N  | N  | N  | N  | N  |
===============================================================================
Presto compilation completed successfully.
Information: Building the design 'ctrl_tx'. (HDL-193)

Inferred memory devices in process
        in routine ctrl_tx line 38 in file
                '../../netlists/ctrl_tx.v'.
===============================================================================
|    Register Name    |   Type    | Width | Bus | MB | AR | AS | SR | SS | ST |
===============================================================================
|      full_reg       | Flip-flop |   1   |  N  | N  | N  | N  | N  | N  | N  |
|     wr_ptr_reg      | Flip-flop |   5   |  Y  | N  | N  | N  | N  | N  | N  |
|   wr_ptr_gray_reg   | Flip-flop |   5   |  Y  | N  | N  | N  | N  | N  | N  |
===============================================================================
Presto compilation completed successfully.
Information: Building the design 'ctrl_rx'. (HDL-193)

Inferred memory devices in process
        in routine ctrl_rx line 33 in file
                '../../netlists/ctrl_rx.v'.
===============================================================================
|    Register Name    |   Type    | Width | Bus | MB | AR | AS | SR | SS | ST |
===============================================================================
|      empty_reg      | Flip-flop |   1   |  N  | N  | N  | N  | N  | N  | N  |
|     rd_ptr_reg      | Flip-flop |   5   |  Y  | N  | N  | N  | N  | N  | N  |
|   rd_ptr_gray_reg   | Flip-flop |   5   |  Y  | N  | N  | N  | N  | N  | N  |
===============================================================================
Presto compilation completed successfully.
Information: Building the design 'fifo_mux_8_1' instantiated from design 'fifo_mux_16_1_bw24_simd1' with
        the parameters "bw=24,simd=1". (HDL-193)
Presto compilation completed successfully.
Information: Building the design 'fifo_mux_2_1' instantiated from design 'fifo_mux_16_1_bw24_simd1' with
        the parameters "bw=24,simd=1". (HDL-193)
Presto compilation completed successfully.
Warning: Design 'fullchip' has '1' unresolved references. For more detailed information, use the "link" command. (UID-341)
Current design is 'fullchip'.

  Linking design 'fullchip'
  Using the following designs and libraries:
  --------------------------------------------------------------------------
  * (9 designs)               /home/linux/ieng6/oce/7f/jil547/Desktop/step4/step4_syn/hier_syn/syn_fullchip/fullchip.db, etc
  tcbn65gpluswc (library)     /home/linux/ieng6/ECE260B_WI26_A00/public/PDKdata/db/tcbn65gpluswc.db

Information: Building the design 'core'. (HDL-193)
Warning: Cannot find the design 'core' in the library 'WORK'. (LBR-1)
Warning: Unable to resolve reference 'core' in 'fullchip'. (LINK-5)

Reading SDC version 2.0...
Warning: Design 'fullchip' has '1' unresolved references. For more detailed information, use the "link" command. (UID-341)
Warning: Design 'fullchip' has '1' unresolved references. For more detailed information, use the "link" command. (UID-341)
Warning: Design 'fullchip' has '1' unresolved references. For more detailed information, use the "link" command. (UID-341)
Warning: Design 'fullchip' has '1' unresolved references. For more detailed information, use the "link" command. (UID-341)
Warning: Design 'fullchip' has '1' unresolved references. For more detailed information, use the "link" command. (UID-341)
Warning: Design 'fullchip' has '1' unresolved references. For more detailed information, use the "link" command. (UID-341)
Warning: Design 'fullchip' has '1' unresolved references. For more detailed information, use the "link" command. (UID-341)
Warning: Design 'fullchip' has '1' unresolved references. For more detailed information, use the "link" command. (UID-341)
Warning: Design 'fullchip' has '1' unresolved references. For more detailed information, use the "link" command. (UID-341)
Warning: Design 'fullchip' has '1' unresolved references. For more detailed information, use the "link" command. (UID-341)
Warning: Design 'fullchip' has '1' unresolved references. For more detailed information, use the "link" command. (UID-341)
Warning: Design 'fullchip' has '1' unresolved references. For more detailed information, use the "link" command. (UID-341)
Warning: Design 'fullchip' has '1' unresolved references. For more detailed information, use the "link" command. (UID-341)
Warning: Can't find objects matching '*sfp_in_q_reg*' in design 'fullchip'. (UID-95)
Warning: Can't find objects matching '*sum_q_reg*' in design 'fullchip'. (UID-95)
Error: Value for list '-from' must have 1 elements. (CMD-036)
Error: Value for list '-to' must have 1 elements. (CMD-036)
Warning: Can't find objects matching '*sfp_in_q_reg*' in design 'fullchip'. (UID-95)
Warning: Can't find objects matching '*sum_q_reg*' in design 'fullchip'. (UID-95)
Error: Value for list '-from' must have 1 elements. (CMD-036)
Error: Value for list '-to' must have 1 elements. (CMD-036)
Warning: Can't find objects matching '*sfp_in_abs*_q_reg*' in design 'fullchip'. (UID-95)
Warning: Can't find objects matching '*sfp_out_abs*_q_reg*' in design 'fullchip'. (UID-95)
Error: Value for list '-from' must have 1 elements. (CMD-036)
Error: Value for list '-to' must have 1 elements. (CMD-036)
Warning: Can't find objects matching '*sfp_in_abs*_q_reg*' in design 'fullchip'. (UID-95)
Warning: Can't find objects matching '*sfp_out_abs*_q_reg*' in design 'fullchip'. (UID-95)
Error: Value for list '-from' must have 1 elements. (CMD-036)
Error: Value for list '-to' must have 1 elements. (CMD-036)
Warning: Can't find objects matching '*sum_2core_q_reg*' in design 'fullchip'. (UID-95)
Warning: Can't find objects matching '*sfp_out_abs*_q_reg*' in design 'fullchip'. (UID-95)
Error: Value for list '-from' must have 1 elements. (CMD-036)
Error: Value for list '-to' must have 1 elements. (CMD-036)
Warning: Can't find objects matching '*sum_2core_q_reg*' in design 'fullchip'. (UID-95)
Warning: Can't find objects matching '*sfp_out_abs*_q_reg*' in design 'fullchip'. (UID-95)
Error: Value for list '-from' must have 1 elements. (CMD-036)
Error: Value for list '-to' must have 1 elements. (CMD-036)
Warning: Can't find objects matching '*sfp_wr_reg*' in design 'fullchip'. (UID-95)
Warning: Can't find objects matching '*psum_mem_instance*' in design 'fullchip'. (UID-95)
Error: Value for list '-from' must have 1 elements. (CMD-036)
Error: Value for list '-to' must have 1 elements. (CMD-036)
Warning: Can't find objects matching '*sfp_wr_reg*' in design 'fullchip'. (UID-95)
Warning: Can't find objects matching '*psum_mem_instance*' in design 'fullchip'. (UID-95)
Error: Value for list '-from' must have 1 elements. (CMD-036)
Error: Value for list '-to' must have 1 elements. (CMD-036)
Warning: Can't find objects matching '*sfp_out_abs*_q_reg*' in design 'fullchip'. (UID-95)
Warning: Can't find objects matching '*psum_mem_instance*' in design 'fullchip'. (UID-95)
Error: Value for list '-from' must have 1 elements. (CMD-036)
Error: Value for list '-to' must have 1 elements. (CMD-036)
Warning: Can't find objects matching '*sfp_out_abs*_q_reg*' in design 'fullchip'. (UID-95)
Warning: Can't find objects matching '*psum_mem_instance*' in design 'fullchip'. (UID-95)
Error: Value for list '-from' must have 1 elements. (CMD-036)
Error: Value for list '-to' must have 1 elements. (CMD-036)
Warning: Design 'fullchip' has '1' unresolved references. For more detailed information, use the "link" command. (UID-341)

#   Propagate Constraints from cell transceiver_instance0/ (transceiver) #

#   Propagate Constraints from cell transceiver_instance0/b_a_fifo/ (async_fifo_depth16_bw24) #

#   Propagate Constraints from cell transceiver_instance0/b_a_fifo/ctrl_rx_instance/ (ctrl_rx) #

#   Propagate Constraints from cell transceiver_instance0/b_a_fifo/ctrl_tx_instance/ (ctrl_tx) #

#   Propagate Constraints from cell transceiver_instance0/b_a_fifo/w2r_sync/ (sync_bw5) #

#   Propagate Constraints from cell transceiver_instance0/b_a_fifo/r2w_sync/ (sync_bw5) #

#   Propagate Constraints from cell transceiver_instance0/b_a_fifo/fifo_mux_16_1a/ (fifo_mux_16_1_bw24_simd1) #

#   Propagate Constraints from cell transceiver_instance0/b_a_fifo/fifo_mux_16_1a/mux_2_1a/ (fifo_mux_2_1_bw24_simd1) #

#   Propagate Constraints from cell transceiver_instance0/b_a_fifo/fifo_mux_16_1a/mux_8_1b/ (fifo_mux_8_1_bw24_simd1) #

#   Propagate Constraints from cell transceiver_instance0/b_a_fifo/fifo_mux_16_1a/mux_8_1b/fifo_mux_2_1g/ (fifo_mux_2_1_bw24_simd1) #

#   Propagate Constraints from cell transceiver_instance0/b_a_fifo/fifo_mux_16_1a/mux_8_1b/fifo_mux_2_1f/ (fifo_mux_2_1_bw24_simd1) #

#   Propagate Constraints from cell transceiver_instance0/b_a_fifo/fifo_mux_16_1a/mux_8_1b/fifo_mux_2_1e/ (fifo_mux_2_1_bw24_simd1) #

#   Propagate Constraints from cell transceiver_instance0/b_a_fifo/fifo_mux_16_1a/mux_8_1b/fifo_mux_2_1d/ (fifo_mux_2_1_bw24_simd1) #

#   Propagate Constraints from cell transceiver_instance0/b_a_fifo/fifo_mux_16_1a/mux_8_1b/fifo_mux_2_1c/ (fifo_mux_2_1_bw24_simd1) #

#   Propagate Constraints from cell transceiver_instance0/b_a_fifo/fifo_mux_16_1a/mux_8_1b/fifo_mux_2_1b/ (fifo_mux_2_1_bw24_simd1) #

#   Propagate Constraints from cell transceiver_instance0/b_a_fifo/fifo_mux_16_1a/mux_8_1b/fifo_mux_2_1a/ (fifo_mux_2_1_bw24_simd1) #

#   Propagate Constraints from cell transceiver_instance0/b_a_fifo/fifo_mux_16_1a/mux_8_1a/ (fifo_mux_8_1_bw24_simd1) #

#   Propagate Constraints from cell transceiver_instance0/b_a_fifo/fifo_mux_16_1a/mux_8_1a/fifo_mux_2_1g/ (fifo_mux_2_1_bw24_simd1) #

#   Propagate Constraints from cell transceiver_instance0/b_a_fifo/fifo_mux_16_1a/mux_8_1a/fifo_mux_2_1f/ (fifo_mux_2_1_bw24_simd1) #

#   Propagate Constraints from cell transceiver_instance0/b_a_fifo/fifo_mux_16_1a/mux_8_1a/fifo_mux_2_1e/ (fifo_mux_2_1_bw24_simd1) #

#   Propagate Constraints from cell transceiver_instance0/b_a_fifo/fifo_mux_16_1a/mux_8_1a/fifo_mux_2_1d/ (fifo_mux_2_1_bw24_simd1) #

#   Propagate Constraints from cell transceiver_instance0/b_a_fifo/fifo_mux_16_1a/mux_8_1a/fifo_mux_2_1c/ (fifo_mux_2_1_bw24_simd1) #

#   Propagate Constraints from cell transceiver_instance0/b_a_fifo/fifo_mux_16_1a/mux_8_1a/fifo_mux_2_1b/ (fifo_mux_2_1_bw24_simd1) #

#   Propagate Constraints from cell transceiver_instance0/b_a_fifo/fifo_mux_16_1a/mux_8_1a/fifo_mux_2_1a/ (fifo_mux_2_1_bw24_simd1) #

#   Propagate Constraints from cell transceiver_instance0/a_b_fifo/ (async_fifo_depth16_bw24) #

#   Propagate Constraints from cell transceiver_instance0/a_b_fifo/ctrl_rx_instance/ (ctrl_rx) #

#   Propagate Constraints from cell transceiver_instance0/a_b_fifo/ctrl_tx_instance/ (ctrl_tx) #

#   Propagate Constraints from cell transceiver_instance0/a_b_fifo/w2r_sync/ (sync_bw5) #

#   Propagate Constraints from cell transceiver_instance0/a_b_fifo/r2w_sync/ (sync_bw5) #

#   Propagate Constraints from cell transceiver_instance0/a_b_fifo/fifo_mux_16_1a/ (fifo_mux_16_1_bw24_simd1) #

#   Propagate Constraints from cell transceiver_instance0/a_b_fifo/fifo_mux_16_1a/mux_2_1a/ (fifo_mux_2_1_bw24_simd1) #

#   Propagate Constraints from cell transceiver_instance0/a_b_fifo/fifo_mux_16_1a/mux_8_1b/ (fifo_mux_8_1_bw24_simd1) #

#   Propagate Constraints from cell transceiver_instance0/a_b_fifo/fifo_mux_16_1a/mux_8_1b/fifo_mux_2_1g/ (fifo_mux_2_1_bw24_simd1) #

#   Propagate Constraints from cell transceiver_instance0/a_b_fifo/fifo_mux_16_1a/mux_8_1b/fifo_mux_2_1f/ (fifo_mux_2_1_bw24_simd1) #

#   Propagate Constraints from cell transceiver_instance0/a_b_fifo/fifo_mux_16_1a/mux_8_1b/fifo_mux_2_1e/ (fifo_mux_2_1_bw24_simd1) #

#   Propagate Constraints from cell transceiver_instance0/a_b_fifo/fifo_mux_16_1a/mux_8_1b/fifo_mux_2_1d/ (fifo_mux_2_1_bw24_simd1) #

#   Propagate Constraints from cell transceiver_instance0/a_b_fifo/fifo_mux_16_1a/mux_8_1b/fifo_mux_2_1c/ (fifo_mux_2_1_bw24_simd1) #

#   Propagate Constraints from cell transceiver_instance0/a_b_fifo/fifo_mux_16_1a/mux_8_1b/fifo_mux_2_1b/ (fifo_mux_2_1_bw24_simd1) #

#   Propagate Constraints from cell transceiver_instance0/a_b_fifo/fifo_mux_16_1a/mux_8_1b/fifo_mux_2_1a/ (fifo_mux_2_1_bw24_simd1) #

#   Propagate Constraints from cell transceiver_instance0/a_b_fifo/fifo_mux_16_1a/mux_8_1a/ (fifo_mux_8_1_bw24_simd1) #

#   Propagate Constraints from cell transceiver_instance0/a_b_fifo/fifo_mux_16_1a/mux_8_1a/fifo_mux_2_1g/ (fifo_mux_2_1_bw24_simd1) #

#   Propagate Constraints from cell transceiver_instance0/a_b_fifo/fifo_mux_16_1a/mux_8_1a/fifo_mux_2_1f/ (fifo_mux_2_1_bw24_simd1) #

#   Propagate Constraints from cell transceiver_instance0/a_b_fifo/fifo_mux_16_1a/mux_8_1a/fifo_mux_2_1e/ (fifo_mux_2_1_bw24_simd1) #

#   Propagate Constraints from cell transceiver_instance0/a_b_fifo/fifo_mux_16_1a/mux_8_1a/fifo_mux_2_1d/ (fifo_mux_2_1_bw24_simd1) #

#   Propagate Constraints from cell transceiver_instance0/a_b_fifo/fifo_mux_16_1a/mux_8_1a/fifo_mux_2_1c/ (fifo_mux_2_1_bw24_simd1) #

#   Propagate Constraints from cell transceiver_instance0/a_b_fifo/fifo_mux_16_1a/mux_8_1a/fifo_mux_2_1b/ (fifo_mux_2_1_bw24_simd1) #

#   Propagate Constraints from cell transceiver_instance0/a_b_fifo/fifo_mux_16_1a/mux_8_1a/fifo_mux_2_1a/ (fifo_mux_2_1_bw24_simd1) #
Current design is 'fullchip'.
Warning: Design 'fullchip' has '1' unresolved references. For more detailed information, use the "link" command. (UID-341)
Warning: Design 'fullchip' has '1' unresolved references. For more detailed information, use the "link" command. (UID-341)
Warning: Design rule attributes from the driving cell will be
        set on the port. (UID-401)
Warning: Design rule attributes from the driving cell will be
        set on the port. (UID-401)
Warning: Design rule attributes from the driving cell will be
        set on the port. (UID-401)
Warning: Design rule attributes from the driving cell will be
        set on the port. (UID-401)
Warning: Design rule attributes from the driving cell will be
        set on the port. (UID-401)
Warning: Design rule attributes from the driving cell will be
        set on the port. (UID-401)
Warning: Design rule attributes from the driving cell will be
        set on the port. (UID-401)
Warning: Design rule attributes from the driving cell will be
        set on the port. (UID-401)
Warning: Design rule attributes from the driving cell will be
        set on the port. (UID-401)
Warning: Design rule attributes from the driving cell will be
        set on the port. (UID-401)
Warning: Design rule attributes from the driving cell will be
        set on the port. (UID-401)
Warning: Design rule attributes from the driving cell will be
        set on the port. (UID-401)
Warning: Design rule attributes from the driving cell will be
        set on the port. (UID-401)
Warning: Design rule attributes from the driving cell will be
        set on the port. (UID-401)
Warning: Design rule attributes from the driving cell will be
        set on the port. (UID-401)
Warning: Design rule attributes from the driving cell will be
        set on the port. (UID-401)
Warning: Design rule attributes from the driving cell will be
        set on the port. (UID-401)
Warning: Design rule attributes from the driving cell will be
        set on the port. (UID-401)
Warning: Design rule attributes from the driving cell will be
        set on the port. (UID-401)
Warning: Design rule attributes from the driving cell will be
        set on the port. (UID-401)
Warning: Design rule attributes from the driving cell will be
        set on the port. (UID-401)
Warning: Design rule attributes from the driving cell will be
        set on the port. (UID-401)
Warning: Design rule attributes from the driving cell will be
        set on the port. (UID-401)
Warning: Design rule attributes from the driving cell will be
        set on the port. (UID-401)
Warning: Design rule attributes from the driving cell will be
        set on the port. (UID-401)
Warning: Design rule attributes from the driving cell will be
        set on the port. (UID-401)
Warning: Design rule attributes from the driving cell will be
        set on the port. (UID-401)
Warning: Design rule attributes from the driving cell will be
        set on the port. (UID-401)
Warning: Design rule attributes from the driving cell will be
        set on the port. (UID-401)
Warning: Design rule attributes from the driving cell will be
        set on the port. (UID-401)
Warning: Design rule attributes from the driving cell will be
        set on the port. (UID-401)
Warning: Design rule attributes from the driving cell will be
        set on the port. (UID-401)
Warning: Design rule attributes from the driving cell will be
        set on the port. (UID-401)
Warning: Design rule attributes from the driving cell will be
        set on the port. (UID-401)
Warning: Design rule attributes from the driving cell will be
        set on the port. (UID-401)
Warning: Design rule attributes from the driving cell will be
        set on the port. (UID-401)
Warning: Design rule attributes from the driving cell will be
        set on the port. (UID-401)
Warning: Design rule attributes from the driving cell will be
        set on the port. (UID-401)
Warning: Design rule attributes from the driving cell will be
        set on the port. (UID-401)
Warning: Design rule attributes from the driving cell will be
        set on the port. (UID-401)
Warning: Design rule attributes from the driving cell will be
        set on the port. (UID-401)
Warning: Design rule attributes from the driving cell will be
        set on the port. (UID-401)
Warning: Design rule attributes from the driving cell will be
        set on the port. (UID-401)
Warning: Design rule attributes from the driving cell will be
        set on the port. (UID-401)
Warning: Design rule attributes from the driving cell will be
        set on the port. (UID-401)
Warning: Design rule attributes from the driving cell will be
        set on the port. (UID-401)
Warning: Design rule attributes from the driving cell will be
        set on the port. (UID-401)
Warning: Design rule attributes from the driving cell will be
        set on the port. (UID-401)
Warning: Design rule attributes from the driving cell will be
        set on the port. (UID-401)
Warning: Design rule attributes from the driving cell will be
        set on the port. (UID-401)
Warning: Design rule attributes from the driving cell will be
        set on the port. (UID-401)
Warning: Design rule attributes from the driving cell will be
        set on the port. (UID-401)
Warning: Design rule attributes from the driving cell will be
        set on the port. (UID-401)
Warning: Design rule attributes from the driving cell will be
        set on the port. (UID-401)
Warning: Design rule attributes from the driving cell will be
        set on the port. (UID-401)
Warning: Design rule attributes from the driving cell will be
        set on the port. (UID-401)
Warning: Design rule attributes from the driving cell will be
        set on the port. (UID-401)
Warning: Design rule attributes from the driving cell will be
        set on the port. (UID-401)
Warning: Design rule attributes from the driving cell will be
        set on the port. (UID-401)
Warning: Design rule attributes from the driving cell will be
        set on the port. (UID-401)
Warning: Design rule attributes from the driving cell will be
        set on the port. (UID-401)
Warning: Design rule attributes from the driving cell will be
        set on the port. (UID-401)
Warning: Design rule attributes from the driving cell will be
        set on the port. (UID-401)
Warning: Design rule attributes from the driving cell will be
        set on the port. (UID-401)
Warning: Design rule attributes from the driving cell will be
        set on the port. (UID-401)
Warning: Design rule attributes from the driving cell will be
        set on the port. (UID-401)
Warning: Design rule attributes from the driving cell will be
        set on the port. (UID-401)
Warning: Design rule attributes from the driving cell will be
        set on the port. (UID-401)
Warning: Design rule attributes from the driving cell will be
        set on the port. (UID-401)
Warning: Design rule attributes from the driving cell will be
        set on the port. (UID-401)
Warning: Design rule attributes from the driving cell will be
        set on the port. (UID-401)
Warning: Design rule attributes from the driving cell will be
        set on the port. (UID-401)
Warning: Design rule attributes from the driving cell will be
        set on the port. (UID-401)
Warning: Design rule attributes from the driving cell will be
        set on the port. (UID-401)
Warning: Design rule attributes from the driving cell will be
        set on the port. (UID-401)
Warning: Design rule attributes from the driving cell will be
        set on the port. (UID-401)
Warning: Design rule attributes from the driving cell will be
        set on the port. (UID-401)
Warning: Design rule attributes from the driving cell will be
        set on the port. (UID-401)
Warning: Design rule attributes from the driving cell will be
        set on the port. (UID-401)
Warning: Design rule attributes from the driving cell will be
        set on the port. (UID-401)
Warning: Design rule attributes from the driving cell will be
        set on the port. (UID-401)
Warning: Design rule attributes from the driving cell will be
        set on the port. (UID-401)
Warning: Design rule attributes from the driving cell will be
        set on the port. (UID-401)
Warning: Design rule attributes from the driving cell will be
        set on the port. (UID-401)
Warning: Design rule attributes from the driving cell will be
        set on the port. (UID-401)
Warning: Design rule attributes from the driving cell will be
        set on the port. (UID-401)
Warning: Design rule attributes from the driving cell will be
        set on the port. (UID-401)
Warning: Design rule attributes from the driving cell will be
        set on the port. (UID-401)
Warning: Design rule attributes from the driving cell will be
        set on the port. (UID-401)
Warning: Design rule attributes from the driving cell will be
        set on the port. (UID-401)
Warning: Design rule attributes from the driving cell will be
        set on the port. (UID-401)
Warning: Design rule attributes from the driving cell will be
        set on the port. (UID-401)
Warning: Design rule attributes from the driving cell will be
        set on the port. (UID-401)
Warning: Design rule attributes from the driving cell will be
        set on the port. (UID-401)
Warning: Design rule attributes from the driving cell will be
        set on the port. (UID-401)
Warning: Design rule attributes from the driving cell will be
        set on the port. (UID-401)
Warning: Design rule attributes from the driving cell will be
        set on the port. (UID-401)
Warning: Design rule attributes from the driving cell will be
        set on the port. (UID-401)
Warning: Design rule attributes from the driving cell will be
        set on the port. (UID-401)
Warning: Design rule attributes from the driving cell will be
        set on the port. (UID-401)
Warning: Design rule attributes from the driving cell will be
        set on the port. (UID-401)
Warning: Design rule attributes from the driving cell will be
        set on the port. (UID-401)
Warning: Design rule attributes from the driving cell will be
        set on the port. (UID-401)
Warning: Design rule attributes from the driving cell will be
        set on the port. (UID-401)
Warning: Design rule attributes from the driving cell will be
        set on the port. (UID-401)
Warning: Design rule attributes from the driving cell will be
        set on the port. (UID-401)
Warning: Design rule attributes from the driving cell will be
        set on the port. (UID-401)
Warning: Design rule attributes from the driving cell will be
        set on the port. (UID-401)
Warning: Design rule attributes from the driving cell will be
        set on the port. (UID-401)
Warning: Design rule attributes from the driving cell will be
        set on the port. (UID-401)
Warning: Design rule attributes from the driving cell will be
        set on the port. (UID-401)
Warning: Design rule attributes from the driving cell will be
        set on the port. (UID-401)
Warning: Design rule attributes from the driving cell will be
        set on the port. (UID-401)
Warning: Design rule attributes from the driving cell will be
        set on the port. (UID-401)
Warning: Design rule attributes from the driving cell will be
        set on the port. (UID-401)
Warning: Design rule attributes from the driving cell will be
        set on the port. (UID-401)
Warning: Design rule attributes from the driving cell will be
        set on the port. (UID-401)
Warning: Design rule attributes from the driving cell will be
        set on the port. (UID-401)
Warning: Design rule attributes from the driving cell will be
        set on the port. (UID-401)
Warning: Design rule attributes from the driving cell will be
        set on the port. (UID-401)
Warning: Design rule attributes from the driving cell will be
        set on the port. (UID-401)
Warning: Design rule attributes from the driving cell will be
        set on the port. (UID-401)
Warning: Design rule attributes from the driving cell will be
        set on the port. (UID-401)
Warning: Design rule attributes from the driving cell will be
        set on the port. (UID-401)
Warning: Design rule attributes from the driving cell will be
        set on the port. (UID-401)
Warning: Design rule attributes from the driving cell will be
        set on the port. (UID-401)
Warning: Design rule attributes from the driving cell will be
        set on the port. (UID-401)
Warning: Design rule attributes from the driving cell will be
        set on the port. (UID-401)
Warning: Design rule attributes from the driving cell will be
        set on the port. (UID-401)
Warning: Design rule attributes from the driving cell will be
        set on the port. (UID-401)
Warning: Design rule attributes from the driving cell will be
        set on the port. (UID-401)
Warning: Design rule attributes from the driving cell will be
        set on the port. (UID-401)
Warning: Design rule attributes from the driving cell will be
        set on the port. (UID-401)
Warning: Design rule attributes from the driving cell will be
        set on the port. (UID-401)
Warning: Design rule attributes from the driving cell will be
        set on the port. (UID-401)
Warning: Design rule attributes from the driving cell will be
        set on the port. (UID-401)
Warning: Design rule attributes from the driving cell will be
        set on the port. (UID-401)
Warning: Design rule attributes from the driving cell will be
        set on the port. (UID-401)
Warning: Design rule attributes from the driving cell will be
        set on the port. (UID-401)
Warning: Design rule attributes from the driving cell will be
        set on the port. (UID-401)
Warning: Design rule attributes from the driving cell will be
        set on the port. (UID-401)
Warning: Design rule attributes from the driving cell will be
        set on the port. (UID-401)
Warning: Design rule attributes from the driving cell will be
        set on the port. (UID-401)
Warning: Design rule attributes from the driving cell will be
        set on the port. (UID-401)
Warning: Design rule attributes from the driving cell will be
        set on the port. (UID-401)
Warning: Design rule attributes from the driving cell will be
        set on the port. (UID-401)
Warning: Design rule attributes from the driving cell will be
        set on the port. (UID-401)
Warning: Design rule attributes from the driving cell will be
        set on the port. (UID-401)
Warning: Design rule attributes from the driving cell will be
        set on the port. (UID-401)
Warning: Design rule attributes from the driving cell will be
        set on the port. (UID-401)
Warning: Design rule attributes from the driving cell will be
        set on the port. (UID-401)
Warning: Design rule attributes from the driving cell will be
        set on the port. (UID-401)
Warning: Design rule attributes from the driving cell will be
        set on the port. (UID-401)
Warning: Design rule attributes from the driving cell will be
        set on the port. (UID-401)
Warning: Design rule attributes from the driving cell will be
        set on the port. (UID-401)
Warning: Design rule attributes from the driving cell will be
        set on the port. (UID-401)
Warning: Design rule attributes from the driving cell will be
        set on the port. (UID-401)
Warning: Design rule attributes from the driving cell will be
        set on the port. (UID-401)
Warning: Design rule attributes from the driving cell will be
        set on the port. (UID-401)
Warning: Design rule attributes from the driving cell will be
        set on the port. (UID-401)
Warning: Design rule attributes from the driving cell will be
        set on the port. (UID-401)
Warning: Design rule attributes from the driving cell will be
        set on the port. (UID-401)
Warning: Design rule attributes from the driving cell will be
        set on the port. (UID-401)
Warning: Design rule attributes from the driving cell will be
        set on the port. (UID-401)
Warning: Design rule attributes from the driving cell will be
        set on the port. (UID-401)
Warning: Design rule attributes from the driving cell will be
        set on the port. (UID-401)
Warning: Design rule attributes from the driving cell will be
        set on the port. (UID-401)
Warning: Design rule attributes from the driving cell will be
        set on the port. (UID-401)
Warning: Design rule attributes from the driving cell will be
        set on the port. (UID-401)
Warning: Design rule attributes from the driving cell will be
        set on the port. (UID-401)
Warning: Design rule attributes from the driving cell will be
        set on the port. (UID-401)
Warning: Design rule attributes from the driving cell will be
        set on the port. (UID-401)
Warning: Design rule attributes from the driving cell will be
        set on the port. (UID-401)
Warning: Design rule attributes from the driving cell will be
        set on the port. (UID-401)
Warning: Design rule attributes from the driving cell will be
        set on the port. (UID-401)
Warning: Design rule attributes from the driving cell will be
        set on the port. (UID-401)
Warning: Design rule attributes from the driving cell will be
        set on the port. (UID-401)
Warning: Design rule attributes from the driving cell will be
        set on the port. (UID-401)
Warning: Design rule attributes from the driving cell will be
        set on the port. (UID-401)
Warning: Design rule attributes from the driving cell will be
        set on the port. (UID-401)
Warning: Design rule attributes from the driving cell will be
        set on the port. (UID-401)
Warning: Design rule attributes from the driving cell will be
        set on the port. (UID-401)
Warning: Design rule attributes from the driving cell will be
        set on the port. (UID-401)
Warning: Design rule attributes from the driving cell will be
        set on the port. (UID-401)
Warning: Design rule attributes from the driving cell will be
        set on the port. (UID-401)
Warning: Design rule attributes from the driving cell will be
        set on the port. (UID-401)
Warning: Design rule attributes from the driving cell will be
        set on the port. (UID-401)
Warning: Design rule attributes from the driving cell will be
        set on the port. (UID-401)
Warning: Design rule attributes from the driving cell will be
        set on the port. (UID-401)
Warning: Design rule attributes from the driving cell will be
        set on the port. (UID-401)
Warning: Design rule attributes from the driving cell will be
        set on the port. (UID-401)
Warning: Design rule attributes from the driving cell will be
        set on the port. (UID-401)
Warning: Design rule attributes from the driving cell will be
        set on the port. (UID-401)
Warning: Design rule attributes from the driving cell will be
        set on the port. (UID-401)
Warning: Design rule attributes from the driving cell will be
        set on the port. (UID-401)
Warning: Design rule attributes from the driving cell will be
        set on the port. (UID-401)
Warning: Design rule attributes from the driving cell will be
        set on the port. (UID-401)
Warning: Design rule attributes from the driving cell will be
        set on the port. (UID-401)
Warning: Design rule attributes from the driving cell will be
        set on the port. (UID-401)
Warning: Design rule attributes from the driving cell will be
        set on the port. (UID-401)
Warning: Design rule attributes from the driving cell will be
        set on the port. (UID-401)
Warning: Design rule attributes from the driving cell will be
        set on the port. (UID-401)
Warning: Design rule attributes from the driving cell will be
        set on the port. (UID-401)
Warning: Design rule attributes from the driving cell will be
        set on the port. (UID-401)
Warning: Design rule attributes from the driving cell will be
        set on the port. (UID-401)
Warning: Design rule attributes from the driving cell will be
        set on the port. (UID-401)
Warning: Design rule attributes from the driving cell will be
        set on the port. (UID-401)
Warning: Design rule attributes from the driving cell will be
        set on the port. (UID-401)
Warning: Design rule attributes from the driving cell will be
        set on the port. (UID-401)
Warning: Design rule attributes from the driving cell will be
        set on the port. (UID-401)
Warning: Design rule attributes from the driving cell will be
        set on the port. (UID-401)
Warning: Design rule attributes from the driving cell will be
        set on the port. (UID-401)
Warning: Design rule attributes from the driving cell will be
        set on the port. (UID-401)
Warning: Design rule attributes from the driving cell will be
        set on the port. (UID-401)
Warning: Design rule attributes from the driving cell will be
        set on the port. (UID-401)
Warning: Design rule attributes from the driving cell will be
        set on the port. (UID-401)
Warning: Design rule attributes from the driving cell will be
        set on the port. (UID-401)
Warning: Design rule attributes from the driving cell will be
        set on the port. (UID-401)
Warning: Design rule attributes from the driving cell will be
        set on the port. (UID-401)
Warning: Design rule attributes from the driving cell will be
        set on the port. (UID-401)
Warning: Design rule attributes from the driving cell will be
        set on the port. (UID-401)
Warning: Design rule attributes from the driving cell will be
        set on the port. (UID-401)
Warning: Design rule attributes from the driving cell will be
        set on the port. (UID-401)
Warning: Design rule attributes from the driving cell will be
        set on the port. (UID-401)
Warning: Design rule attributes from the driving cell will be
        set on the port. (UID-401)
Warning: Design rule attributes from the driving cell will be
        set on the port. (UID-401)
Warning: Design rule attributes from the driving cell will be
        set on the port. (UID-401)
Warning: Design rule attributes from the driving cell will be
        set on the port. (UID-401)
Warning: Design rule attributes from the driving cell will be
        set on the port. (UID-401)
Warning: Design rule attributes from the driving cell will be
        set on the port. (UID-401)
Warning: Design rule attributes from the driving cell will be
        set on the port. (UID-401)
Warning: Design rule attributes from the driving cell will be
        set on the port. (UID-401)
Warning: Design rule attributes from the driving cell will be
        set on the port. (UID-401)
Warning: Design rule attributes from the driving cell will be
        set on the port. (UID-401)
Warning: Design rule attributes from the driving cell will be
        set on the port. (UID-401)
Warning: Design rule attributes from the driving cell will be
        set on the port. (UID-401)
Warning: Design rule attributes from the driving cell will be
        set on the port. (UID-401)
Warning: Design rule attributes from the driving cell will be
        set on the port. (UID-401)
Warning: Design rule attributes from the driving cell will be
        set on the port. (UID-401)
Warning: Design rule attributes from the driving cell will be
        set on the port. (UID-401)
Warning: Design rule attributes from the driving cell will be
        set on the port. (UID-401)
Warning: Design rule attributes from the driving cell will be
        set on the port. (UID-401)
Warning: Design rule attributes from the driving cell will be
        set on the port. (UID-401)
Warning: Design rule attributes from the driving cell will be
        set on the port. (UID-401)
Warning: Design rule attributes from the driving cell will be
        set on the port. (UID-401)
Warning: Design rule attributes from the driving cell will be
        set on the port. (UID-401)
Warning: Design rule attributes from the driving cell will be
        set on the port. (UID-401)
Warning: Design rule attributes from the driving cell will be
        set on the port. (UID-401)
Warning: Design rule attributes from the driving cell will be
        set on the port. (UID-401)
Warning: Design rule attributes from the driving cell will be
        set on the port. (UID-401)
Warning: Design rule attributes from the driving cell will be
        set on the port. (UID-401)
Warning: Design rule attributes from the driving cell will be
        set on the port. (UID-401)
Warning: Design rule attributes from the driving cell will be
        set on the port. (UID-401)
Warning: Design rule attributes from the driving cell will be
        set on the port. (UID-401)
Warning: Design rule attributes from the driving cell will be
        set on the port. (UID-401)
Warning: Design rule attributes from the driving cell will be
        set on the port. (UID-401)
Warning: Design rule attributes from the driving cell will be
        set on the port. (UID-401)
Warning: Design rule attributes from the driving cell will be
        set on the port. (UID-401)
Warning: Design rule attributes from the driving cell will be
        set on the port. (UID-401)
Warning: Design rule attributes from the driving cell will be
        set on the port. (UID-401)
Warning: Design rule attributes from the driving cell will be
        set on the port. (UID-401)
Warning: Design rule attributes from the driving cell will be
        set on the port. (UID-401)
Warning: Design rule attributes from the driving cell will be
        set on the port. (UID-401)
Warning: Design rule attributes from the driving cell will be
        set on the port. (UID-401)
Warning: Design rule attributes from the driving cell will be
        set on the port. (UID-401)
Warning: Design rule attributes from the driving cell will be
        set on the port. (UID-401)
Warning: Design rule attributes from the driving cell will be
        set on the port. (UID-401)
Warning: Design rule attributes from the driving cell will be
        set on the port. (UID-401)
Warning: Design rule attributes from the driving cell will be
        set on the port. (UID-401)
Warning: Design rule attributes from the driving cell will be
        set on the port. (UID-401)
Warning: Design rule attributes from the driving cell will be
        set on the port. (UID-401)
Warning: Design rule attributes from the driving cell will be
        set on the port. (UID-401)
Warning: Design rule attributes from the driving cell will be
        set on the port. (UID-401)
Warning: Design rule attributes from the driving cell will be
        set on the port. (UID-401)
Warning: Design rule attributes from the driving cell will be
        set on the port. (UID-401)
Warning: Design rule attributes from the driving cell will be
        set on the port. (UID-401)
Warning: Design rule attributes from the driving cell will be
        set on the port. (UID-401)
Warning: Design rule attributes from the driving cell will be
        set on the port. (UID-401)
Warning: Design rule attributes from the driving cell will be
        set on the port. (UID-401)
Warning: Design rule attributes from the driving cell will be
        set on the port. (UID-401)
Warning: Design rule attributes from the driving cell will be
        set on the port. (UID-401)
Warning: Design rule attributes from the driving cell will be
        set on the port. (UID-401)
Warning: Design rule attributes from the driving cell will be
        set on the port. (UID-401)
Warning: Design rule attributes from the driving cell will be
        set on the port. (UID-401)
Warning: Design rule attributes from the driving cell will be
        set on the port. (UID-401)
Warning: Design rule attributes from the driving cell will be
        set on the port. (UID-401)
Warning: Design rule attributes from the driving cell will be
        set on the port. (UID-401)
Warning: Design rule attributes from the driving cell will be
        set on the port. (UID-401)
Warning: Design rule attributes from the driving cell will be
        set on the port. (UID-401)
Warning: Design rule attributes from the driving cell will be
        set on the port. (UID-401)
Warning: Design rule attributes from the driving cell will be
        set on the port. (UID-401)
Warning: Design rule attributes from the driving cell will be
        set on the port. (UID-401)
Warning: Design 'fullchip' has '1' unresolved references. For more detailed information, use the "link" command. (UID-341)
Current design is 'fullchip'.
Current design is 'transceiver'.
Current design is 'async_fifo_depth16_bw24'.
Current design is 'fifo_mux_16_1_bw24_simd1'.
Current design is 'sync_bw5'.
Current design is 'ctrl_tx'.
Current design is 'ctrl_rx'.
Current design is 'fifo_mux_8_1_bw24_simd1'.
Current design is 'fifo_mux_2_1_bw24_simd1'.
Current design is 'fullchip'.
Information: Building the design 'core'. (HDL-193)
Warning: Cannot find the design 'core' in the library 'WORK'. (LBR-1)
Warning: Unable to resolve reference 'core' in 'fullchip'. (LINK-5)
Information: Performing power optimization. (PWR-850)
Analyzing: "/home/linux/ieng6/ECE260B_WI26_A00/public/PDKdata/db/tcbn65gpluswc.db"
Library analysis succeeded.
Loading db file '/software/nonrdist64/dc-2015.06-64/libraries/syn/dw_foundation.sldb'
Warning: DesignWare synthetic library dw_foundation.sldb is added to the synthetic_library in the current command. (UISN-40)
Information: Evaluating DesignWare library utilization. (UISN-27)

============================================================================
| DesignWare Building Block Library  |         Version         | Available |
============================================================================
| Basic DW Building Blocks           | K-2015.06-DWBB_201506.2 |     *     |
| Licensed DW Building Blocks        | K-2015.06-DWBB_201506.2 |     *     |
============================================================================

Information: Sequential output inversion is enabled.  SVF file must be used for formal verification. (OPT-1208)

Information: There are 352 potential problems in your design. Please run 'check_design' for more information. (LINT-99)

Information: Uniquified 2 instances of design 'async_fifo_depth16_bw24'. (OPT-1056)
Information: Uniquified 2 instances of design 'fifo_mux_16_1_bw24_simd1'. (OPT-1056)
Information: Uniquified 4 instances of design 'sync_bw5'. (OPT-1056)
Information: Uniquified 2 instances of design 'ctrl_tx'. (OPT-1056)
Information: Uniquified 2 instances of design 'ctrl_rx'. (OPT-1056)
Information: Uniquified 4 instances of design 'fifo_mux_8_1_bw24_simd1'. (OPT-1056)
Information: Uniquified 30 instances of design 'fifo_mux_2_1_bw24_simd1'. (OPT-1056)
  Simplifying Design 'fullchip'

Information: Building the design 'core'. (HDL-193)
Warning: Cannot find the design 'core' in the library 'WORK'. (LBR-1)
Warning: Unable to resolve reference 'core' in 'fullchip'. (LINK-5)
Loaded alib file './alib-52/tcbn65gpluswc.db.alib'
Information: State dependent leakage is now switched from on to off.

  Beginning Pass 1 Mapping
  ------------------------
  Processing 'async_fifo_depth16_bw24_0'
  Processing 'async_fifo_depth16_bw24_1'
  Processing 'fullchip'
  Processing 'fifo_mux_16_1_bw24_simd1_0'
  Processing 'fifo_mux_16_1_bw24_simd1_1'
  Processing 'fifo_mux_8_1_bw24_simd1_0'
  Processing 'ctrl_tx_0'
Information: Added key list 'DesignWare' to design 'ctrl_tx_0'. (DDB-72)
 Implement Synthetic for 'ctrl_tx_0'.
  Processing 'ctrl_rx_0'
Information: Added key list 'DesignWare' to design 'ctrl_rx_0'. (DDB-72)
 Implement Synthetic for 'ctrl_rx_0'.
  Processing 'sync_bw5_0'
  Processing 'transceiver'
  Processing 'fifo_mux_2_1_bw24_simd1_28'
Information: Building the design 'core'. (HDL-193)
Warning: Cannot find the design 'core' in the library 'WORK'. (LBR-1)
Warning: Unable to resolve reference 'core' in 'fullchip'. (LINK-5)

  Updating timing information
Information: Updating design information... (UID-85)
Information: The library cell 'TIEL' in the library 'tcbn65gpluswc' is not characterized for internal power. (PWR-536)
Information: The library cell 'TIEH' in the library 'tcbn65gpluswc' is not characterized for internal power. (PWR-536)
Information: The target library(s) contains cell(s), other than black boxes, that are not characterized for internal power. (PWR-24)

  Beginning Mapping Optimizations  (Ultra High effort)
  -------------------------------
  Mapping Optimization (Phase 1)

  Beginning Constant Register Removal
  -----------------------------------

  Beginning Global Optimizations
  ------------------------------
  Numerical Synthesis (Phase 1)
  Numerical Synthesis (Phase 2)
  Global Optimization (Phase 1)
  Global Optimization (Phase 2)
  Global Optimization (Phase 3)
  Global Optimization (Phase 4)
  Global Optimization (Phase 5)
  Global Optimization (Phase 6)
  Global Optimization (Phase 7)
  Global Optimization (Phase 8)
  Global Optimization (Phase 9)
  Global Optimization (Phase 10)
  Global Optimization (Phase 11)
  Global Optimization (Phase 12)
  Global Optimization (Phase 13)
  Global Optimization (Phase 14)
  Global Optimization (Phase 15)
  Global Optimization (Phase 16)
  Global Optimization (Phase 17)
  Global Optimization (Phase 18)
  Global Optimization (Phase 19)
  Global Optimization (Phase 20)
  Global Optimization (Phase 21)
  Global Optimization (Phase 22)
  Global Optimization (Phase 23)
  Global Optimization (Phase 24)
  Global Optimization (Phase 25)
  Global Optimization (Phase 26)
  Global Optimization (Phase 27)
  Global Optimization (Phase 28)
  Global Optimization (Phase 29)
  Global Optimization (Phase 30)

  Beginning Isolate Ports
  -----------------------

  Beginning Delay Optimization
  ----------------------------

                                  TOTAL                                                
   ELAPSED            WORST NEG   SETUP    DESIGN                              LEAKAGE 
    TIME      AREA      SLACK     COST    RULE COST         ENDPOINT            POWER  
  --------- --------- --------- --------- --------- ------------------------- ---------
    0:00:10   10941.1      0.00       0.0       3.2                           70665.8984
    0:00:10   10941.1      0.00       0.0       3.2                           70665.8984
    0:00:10   10941.1      0.00       0.0       3.2                           70665.8984
    0:00:12   10662.5      0.00       0.0       4.3                           64732.7109

  Beginning WLM Backend Optimization
  --------------------------------------
    0:00:13   10661.0      0.00       0.0       4.3                           64591.7891
    0:00:14   10661.0      0.00       0.0       4.3                           64433.8633
    0:00:14   10661.0      0.00       0.0       4.3                           64433.8633
    0:00:14   10661.0      0.00       0.0       4.3                           64433.8633
    0:00:14   10661.0      0.00       0.0       4.3                           64433.8633
    0:00:14   10661.0      0.00       0.0       4.3                           64433.8633
    0:00:14   10661.0      0.00       0.0       4.3                           64433.8633
    0:00:14   10661.0      0.00       0.0       4.3                           64433.8633
    0:00:14   10661.0      0.00       0.0       4.3                           64433.8633
    0:00:14   10661.0      0.00       0.0       4.3                           64433.8633
    0:00:14   10661.0      0.00       0.0       4.3                           64433.8633
    0:00:14   10661.0      0.00       0.0       4.3                           64433.8633
    0:00:14   10661.0      0.00       0.0       4.3                           64433.8633
    0:00:14   10661.0      0.00       0.0       4.3                           64433.8633
    0:00:14   10661.0      0.00       0.0       4.3                           64433.8633
    0:00:14   10661.0      0.00       0.0       4.3                           64433.8633
    0:00:14   10661.0      0.00       0.0       4.3                           64433.8633
    0:00:14   10661.0      0.00       0.0       4.3                           64433.8633
    0:00:14   10661.0      0.00       0.0       4.3                           64433.8633
    0:00:14   10661.0      0.00       0.0       4.3                           64433.8633


  Beginning Design Rule Fixing  (max_transition)  (max_capacitance)
  ----------------------------

                                  TOTAL                                                
   ELAPSED            WORST NEG   SETUP    DESIGN                              LEAKAGE 
    TIME      AREA      SLACK     COST    RULE COST         ENDPOINT            POWER  
  --------- --------- --------- --------- --------- ------------------------- ---------
    0:00:14   10661.0      0.00       0.0       4.3                           64433.8633
  Global Optimization (Phase 31)
  Global Optimization (Phase 32)
  Global Optimization (Phase 33)
    0:00:14   10697.8      0.00       0.0       0.0                           64961.9688
    0:00:14   10697.8      0.00       0.0       0.0                           64961.9688


  Beginning Leakage Power Optimization  (max_leakage_power 0)
  ------------------------------------

                                  TOTAL                                                
   ELAPSED            WORST NEG   SETUP    DESIGN                              LEAKAGE 
    TIME      AREA      SLACK     COST    RULE COST         ENDPOINT            POWER  
  --------- --------- --------- --------- --------- ------------------------- ---------
    0:00:14   10697.8      0.00       0.0       0.0                           64961.9688
  Global Optimization (Phase 34)
  Global Optimization (Phase 35)
  Global Optimization (Phase 36)
  Global Optimization (Phase 37)
  Global Optimization (Phase 38)
  Global Optimization (Phase 39)
  Global Optimization (Phase 40)
  Global Optimization (Phase 41)
  Global Optimization (Phase 42)
  Global Optimization (Phase 43)
  Global Optimization (Phase 44)
    0:00:14   10697.8      0.00       0.0       0.0                           64373.2930
    0:00:14   10697.8      0.00       0.0       0.0                           64373.2930
    0:00:14   10697.8      0.00       0.0       0.0                           64373.2930
    0:00:15   10697.8      0.00       0.0       0.0                           64373.2930
    0:00:15   10697.8      0.00       0.0       0.0                           64373.2930
    0:00:15   10697.8      0.00       0.0       0.0                           64373.2930
    0:00:15   10697.8      0.00       0.0       0.0                           64373.2930
    0:00:15   10697.8      0.00       0.0       0.0                           64373.2930
    0:00:15   10697.8      0.00       0.0       0.0                           64373.2930
    0:00:15   10697.8      0.00       0.0       0.0                           64373.2930
    0:00:15   10697.8      0.00       0.0       0.0                           64373.2930
    0:00:15   10697.8      0.00       0.0       0.0                           64373.2930
    0:00:15   10697.8      0.00       0.0       0.0                           64373.2930
    0:00:15   10697.8      0.00       0.0       0.0                           64373.2930
    0:00:15   10697.8      0.00       0.0       0.0                           64373.2930
    0:00:15   10697.8      0.00       0.0       0.0                           64373.2930
    0:00:15   10697.8      0.00       0.0       0.0                           64373.2930
    0:00:15   10697.8      0.00       0.0       0.0                           64373.2930
    0:00:15   10697.8      0.00       0.0       0.0                           64373.2930
    0:00:15   10697.8      0.00       0.0       0.0                           64373.2930
    0:00:15   10697.8      0.00       0.0       0.0                           64373.2930
    0:00:15   10697.8      0.00       0.0       0.0                           64373.2930

                                  TOTAL                                                
   ELAPSED            WORST NEG   SETUP    DESIGN                              LEAKAGE 
    TIME      AREA      SLACK     COST    RULE COST         ENDPOINT            POWER  
  --------- --------- --------- --------- --------- ------------------------- ---------
    0:00:15   10697.8      0.00       0.0       0.0                           64373.2930
    0:00:15   10697.8      0.00       0.0       0.0                           64219.1094
    0:00:15   10697.8      0.00       0.0       0.0                           64219.1094
    0:00:15   10697.8      0.00       0.0       0.0                           64219.1094
    0:00:15   10697.8      0.00       0.0       0.0                           64219.1094
    0:00:16   10697.8      0.00       0.0       0.0                           64219.1094
    0:00:16   10697.8      0.00       0.0       0.0                           64219.1094
    0:00:16   10697.8      0.00       0.0       0.0                           64219.1094
    0:00:16   10697.8      0.00       0.0       0.0                           64219.1094
    0:00:16   10693.4      0.00       0.0       0.0                           64155.2930
Loading db file '/home/linux/ieng6/ECE260B_WI26_A00/public/PDKdata/db/tcbn65gpluswc.db'


Note: Symbol # after min delay cost means estimated hold TNS across all active scenarios 


  Optimization Complete
  ---------------------
Information: Building the design 'core'. (HDL-193)
Warning: Cannot find the design 'core' in the library 'WORK'. (LBR-1)
Warning: Unable to resolve reference 'core' in 'fullchip'. (LINK-5)
Information: State dependent leakage is now switched from off to on.
Information: Propagating switching activity (low effort zero delay simulation). (PWR-6)
Warning: Design has unannotated black box outputs. (PWR-428)
Current design is 'fullchip'.
Information: Building the design 'core'. (HDL-193)
Warning: Cannot find the design 'core' in the library 'WORK'. (LBR-1)
Warning: Unable to resolve reference 'core' in 'fullchip'. (LINK-5)
Warning: Design 'fullchip' has '1' unresolved references. For more detailed information, use the "link" command. (UID-341)
Writing verilog file '/home/linux/ieng6/oce/7f/jil547/Desktop/step4/step4_syn/hier_syn/syn_fullchip/fullchip.out.v'.
Warning: Design 'fullchip' has '1' unresolved references. For more detailed information, use the "link" command. (UID-341)
run.scr completed successfully
dc_shell> exit

Thank you...

