xrun: 20.09-s017: (c) Copyright 1995-2021 Cadence Design Systems, Inc.
TOOL:	xrun	20.09-s017: Started on Mar 19, 2026 at 06:20:25 PDT
xrun
	+v2k
	+xmtimescale+1ns/1ps
	+xmoveride_timescale
	-access +rwc
	+notimingchecks
	-xminitialize 0
	/home/linux/ieng6/ECE260B_WI26_A00/public/PDKdata/verilog/tcbn65gplus.v
	core.out.v
	../../netlists/sfp_row.v
	../../netlists/fifo_mux_2_1.v
	../../netlists/fifo_mux_8_1.v
	../../netlists/fifo_mux_16_1.v
	../../netlists/fifo_depth16.v
	../../netlists/ofifo.v
	../../netlists/sram_w16.v
	../../netlists/sram_2ports.v
	core_syn_tb.v
	-top core_syn_tb
	-l run_core_gate.log

   User defined plus("+") options:
	+v2k
	+xmoveride_timescale

file: /home/linux/ieng6/ECE260B_WI26_A00/public/PDKdata/verilog/tcbn65gplus.v
	module worklib.AN2D0:v
		errors: 0, warnings: 0
	module worklib.AN2D1:v
		errors: 0, warnings: 0
	module worklib.AN2D2:v
		errors: 0, warnings: 0
	module worklib.AN2D4:v
		errors: 0, warnings: 0
	module worklib.AN2D8:v
		errors: 0, warnings: 0
	module worklib.AN2XD1:v
		errors: 0, warnings: 0
	module worklib.AN3D0:v
		errors: 0, warnings: 0
	module worklib.AN3D1:v
		errors: 0, warnings: 0
	module worklib.AN3D2:v
		errors: 0, warnings: 0
	module worklib.AN3D4:v
		errors: 0, warnings: 0
	module worklib.AN3D8:v
		errors: 0, warnings: 0
	module worklib.AN3XD1:v
		errors: 0, warnings: 0
	module worklib.AN4D0:v
		errors: 0, warnings: 0
	module worklib.AN4D1:v
		errors: 0, warnings: 0
	module worklib.AN4D2:v
		errors: 0, warnings: 0
	module worklib.AN4D4:v
		errors: 0, warnings: 0
	module worklib.AN4D8:v
		errors: 0, warnings: 0
	module worklib.AN4XD1:v
		errors: 0, warnings: 0
	module worklib.ANTENNA:v
		errors: 0, warnings: 0
	module worklib.AO211D0:v
		errors: 0, warnings: 0
	module worklib.AO211D1:v
		errors: 0, warnings: 0
	module worklib.AO211D2:v
		errors: 0, warnings: 0
	module worklib.AO211D4:v
		errors: 0, warnings: 0
	module worklib.AO21D0:v
		errors: 0, warnings: 0
	module worklib.AO21D1:v
		errors: 0, warnings: 0
	module worklib.AO21D2:v
		errors: 0, warnings: 0
	module worklib.AO21D4:v
		errors: 0, warnings: 0
	module worklib.AO221D0:v
		errors: 0, warnings: 0
	module worklib.AO221D1:v
		errors: 0, warnings: 0
	module worklib.AO221D2:v
		errors: 0, warnings: 0
	module worklib.AO221D4:v
		errors: 0, warnings: 0
	module worklib.AO222D0:v
		errors: 0, warnings: 0
	module worklib.AO222D1:v
		errors: 0, warnings: 0
	module worklib.AO222D2:v
		errors: 0, warnings: 0
	module worklib.AO222D4:v
		errors: 0, warnings: 0
	module worklib.AO22D0:v
		errors: 0, warnings: 0
	module worklib.AO22D1:v
		errors: 0, warnings: 0
	module worklib.AO22D2:v
		errors: 0, warnings: 0
	module worklib.AO22D4:v
		errors: 0, warnings: 0
	module worklib.AO31D0:v
		errors: 0, warnings: 0
	module worklib.AO31D1:v
		errors: 0, warnings: 0
	module worklib.AO31D2:v
		errors: 0, warnings: 0
	module worklib.AO31D4:v
		errors: 0, warnings: 0
	module worklib.AO32D0:v
		errors: 0, warnings: 0
	module worklib.AO32D1:v
		errors: 0, warnings: 0
	module worklib.AO32D2:v
		errors: 0, warnings: 0
	module worklib.AO32D4:v
		errors: 0, warnings: 0
	module worklib.AO33D0:v
		errors: 0, warnings: 0
	module worklib.AO33D1:v
		errors: 0, warnings: 0
	module worklib.AO33D2:v
		errors: 0, warnings: 0
	module worklib.AO33D4:v
		errors: 0, warnings: 0
	module worklib.AOI211D0:v
		errors: 0, warnings: 0
	module worklib.AOI211D1:v
		errors: 0, warnings: 0
	module worklib.AOI211D2:v
		errors: 0, warnings: 0
	module worklib.AOI211D4:v
		errors: 0, warnings: 0
	module worklib.AOI211XD0:v
		errors: 0, warnings: 0
	module worklib.AOI211XD1:v
		errors: 0, warnings: 0
	module worklib.AOI211XD2:v
		errors: 0, warnings: 0
	module worklib.AOI211XD4:v
		errors: 0, warnings: 0
	module worklib.AOI21D0:v
		errors: 0, warnings: 0
	module worklib.AOI21D1:v
		errors: 0, warnings: 0
	module worklib.AOI21D2:v
		errors: 0, warnings: 0
	module worklib.AOI21D4:v
		errors: 0, warnings: 0
	module worklib.AOI221D0:v
		errors: 0, warnings: 0
	module worklib.AOI221D1:v
		errors: 0, warnings: 0
	module worklib.AOI221D2:v
		errors: 0, warnings: 0
	module worklib.AOI221D4:v
		errors: 0, warnings: 0
	module worklib.AOI221XD4:v
		errors: 0, warnings: 0
	module worklib.AOI222D0:v
		errors: 0, warnings: 0
	module worklib.AOI222D1:v
		errors: 0, warnings: 0
	module worklib.AOI222D2:v
		errors: 0, warnings: 0
	module worklib.AOI222D4:v
		errors: 0, warnings: 0
	module worklib.AOI222XD4:v
		errors: 0, warnings: 0
	module worklib.AOI22D0:v
		errors: 0, warnings: 0
	module worklib.AOI22D1:v
		errors: 0, warnings: 0
	module worklib.AOI22D2:v
		errors: 0, warnings: 0
	module worklib.AOI22D4:v
		errors: 0, warnings: 0
	module worklib.AOI31D0:v
		errors: 0, warnings: 0
	module worklib.AOI31D1:v
		errors: 0, warnings: 0
	module worklib.AOI31D2:v
		errors: 0, warnings: 0
	module worklib.AOI31D4:v
		errors: 0, warnings: 0
	module worklib.AOI32D0:v
		errors: 0, warnings: 0
	module worklib.AOI32D1:v
		errors: 0, warnings: 0
	module worklib.AOI32D2:v
		errors: 0, warnings: 0
	module worklib.AOI32D4:v
		errors: 0, warnings: 0
	module worklib.AOI32XD4:v
		errors: 0, warnings: 0
	module worklib.AOI33D0:v
		errors: 0, warnings: 0
	module worklib.AOI33D1:v
		errors: 0, warnings: 0
	module worklib.AOI33D2:v
		errors: 0, warnings: 0
	module worklib.AOI33D4:v
		errors: 0, warnings: 0
	module worklib.AOI33XD4:v
		errors: 0, warnings: 0
	module worklib.BENCD1:v
		errors: 0, warnings: 0
	module worklib.BENCD2:v
		errors: 0, warnings: 0
	module worklib.BENCD4:v
		errors: 0, warnings: 0
	module worklib.BHD:v
		errors: 0, warnings: 0
	module worklib.BMLD1:v
		errors: 0, warnings: 0
	module worklib.BMLD2:v
		errors: 0, warnings: 0
	module worklib.BMLD4:v
		errors: 0, warnings: 0
	module worklib.BUFFD0:v
		errors: 0, warnings: 0
	module worklib.BUFFD1:v
		errors: 0, warnings: 0
	module worklib.BUFFD12:v
		errors: 0, warnings: 0
	module worklib.BUFFD16:v
		errors: 0, warnings: 0
	module worklib.BUFFD2:v
		errors: 0, warnings: 0
	module worklib.BUFFD20:v
		errors: 0, warnings: 0
	module worklib.BUFFD24:v
		errors: 0, warnings: 0
	module worklib.BUFFD3:v
		errors: 0, warnings: 0
	module worklib.BUFFD4:v
		errors: 0, warnings: 0
	module worklib.BUFFD6:v
		errors: 0, warnings: 0
	module worklib.BUFFD8:v
		errors: 0, warnings: 0
	module worklib.BUFTD0:v
		errors: 0, warnings: 0
	module worklib.BUFTD1:v
		errors: 0, warnings: 0
	module worklib.BUFTD12:v
		errors: 0, warnings: 0
	module worklib.BUFTD16:v
		errors: 0, warnings: 0
	module worklib.BUFTD2:v
		errors: 0, warnings: 0
	module worklib.BUFTD20:v
		errors: 0, warnings: 0
	module worklib.BUFTD24:v
		errors: 0, warnings: 0
	module worklib.BUFTD3:v
		errors: 0, warnings: 0
	module worklib.BUFTD4:v
		errors: 0, warnings: 0
	module worklib.BUFTD6:v
		errors: 0, warnings: 0
	module worklib.BUFTD8:v
		errors: 0, warnings: 0
	module worklib.CKAN2D0:v
		errors: 0, warnings: 0
	module worklib.CKAN2D1:v
		errors: 0, warnings: 0
	module worklib.CKAN2D2:v
		errors: 0, warnings: 0
	module worklib.CKAN2D4:v
		errors: 0, warnings: 0
	module worklib.CKAN2D8:v
		errors: 0, warnings: 0
	module worklib.CKBD0:v
		errors: 0, warnings: 0
	module worklib.CKBD1:v
		errors: 0, warnings: 0
	module worklib.CKBD12:v
		errors: 0, warnings: 0
	module worklib.CKBD16:v
		errors: 0, warnings: 0
	module worklib.CKBD2:v
		errors: 0, warnings: 0
	module worklib.CKBD20:v
		errors: 0, warnings: 0
	module worklib.CKBD24:v
		errors: 0, warnings: 0
	module worklib.CKBD3:v
		errors: 0, warnings: 0
	module worklib.CKBD4:v
		errors: 0, warnings: 0
	module worklib.CKBD6:v
		errors: 0, warnings: 0
	module worklib.CKBD8:v
		errors: 0, warnings: 0
	module worklib.CKLHQD1:v
		errors: 0, warnings: 0
	module worklib.CKLHQD12:v
		errors: 0, warnings: 0
	module worklib.CKLHQD16:v
		errors: 0, warnings: 0
	module worklib.CKLHQD2:v
		errors: 0, warnings: 0
	module worklib.CKLHQD20:v
		errors: 0, warnings: 0
	module worklib.CKLHQD24:v
		errors: 0, warnings: 0
	module worklib.CKLHQD3:v
		errors: 0, warnings: 0
	module worklib.CKLHQD4:v
		errors: 0, warnings: 0
	module worklib.CKLHQD6:v
		errors: 0, warnings: 0
	module worklib.CKLHQD8:v
		errors: 0, warnings: 0
	module worklib.CKLNQD1:v
		errors: 0, warnings: 0
	module worklib.CKLNQD12:v
		errors: 0, warnings: 0
	module worklib.CKLNQD16:v
		errors: 0, warnings: 0
	module worklib.CKLNQD2:v
		errors: 0, warnings: 0
	module worklib.CKLNQD20:v
		errors: 0, warnings: 0
	module worklib.CKLNQD24:v
		errors: 0, warnings: 0
	module worklib.CKLNQD3:v
		errors: 0, warnings: 0
	module worklib.CKLNQD4:v
		errors: 0, warnings: 0
	module worklib.CKLNQD6:v
		errors: 0, warnings: 0
	module worklib.CKLNQD8:v
		errors: 0, warnings: 0
	module worklib.CKMUX2D0:v
		errors: 0, warnings: 0
	module worklib.CKMUX2D1:v
		errors: 0, warnings: 0
	module worklib.CKMUX2D2:v
		errors: 0, warnings: 0
	module worklib.CKMUX2D4:v
		errors: 0, warnings: 0
	module worklib.CKND0:v
		errors: 0, warnings: 0
	module worklib.CKND1:v
		errors: 0, warnings: 0
	module worklib.CKND12:v
		errors: 0, warnings: 0
	module worklib.CKND16:v
		errors: 0, warnings: 0
	module worklib.CKND2:v
		errors: 0, warnings: 0
	module worklib.CKND20:v
		errors: 0, warnings: 0
	module worklib.CKND24:v
		errors: 0, warnings: 0
	module worklib.CKND2D0:v
		errors: 0, warnings: 0
	module worklib.CKND2D1:v
		errors: 0, warnings: 0
	module worklib.CKND2D2:v
		errors: 0, warnings: 0
	module worklib.CKND2D3:v
		errors: 0, warnings: 0
	module worklib.CKND2D4:v
		errors: 0, warnings: 0
	module worklib.CKND2D8:v
		errors: 0, warnings: 0
	module worklib.CKND3:v
		errors: 0, warnings: 0
	module worklib.CKND4:v
		errors: 0, warnings: 0
	module worklib.CKND6:v
		errors: 0, warnings: 0
	module worklib.CKND8:v
		errors: 0, warnings: 0
	module worklib.CKXOR2D0:v
		errors: 0, warnings: 0
	module worklib.CKXOR2D1:v
		errors: 0, warnings: 0
	module worklib.CKXOR2D2:v
		errors: 0, warnings: 0
	module worklib.CKXOR2D4:v
		errors: 0, warnings: 0
	module worklib.CMPE42D1:v
		errors: 0, warnings: 0
	module worklib.CMPE42D2:v
		errors: 0, warnings: 0
	module worklib.DCAP:v
		errors: 0, warnings: 0
	module worklib.DCAP16:v
		errors: 0, warnings: 0
	module worklib.DCAP32:v
		errors: 0, warnings: 0
	module worklib.DCAP4:v
		errors: 0, warnings: 0
	module worklib.DCAP64:v
		errors: 0, warnings: 0
	module worklib.DCAP8:v
		errors: 0, warnings: 0
	module worklib.DEL0:v
		errors: 0, warnings: 0
	module worklib.DEL005:v
		errors: 0, warnings: 0
	module worklib.DEL01:v
		errors: 0, warnings: 0
	module worklib.DEL015:v
		errors: 0, warnings: 0
	module worklib.DEL02:v
		errors: 0, warnings: 0
	module worklib.DEL1:v
		errors: 0, warnings: 0
	module worklib.DEL2:v
		errors: 0, warnings: 0
	module worklib.DEL3:v
		errors: 0, warnings: 0
	module worklib.DEL4:v
		errors: 0, warnings: 0
	module worklib.DFCND1:v
		errors: 0, warnings: 0
	module worklib.DFCND2:v
		errors: 0, warnings: 0
	module worklib.DFCND4:v
		errors: 0, warnings: 0
	module worklib.DFCNQD1:v
		errors: 0, warnings: 0
	module worklib.DFCNQD2:v
		errors: 0, warnings: 0
	module worklib.DFCNQD4:v
		errors: 0, warnings: 0
	module worklib.DFCSND1:v
		errors: 0, warnings: 0
	module worklib.DFCSND2:v
		errors: 0, warnings: 0
	module worklib.DFCSND4:v
		errors: 0, warnings: 0
	module worklib.DFCSNQD1:v
		errors: 0, warnings: 0
	module worklib.DFCSNQD2:v
		errors: 0, warnings: 0
	module worklib.DFCSNQD4:v
		errors: 0, warnings: 0
	module worklib.DFD1:v
		errors: 0, warnings: 0
	module worklib.DFD2:v
		errors: 0, warnings: 0
	module worklib.DFD4:v
		errors: 0, warnings: 0
	module worklib.DFKCND1:v
		errors: 0, warnings: 0
	module worklib.DFKCND2:v
		errors: 0, warnings: 0
	module worklib.DFKCND4:v
		errors: 0, warnings: 0
	module worklib.DFKCNQD1:v
		errors: 0, warnings: 0
	module worklib.DFKCNQD2:v
		errors: 0, warnings: 0
	module worklib.DFKCNQD4:v
		errors: 0, warnings: 0
	module worklib.DFKCSND1:v
		errors: 0, warnings: 0
	module worklib.DFKCSND2:v
		errors: 0, warnings: 0
	module worklib.DFKCSND4:v
		errors: 0, warnings: 0
	module worklib.DFKSND1:v
		errors: 0, warnings: 0
	module worklib.DFKSND2:v
		errors: 0, warnings: 0
	module worklib.DFKSND4:v
		errors: 0, warnings: 0
	module worklib.DFNCND1:v
		errors: 0, warnings: 0
	module worklib.DFNCND2:v
		errors: 0, warnings: 0
	module worklib.DFNCND4:v
		errors: 0, warnings: 0
	module worklib.DFNCSND1:v
		errors: 0, warnings: 0
	module worklib.DFNCSND2:v
		errors: 0, warnings: 0
	module worklib.DFNCSND4:v
		errors: 0, warnings: 0
	module worklib.DFND1:v
		errors: 0, warnings: 0
	module worklib.DFND2:v
		errors: 0, warnings: 0
	module worklib.DFND4:v
		errors: 0, warnings: 0
	module worklib.DFNSND1:v
		errors: 0, warnings: 0
	module worklib.DFNSND2:v
		errors: 0, warnings: 0
	module worklib.DFNSND4:v
		errors: 0, warnings: 0
	module worklib.DFQD1:v
		errors: 0, warnings: 0
	module worklib.DFQD2:v
		errors: 0, warnings: 0
	module worklib.DFQD4:v
		errors: 0, warnings: 0
	module worklib.DFSND1:v
		errors: 0, warnings: 0
	module worklib.DFSND2:v
		errors: 0, warnings: 0
	module worklib.DFSND4:v
		errors: 0, warnings: 0
	module worklib.DFSNQD1:v
		errors: 0, warnings: 0
	module worklib.DFSNQD2:v
		errors: 0, warnings: 0
	module worklib.DFSNQD4:v
		errors: 0, warnings: 0
	module worklib.DFXD1:v
		errors: 0, warnings: 0
	module worklib.DFXD2:v
		errors: 0, warnings: 0
	module worklib.DFXD4:v
		errors: 0, warnings: 0
	module worklib.DFXQD1:v
		errors: 0, warnings: 0
	module worklib.DFXQD2:v
		errors: 0, warnings: 0
	module worklib.DFXQD4:v
		errors: 0, warnings: 0
	module worklib.EDFCND1:v
		errors: 0, warnings: 0
	module worklib.EDFCND2:v
		errors: 0, warnings: 0
	module worklib.EDFCND4:v
		errors: 0, warnings: 0
	module worklib.EDFCNQD1:v
		errors: 0, warnings: 0
	module worklib.EDFCNQD2:v
		errors: 0, warnings: 0
	module worklib.EDFCNQD4:v
		errors: 0, warnings: 0
	module worklib.EDFD1:v
		errors: 0, warnings: 0
	module worklib.EDFD2:v
		errors: 0, warnings: 0
	module worklib.EDFD4:v
		errors: 0, warnings: 0
	module worklib.EDFKCND1:v
		errors: 0, warnings: 0
	module worklib.EDFKCND2:v
		errors: 0, warnings: 0
	module worklib.EDFKCND4:v
		errors: 0, warnings: 0
	module worklib.EDFKCNQD1:v
		errors: 0, warnings: 0
	module worklib.EDFKCNQD2:v
		errors: 0, warnings: 0
	module worklib.EDFKCNQD4:v
		errors: 0, warnings: 0
	module worklib.EDFQD1:v
		errors: 0, warnings: 0
	module worklib.EDFQD2:v
		errors: 0, warnings: 0
	module worklib.EDFQD4:v
		errors: 0, warnings: 0
	module worklib.FA1D0:v
		errors: 0, warnings: 0
	module worklib.FA1D1:v
		errors: 0, warnings: 0
	module worklib.FA1D2:v
		errors: 0, warnings: 0
	module worklib.FA1D4:v
		errors: 0, warnings: 0
	module worklib.FCICIND1:v
		errors: 0, warnings: 0
	module worklib.FCICIND2:v
		errors: 0, warnings: 0
	module worklib.FCICOND1:v
		errors: 0, warnings: 0
	module worklib.FCICOND2:v
		errors: 0, warnings: 0
	module worklib.FCSICIND1:v
		errors: 0, warnings: 0
	module worklib.FCSICIND2:v
		errors: 0, warnings: 0
	module worklib.FCSICOND1:v
		errors: 0, warnings: 0
	module worklib.FCSICOND2:v
		errors: 0, warnings: 0
	module worklib.FICIND1:v
		errors: 0, warnings: 0
	module worklib.FICIND2:v
		errors: 0, warnings: 0
	module worklib.FICOND1:v
		errors: 0, warnings: 0
	module worklib.FICOND2:v
		errors: 0, warnings: 0
	module worklib.FIICOND1:v
		errors: 0, warnings: 0
	module worklib.FIICOND2:v
		errors: 0, warnings: 0
	module worklib.GAN2D1:v
		errors: 0, warnings: 0
	module worklib.GAN2D2:v
		errors: 0, warnings: 0
	module worklib.GAOI21D1:v
		errors: 0, warnings: 0
	module worklib.GAOI21D2:v
		errors: 0, warnings: 0
	module worklib.GAOI22D1:v
		errors: 0, warnings: 0
	module worklib.GBUFFD1:v
		errors: 0, warnings: 0
	module worklib.GBUFFD2:v
		errors: 0, warnings: 0
	module worklib.GBUFFD3:v
		errors: 0, warnings: 0
	module worklib.GBUFFD4:v
		errors: 0, warnings: 0
	module worklib.GBUFFD8:v
		errors: 0, warnings: 0
	module worklib.GDCAP:v
		errors: 0, warnings: 0
	module worklib.GDCAP10:v
		errors: 0, warnings: 0
	module worklib.GDCAP2:v
		errors: 0, warnings: 0
	module worklib.GDCAP3:v
		errors: 0, warnings: 0
	module worklib.GDCAP4:v
		errors: 0, warnings: 0
	module worklib.GDFCNQD1:v
		errors: 0, warnings: 0
	module worklib.GDFQD1:v
		errors: 0, warnings: 0
	module worklib.GINVD1:v
		errors: 0, warnings: 0
	module worklib.GINVD2:v
		errors: 0, warnings: 0
	module worklib.GINVD3:v
		errors: 0, warnings: 0
	module worklib.GINVD4:v
		errors: 0, warnings: 0
	module worklib.GINVD8:v
		errors: 0, warnings: 0
	module worklib.GMUX2D1:v
		errors: 0, warnings: 0
	module worklib.GMUX2D2:v
		errors: 0, warnings: 0
	module worklib.GMUX2ND1:v
		errors: 0, warnings: 0
	module worklib.GMUX2ND2:v
		errors: 0, warnings: 0
	module worklib.GND2D1:v
		errors: 0, warnings: 0
	module worklib.GND2D2:v
		errors: 0, warnings: 0
	module worklib.GND2D3:v
		errors: 0, warnings: 0
	module worklib.GND2D4:v
		errors: 0, warnings: 0
	module worklib.GND3D1:v
		errors: 0, warnings: 0
	module worklib.GND3D2:v
		errors: 0, warnings: 0
	module worklib.GNR2D1:v
		errors: 0, warnings: 0
	module worklib.GNR2D2:v
		errors: 0, warnings: 0
	module worklib.GNR3D1:v
		errors: 0, warnings: 0
	module worklib.GNR3D2:v
		errors: 0, warnings: 0
	module worklib.GOAI21D1:v
		errors: 0, warnings: 0
	module worklib.GOAI21D2:v
		errors: 0, warnings: 0
	module worklib.GOR2D1:v
		errors: 0, warnings: 0
	module worklib.GOR2D2:v
		errors: 0, warnings: 0
	module worklib.GSDFCNQD1:v
		errors: 0, warnings: 0
	module worklib.GTIEH:v
		errors: 0, warnings: 0
	module worklib.GTIEL:v
		errors: 0, warnings: 0
	module worklib.GXNR2D1:v
		errors: 0, warnings: 0
	module worklib.GXNR2D2:v
		errors: 0, warnings: 0
	module worklib.GXOR2D1:v
		errors: 0, warnings: 0
	module worklib.GXOR2D2:v
		errors: 0, warnings: 0
	module worklib.HA1D0:v
		errors: 0, warnings: 0
	module worklib.HA1D1:v
		errors: 0, warnings: 0
	module worklib.HA1D2:v
		errors: 0, warnings: 0
	module worklib.HA1D4:v
		errors: 0, warnings: 0
	module worklib.HCOSCIND1:v
		errors: 0, warnings: 0
	module worklib.HCOSCIND2:v
		errors: 0, warnings: 0
	module worklib.HCOSCOND1:v
		errors: 0, warnings: 0
	module worklib.HCOSCOND2:v
		errors: 0, warnings: 0
	module worklib.HICIND1:v
		errors: 0, warnings: 0
	module worklib.HICIND2:v
		errors: 0, warnings: 0
	module worklib.HICOND1:v
		errors: 0, warnings: 0
	module worklib.HICOND2:v
		errors: 0, warnings: 0
	module worklib.IAO21D0:v
		errors: 0, warnings: 0
	module worklib.IAO21D1:v
		errors: 0, warnings: 0
	module worklib.IAO21D2:v
		errors: 0, warnings: 0
	module worklib.IAO21D4:v
		errors: 0, warnings: 0
	module worklib.IAO22D0:v
		errors: 0, warnings: 0
	module worklib.IAO22D1:v
		errors: 0, warnings: 0
	module worklib.IAO22D2:v
		errors: 0, warnings: 0
	module worklib.IAO22D4:v
		errors: 0, warnings: 0
	module worklib.IIND4D0:v
		errors: 0, warnings: 0
	module worklib.IIND4D1:v
		errors: 0, warnings: 0
	module worklib.IIND4D2:v
		errors: 0, warnings: 0
	module worklib.IIND4D4:v
		errors: 0, warnings: 0
	module worklib.IINR4D0:v
		errors: 0, warnings: 0
	module worklib.IINR4D1:v
		errors: 0, warnings: 0
	module worklib.IINR4D2:v
		errors: 0, warnings: 0
	module worklib.IINR4D4:v
		errors: 0, warnings: 0
	module worklib.IND2D0:v
		errors: 0, warnings: 0
	module worklib.IND2D1:v
		errors: 0, warnings: 0
	module worklib.IND2D2:v
		errors: 0, warnings: 0
	module worklib.IND2D4:v
		errors: 0, warnings: 0
	module worklib.IND3D0:v
		errors: 0, warnings: 0
	module worklib.IND3D1:v
		errors: 0, warnings: 0
	module worklib.IND3D2:v
		errors: 0, warnings: 0
	module worklib.IND3D4:v
		errors: 0, warnings: 0
	module worklib.IND4D0:v
		errors: 0, warnings: 0
	module worklib.IND4D1:v
		errors: 0, warnings: 0
	module worklib.IND4D2:v
		errors: 0, warnings: 0
	module worklib.IND4D4:v
		errors: 0, warnings: 0
	module worklib.INR2D0:v
		errors: 0, warnings: 0
	module worklib.INR2D1:v
		errors: 0, warnings: 0
	module worklib.INR2D2:v
		errors: 0, warnings: 0
	module worklib.INR2D4:v
		errors: 0, warnings: 0
	module worklib.INR2XD0:v
		errors: 0, warnings: 0
	module worklib.INR2XD1:v
		errors: 0, warnings: 0
	module worklib.INR2XD2:v
		errors: 0, warnings: 0
	module worklib.INR2XD4:v
		errors: 0, warnings: 0
	module worklib.INR3D0:v
		errors: 0, warnings: 0
	module worklib.INR3D1:v
		errors: 0, warnings: 0
	module worklib.INR3D2:v
		errors: 0, warnings: 0
	module worklib.INR3D4:v
		errors: 0, warnings: 0
	module worklib.INR4D0:v
		errors: 0, warnings: 0
	module worklib.INR4D1:v
		errors: 0, warnings: 0
	module worklib.INR4D2:v
		errors: 0, warnings: 0
	module worklib.INR4D4:v
		errors: 0, warnings: 0
	module worklib.INVD0:v
		errors: 0, warnings: 0
	module worklib.INVD1:v
		errors: 0, warnings: 0
	module worklib.INVD12:v
		errors: 0, warnings: 0
	module worklib.INVD16:v
		errors: 0, warnings: 0
	module worklib.INVD2:v
		errors: 0, warnings: 0
	module worklib.INVD20:v
		errors: 0, warnings: 0
	module worklib.INVD24:v
		errors: 0, warnings: 0
	module worklib.INVD3:v
		errors: 0, warnings: 0
	module worklib.INVD4:v
		errors: 0, warnings: 0
	module worklib.INVD6:v
		errors: 0, warnings: 0
	module worklib.INVD8:v
		errors: 0, warnings: 0
	module worklib.IOA21D0:v
		errors: 0, warnings: 0
	module worklib.IOA21D1:v
		errors: 0, warnings: 0
	module worklib.IOA21D2:v
		errors: 0, warnings: 0
	module worklib.IOA21D4:v
		errors: 0, warnings: 0
	module worklib.IOA22D0:v
		errors: 0, warnings: 0
	module worklib.IOA22D1:v
		errors: 0, warnings: 0
	module worklib.IOA22D2:v
		errors: 0, warnings: 0
	module worklib.IOA22D4:v
		errors: 0, warnings: 0
	module worklib.ISOHID1:v
		errors: 0, warnings: 0
	module worklib.ISOHID2:v
		errors: 0, warnings: 0
	module worklib.ISOHID4:v
		errors: 0, warnings: 0
	module worklib.ISOHID8:v
		errors: 0, warnings: 0
	module worklib.ISOLOD1:v
		errors: 0, warnings: 0
	module worklib.ISOLOD2:v
		errors: 0, warnings: 0
	module worklib.ISOLOD4:v
		errors: 0, warnings: 0
	module worklib.ISOLOD8:v
		errors: 0, warnings: 0
	module worklib.LHCND1:v
		errors: 0, warnings: 0
	module worklib.LHCND2:v
		errors: 0, warnings: 0
	module worklib.LHCND4:v
		errors: 0, warnings: 0
	module worklib.LHCNDD1:v
		errors: 0, warnings: 0
	module worklib.LHCNDD2:v
		errors: 0, warnings: 0
	module worklib.LHCNDD4:v
		errors: 0, warnings: 0
	module worklib.LHCNDQD1:v
		errors: 0, warnings: 0
	module worklib.LHCNDQD2:v
		errors: 0, warnings: 0
	module worklib.LHCNDQD4:v
		errors: 0, warnings: 0
	module worklib.LHCNQD1:v
		errors: 0, warnings: 0
	module worklib.LHCNQD2:v
		errors: 0, warnings: 0
	module worklib.LHCNQD4:v
		errors: 0, warnings: 0
	module worklib.LHCSND1:v
		errors: 0, warnings: 0
	module worklib.LHCSND2:v
		errors: 0, warnings: 0
	module worklib.LHCSND4:v
		errors: 0, warnings: 0
	module worklib.LHCSNDD1:v
		errors: 0, warnings: 0
	module worklib.LHCSNDD2:v
		errors: 0, warnings: 0
	module worklib.LHCSNDD4:v
		errors: 0, warnings: 0
	module worklib.LHCSNDQD1:v
		errors: 0, warnings: 0
	module worklib.LHCSNDQD2:v
		errors: 0, warnings: 0
	module worklib.LHCSNDQD4:v
		errors: 0, warnings: 0
	module worklib.LHCSNQD1:v
		errors: 0, warnings: 0
	module worklib.LHCSNQD2:v
		errors: 0, warnings: 0
	module worklib.LHCSNQD4:v
		errors: 0, warnings: 0
	module worklib.LHD1:v
		errors: 0, warnings: 0
	module worklib.LHD2:v
		errors: 0, warnings: 0
	module worklib.LHD4:v
		errors: 0, warnings: 0
	module worklib.LHQD1:v
		errors: 0, warnings: 0
	module worklib.LHQD2:v
		errors: 0, warnings: 0
	module worklib.LHQD4:v
		errors: 0, warnings: 0
	module worklib.LHSND1:v
		errors: 0, warnings: 0
	module worklib.LHSND2:v
		errors: 0, warnings: 0
	module worklib.LHSND4:v
		errors: 0, warnings: 0
	module worklib.LHSNDD1:v
		errors: 0, warnings: 0
	module worklib.LHSNDD2:v
		errors: 0, warnings: 0
	module worklib.LHSNDD4:v
		errors: 0, warnings: 0
	module worklib.LHSNDQD1:v
		errors: 0, warnings: 0
	module worklib.LHSNDQD2:v
		errors: 0, warnings: 0
	module worklib.LHSNDQD4:v
		errors: 0, warnings: 0
	module worklib.LHSNQD1:v
		errors: 0, warnings: 0
	module worklib.LHSNQD2:v
		errors: 0, warnings: 0
	module worklib.LHSNQD4:v
		errors: 0, warnings: 0
	module worklib.LNCND1:v
		errors: 0, warnings: 0
	module worklib.LNCND2:v
		errors: 0, warnings: 0
	module worklib.LNCND4:v
		errors: 0, warnings: 0
	module worklib.LNCNDD1:v
		errors: 0, warnings: 0
	module worklib.LNCNDD2:v
		errors: 0, warnings: 0
	module worklib.LNCNDD4:v
		errors: 0, warnings: 0
	module worklib.LNCNDQD1:v
		errors: 0, warnings: 0
	module worklib.LNCNDQD2:v
		errors: 0, warnings: 0
	module worklib.LNCNDQD4:v
		errors: 0, warnings: 0
	module worklib.LNCNQD1:v
		errors: 0, warnings: 0
	module worklib.LNCNQD2:v
		errors: 0, warnings: 0
	module worklib.LNCNQD4:v
		errors: 0, warnings: 0
	module worklib.LNCSND1:v
		errors: 0, warnings: 0
	module worklib.LNCSND2:v
		errors: 0, warnings: 0
	module worklib.LNCSND4:v
		errors: 0, warnings: 0
	module worklib.LNCSNDD1:v
		errors: 0, warnings: 0
	module worklib.LNCSNDD2:v
		errors: 0, warnings: 0
	module worklib.LNCSNDD4:v
		errors: 0, warnings: 0
	module worklib.LNCSNDQD1:v
		errors: 0, warnings: 0
	module worklib.LNCSNDQD2:v
		errors: 0, warnings: 0
	module worklib.LNCSNDQD4:v
		errors: 0, warnings: 0
	module worklib.LNCSNQD1:v
		errors: 0, warnings: 0
	module worklib.LNCSNQD2:v
		errors: 0, warnings: 0
	module worklib.LNCSNQD4:v
		errors: 0, warnings: 0
	module worklib.LND1:v
		errors: 0, warnings: 0
	module worklib.LND2:v
		errors: 0, warnings: 0
	module worklib.LND4:v
		errors: 0, warnings: 0
	module worklib.LNQD1:v
		errors: 0, warnings: 0
	module worklib.LNQD2:v
		errors: 0, warnings: 0
	module worklib.LNQD4:v
		errors: 0, warnings: 0
	module worklib.LNSND1:v
		errors: 0, warnings: 0
	module worklib.LNSND2:v
		errors: 0, warnings: 0
	module worklib.LNSND4:v
		errors: 0, warnings: 0
	module worklib.LNSNDD1:v
		errors: 0, warnings: 0
	module worklib.LNSNDD2:v
		errors: 0, warnings: 0
	module worklib.LNSNDD4:v
		errors: 0, warnings: 0
	module worklib.LNSNDQD1:v
		errors: 0, warnings: 0
	module worklib.LNSNDQD2:v
		errors: 0, warnings: 0
	module worklib.LNSNDQD4:v
		errors: 0, warnings: 0
	module worklib.LNSNQD1:v
		errors: 0, warnings: 0
	module worklib.LNSNQD2:v
		errors: 0, warnings: 0
	module worklib.LNSNQD4:v
		errors: 0, warnings: 0
	module worklib.LVLHLD1:v
		errors: 0, warnings: 0
	module worklib.LVLHLD2:v
		errors: 0, warnings: 0
	module worklib.LVLHLD4:v
		errors: 0, warnings: 0
	module worklib.LVLHLD8:v
		errors: 0, warnings: 0
	module worklib.LVLLHCD1:v
		errors: 0, warnings: 0
	module worklib.LVLLHCD2:v
		errors: 0, warnings: 0
	module worklib.LVLLHCD4:v
		errors: 0, warnings: 0
	module worklib.LVLLHCD8:v
		errors: 0, warnings: 0
	module worklib.LVLLHD1:v
		errors: 0, warnings: 0
	module worklib.LVLLHD2:v
		errors: 0, warnings: 0
	module worklib.LVLLHD4:v
		errors: 0, warnings: 0
	module worklib.LVLLHD8:v
		errors: 0, warnings: 0
	module worklib.MAOI222D0:v
		errors: 0, warnings: 0
	module worklib.MAOI222D1:v
		errors: 0, warnings: 0
	module worklib.MAOI222D2:v
		errors: 0, warnings: 0
	module worklib.MAOI222D4:v
		errors: 0, warnings: 0
	module worklib.MAOI22D0:v
		errors: 0, warnings: 0
	module worklib.MAOI22D1:v
		errors: 0, warnings: 0
	module worklib.MAOI22D2:v
		errors: 0, warnings: 0
	module worklib.MAOI22D4:v
		errors: 0, warnings: 0
	module worklib.MOAI22D0:v
		errors: 0, warnings: 0
	module worklib.MOAI22D1:v
		errors: 0, warnings: 0
	module worklib.MOAI22D2:v
		errors: 0, warnings: 0
	module worklib.MOAI22D4:v
		errors: 0, warnings: 0
	module worklib.MUX2D0:v
		errors: 0, warnings: 0
	module worklib.MUX2D1:v
		errors: 0, warnings: 0
	module worklib.MUX2D2:v
		errors: 0, warnings: 0
	module worklib.MUX2D4:v
		errors: 0, warnings: 0
	module worklib.MUX2ND0:v
		errors: 0, warnings: 0
	module worklib.MUX2ND1:v
		errors: 0, warnings: 0
	module worklib.MUX2ND2:v
		errors: 0, warnings: 0
	module worklib.MUX2ND4:v
		errors: 0, warnings: 0
	module worklib.MUX3D0:v
		errors: 0, warnings: 0
	module worklib.MUX3D1:v
		errors: 0, warnings: 0
	module worklib.MUX3D2:v
		errors: 0, warnings: 0
	module worklib.MUX3D4:v
		errors: 0, warnings: 0
	module worklib.MUX3ND0:v
		errors: 0, warnings: 0
	module worklib.MUX3ND1:v
		errors: 0, warnings: 0
	module worklib.MUX3ND2:v
		errors: 0, warnings: 0
	module worklib.MUX3ND4:v
		errors: 0, warnings: 0
	module worklib.MUX4D0:v
		errors: 0, warnings: 0
	module worklib.MUX4D1:v
		errors: 0, warnings: 0
	module worklib.MUX4D2:v
		errors: 0, warnings: 0
	module worklib.MUX4D4:v
		errors: 0, warnings: 0
	module worklib.MUX4ND0:v
		errors: 0, warnings: 0
	module worklib.MUX4ND1:v
		errors: 0, warnings: 0
	module worklib.MUX4ND2:v
		errors: 0, warnings: 0
	module worklib.MUX4ND4:v
		errors: 0, warnings: 0
	module worklib.ND2D0:v
		errors: 0, warnings: 0
	module worklib.ND2D1:v
		errors: 0, warnings: 0
	module worklib.ND2D2:v
		errors: 0, warnings: 0
	module worklib.ND2D3:v
		errors: 0, warnings: 0
	module worklib.ND2D4:v
		errors: 0, warnings: 0
	module worklib.ND2D8:v
		errors: 0, warnings: 0
	module worklib.ND3D0:v
		errors: 0, warnings: 0
	module worklib.ND3D1:v
		errors: 0, warnings: 0
	module worklib.ND3D2:v
		errors: 0, warnings: 0
	module worklib.ND3D3:v
		errors: 0, warnings: 0
	module worklib.ND3D4:v
		errors: 0, warnings: 0
	module worklib.ND3D8:v
		errors: 0, warnings: 0
	module worklib.ND4D0:v
		errors: 0, warnings: 0
	module worklib.ND4D1:v
		errors: 0, warnings: 0
	module worklib.ND4D2:v
		errors: 0, warnings: 0
	module worklib.ND4D3:v
		errors: 0, warnings: 0
	module worklib.ND4D4:v
		errors: 0, warnings: 0
	module worklib.ND4D8:v
		errors: 0, warnings: 0
	module worklib.NR2D0:v
		errors: 0, warnings: 0
	module worklib.NR2D1:v
		errors: 0, warnings: 0
	module worklib.NR2D2:v
		errors: 0, warnings: 0
	module worklib.NR2D3:v
		errors: 0, warnings: 0
	module worklib.NR2D4:v
		errors: 0, warnings: 0
	module worklib.NR2D8:v
		errors: 0, warnings: 0
	module worklib.NR2XD0:v
		errors: 0, warnings: 0
	module worklib.NR2XD1:v
		errors: 0, warnings: 0
	module worklib.NR2XD2:v
		errors: 0, warnings: 0
	module worklib.NR2XD3:v
		errors: 0, warnings: 0
	module worklib.NR2XD4:v
		errors: 0, warnings: 0
	module worklib.NR2XD8:v
		errors: 0, warnings: 0
	module worklib.NR3D0:v
		errors: 0, warnings: 0
	module worklib.NR3D1:v
		errors: 0, warnings: 0
	module worklib.NR3D2:v
		errors: 0, warnings: 0
	module worklib.NR3D3:v
		errors: 0, warnings: 0
	module worklib.NR3D4:v
		errors: 0, warnings: 0
	module worklib.NR3D8:v
		errors: 0, warnings: 0
	module worklib.NR4D0:v
		errors: 0, warnings: 0
	module worklib.NR4D1:v
		errors: 0, warnings: 0
	module worklib.NR4D2:v
		errors: 0, warnings: 0
	module worklib.NR4D3:v
		errors: 0, warnings: 0
	module worklib.NR4D4:v
		errors: 0, warnings: 0
	module worklib.NR4D8:v
		errors: 0, warnings: 0
	module worklib.OA211D0:v
		errors: 0, warnings: 0
	module worklib.OA211D1:v
		errors: 0, warnings: 0
	module worklib.OA211D2:v
		errors: 0, warnings: 0
	module worklib.OA211D4:v
		errors: 0, warnings: 0
	module worklib.OA21D0:v
		errors: 0, warnings: 0
	module worklib.OA21D1:v
		errors: 0, warnings: 0
	module worklib.OA21D2:v
		errors: 0, warnings: 0
	module worklib.OA21D4:v
		errors: 0, warnings: 0
	module worklib.OA221D0:v
		errors: 0, warnings: 0
	module worklib.OA221D1:v
		errors: 0, warnings: 0
	module worklib.OA221D2:v
		errors: 0, warnings: 0
	module worklib.OA221D4:v
		errors: 0, warnings: 0
	module worklib.OA222D0:v
		errors: 0, warnings: 0
	module worklib.OA222D1:v
		errors: 0, warnings: 0
	module worklib.OA222D2:v
		errors: 0, warnings: 0
	module worklib.OA222D4:v
		errors: 0, warnings: 0
	module worklib.OA22D0:v
		errors: 0, warnings: 0
	module worklib.OA22D1:v
		errors: 0, warnings: 0
	module worklib.OA22D2:v
		errors: 0, warnings: 0
	module worklib.OA22D4:v
		errors: 0, warnings: 0
	module worklib.OA31D0:v
		errors: 0, warnings: 0
	module worklib.OA31D1:v
		errors: 0, warnings: 0
	module worklib.OA31D2:v
		errors: 0, warnings: 0
	module worklib.OA31D4:v
		errors: 0, warnings: 0
	module worklib.OA32D0:v
		errors: 0, warnings: 0
	module worklib.OA32D1:v
		errors: 0, warnings: 0
	module worklib.OA32D2:v
		errors: 0, warnings: 0
	module worklib.OA32D4:v
		errors: 0, warnings: 0
	module worklib.OA33D0:v
		errors: 0, warnings: 0
	module worklib.OA33D1:v
		errors: 0, warnings: 0
	module worklib.OA33D2:v
		errors: 0, warnings: 0
	module worklib.OA33D4:v
		errors: 0, warnings: 0
	module worklib.OAI211D0:v
		errors: 0, warnings: 0
	module worklib.OAI211D1:v
		errors: 0, warnings: 0
	module worklib.OAI211D2:v
		errors: 0, warnings: 0
	module worklib.OAI211D4:v
		errors: 0, warnings: 0
	module worklib.OAI21D0:v
		errors: 0, warnings: 0
	module worklib.OAI21D1:v
		errors: 0, warnings: 0
	module worklib.OAI21D2:v
		errors: 0, warnings: 0
	module worklib.OAI21D4:v
		errors: 0, warnings: 0
	module worklib.OAI221D0:v
		errors: 0, warnings: 0
	module worklib.OAI221D1:v
		errors: 0, warnings: 0
	module worklib.OAI221D2:v
		errors: 0, warnings: 0
	module worklib.OAI221D4:v
		errors: 0, warnings: 0
	module worklib.OAI221XD4:v
		errors: 0, warnings: 0
	module worklib.OAI222D0:v
		errors: 0, warnings: 0
	module worklib.OAI222D1:v
		errors: 0, warnings: 0
	module worklib.OAI222D2:v
		errors: 0, warnings: 0
	module worklib.OAI222D4:v
		errors: 0, warnings: 0
	module worklib.OAI222XD4:v
		errors: 0, warnings: 0
	module worklib.OAI22D0:v
		errors: 0, warnings: 0
	module worklib.OAI22D1:v
		errors: 0, warnings: 0
	module worklib.OAI22D2:v
		errors: 0, warnings: 0
	module worklib.OAI22D4:v
		errors: 0, warnings: 0
	module worklib.OAI31D0:v
		errors: 0, warnings: 0
	module worklib.OAI31D1:v
		errors: 0, warnings: 0
	module worklib.OAI31D2:v
		errors: 0, warnings: 0
	module worklib.OAI31D4:v
		errors: 0, warnings: 0
	module worklib.OAI32D0:v
		errors: 0, warnings: 0
	module worklib.OAI32D1:v
		errors: 0, warnings: 0
	module worklib.OAI32D2:v
		errors: 0, warnings: 0
	module worklib.OAI32D4:v
		errors: 0, warnings: 0
	module worklib.OAI32XD4:v
		errors: 0, warnings: 0
	module worklib.OAI33D0:v
		errors: 0, warnings: 0
	module worklib.OAI33D1:v
		errors: 0, warnings: 0
	module worklib.OAI33D2:v
		errors: 0, warnings: 0
	module worklib.OAI33D4:v
		errors: 0, warnings: 0
	module worklib.OAI33XD4:v
		errors: 0, warnings: 0
	module worklib.OD18DCAP16:v
		errors: 0, warnings: 0
	module worklib.OD18DCAP32:v
		errors: 0, warnings: 0
	module worklib.OD18DCAP64:v
		errors: 0, warnings: 0
	module worklib.OR2D0:v
		errors: 0, warnings: 0
	module worklib.OR2D1:v
		errors: 0, warnings: 0
	module worklib.OR2D2:v
		errors: 0, warnings: 0
	module worklib.OR2D4:v
		errors: 0, warnings: 0
	module worklib.OR2D8:v
		errors: 0, warnings: 0
	module worklib.OR2XD1:v
		errors: 0, warnings: 0
	module worklib.OR3D0:v
		errors: 0, warnings: 0
	module worklib.OR3D1:v
		errors: 0, warnings: 0
	module worklib.OR3D2:v
		errors: 0, warnings: 0
	module worklib.OR3D4:v
		errors: 0, warnings: 0
	module worklib.OR3D8:v
		errors: 0, warnings: 0
	module worklib.OR3XD1:v
		errors: 0, warnings: 0
	module worklib.OR4D0:v
		errors: 0, warnings: 0
	module worklib.OR4D1:v
		errors: 0, warnings: 0
	module worklib.OR4D2:v
		errors: 0, warnings: 0
	module worklib.OR4D4:v
		errors: 0, warnings: 0
	module worklib.OR4D8:v
		errors: 0, warnings: 0
	module worklib.OR4XD1:v
		errors: 0, warnings: 0
	module worklib.SDFCND0:v
		errors: 0, warnings: 0
	module worklib.SDFCND1:v
		errors: 0, warnings: 0
	module worklib.SDFCND2:v
		errors: 0, warnings: 0
	module worklib.SDFCND4:v
		errors: 0, warnings: 0
	module worklib.SDFCNQD0:v
		errors: 0, warnings: 0
	module worklib.SDFCNQD1:v
		errors: 0, warnings: 0
	module worklib.SDFCNQD2:v
		errors: 0, warnings: 0
	module worklib.SDFCNQD4:v
		errors: 0, warnings: 0
	module worklib.SDFCSND0:v
		errors: 0, warnings: 0
	module worklib.SDFCSND1:v
		errors: 0, warnings: 0
	module worklib.SDFCSND2:v
		errors: 0, warnings: 0
	module worklib.SDFCSND4:v
		errors: 0, warnings: 0
	module worklib.SDFCSNQD0:v
		errors: 0, warnings: 0
	module worklib.SDFCSNQD1:v
		errors: 0, warnings: 0
	module worklib.SDFCSNQD2:v
		errors: 0, warnings: 0
	module worklib.SDFCSNQD4:v
		errors: 0, warnings: 0
	module worklib.SDFD0:v
		errors: 0, warnings: 0
	module worklib.SDFD1:v
		errors: 0, warnings: 0
	module worklib.SDFD2:v
		errors: 0, warnings: 0
	module worklib.SDFD4:v
		errors: 0, warnings: 0
	module worklib.SDFKCND0:v
		errors: 0, warnings: 0
	module worklib.SDFKCND1:v
		errors: 0, warnings: 0
	module worklib.SDFKCND2:v
		errors: 0, warnings: 0
	module worklib.SDFKCND4:v
		errors: 0, warnings: 0
	module worklib.SDFKCNQD0:v
		errors: 0, warnings: 0
	module worklib.SDFKCNQD1:v
		errors: 0, warnings: 0
	module worklib.SDFKCNQD2:v
		errors: 0, warnings: 0
	module worklib.SDFKCNQD4:v
		errors: 0, warnings: 0
	module worklib.SDFKCSND0:v
		errors: 0, warnings: 0
	module worklib.SDFKCSND1:v
		errors: 0, warnings: 0
	module worklib.SDFKCSND2:v
		errors: 0, warnings: 0
	module worklib.SDFKCSND4:v
		errors: 0, warnings: 0
	module worklib.SDFKCSNQD0:v
		errors: 0, warnings: 0
	module worklib.SDFKCSNQD1:v
		errors: 0, warnings: 0
	module worklib.SDFKCSNQD2:v
		errors: 0, warnings: 0
	module worklib.SDFKCSNQD4:v
		errors: 0, warnings: 0
	module worklib.SDFKSND0:v
		errors: 0, warnings: 0
	module worklib.SDFKSND1:v
		errors: 0, warnings: 0
	module worklib.SDFKSND2:v
		errors: 0, warnings: 0
	module worklib.SDFKSND4:v
		errors: 0, warnings: 0
	module worklib.SDFKSNQD0:v
		errors: 0, warnings: 0
	module worklib.SDFKSNQD1:v
		errors: 0, warnings: 0
	module worklib.SDFKSNQD2:v
		errors: 0, warnings: 0
	module worklib.SDFKSNQD4:v
		errors: 0, warnings: 0
	module worklib.SDFNCND0:v
		errors: 0, warnings: 0
	module worklib.SDFNCND1:v
		errors: 0, warnings: 0
	module worklib.SDFNCND2:v
		errors: 0, warnings: 0
	module worklib.SDFNCND4:v
		errors: 0, warnings: 0
	module worklib.SDFNCSND0:v
		errors: 0, warnings: 0
	module worklib.SDFNCSND1:v
		errors: 0, warnings: 0
	module worklib.SDFNCSND2:v
		errors: 0, warnings: 0
	module worklib.SDFNCSND4:v
		errors: 0, warnings: 0
	module worklib.SDFND0:v
		errors: 0, warnings: 0
	module worklib.SDFND1:v
		errors: 0, warnings: 0
	module worklib.SDFND2:v
		errors: 0, warnings: 0
	module worklib.SDFND4:v
		errors: 0, warnings: 0
	module worklib.SDFNSND0:v
		errors: 0, warnings: 0
	module worklib.SDFNSND1:v
		errors: 0, warnings: 0
	module worklib.SDFNSND2:v
		errors: 0, warnings: 0
	module worklib.SDFNSND4:v
		errors: 0, warnings: 0
	module worklib.SDFQD0:v
		errors: 0, warnings: 0
	module worklib.SDFQD1:v
		errors: 0, warnings: 0
	module worklib.SDFQD2:v
		errors: 0, warnings: 0
	module worklib.SDFQD4:v
		errors: 0, warnings: 0
	module worklib.SDFQND0:v
		errors: 0, warnings: 0
	module worklib.SDFQND1:v
		errors: 0, warnings: 0
	module worklib.SDFQND2:v
		errors: 0, warnings: 0
	module worklib.SDFQND4:v
		errors: 0, warnings: 0
	module worklib.SDFSND0:v
		errors: 0, warnings: 0
	module worklib.SDFSND1:v
		errors: 0, warnings: 0
	module worklib.SDFSND2:v
		errors: 0, warnings: 0
	module worklib.SDFSND4:v
		errors: 0, warnings: 0
	module worklib.SDFSNQD0:v
		errors: 0, warnings: 0
	module worklib.SDFSNQD1:v
		errors: 0, warnings: 0
	module worklib.SDFSNQD2:v
		errors: 0, warnings: 0
	module worklib.SDFSNQD4:v
		errors: 0, warnings: 0
	module worklib.SDFXD0:v
		errors: 0, warnings: 0
	module worklib.SDFXD1:v
		errors: 0, warnings: 0
	module worklib.SDFXD2:v
		errors: 0, warnings: 0
	module worklib.SDFXD4:v
		errors: 0, warnings: 0
	module worklib.SDFXQD0:v
		errors: 0, warnings: 0
	module worklib.SDFXQD1:v
		errors: 0, warnings: 0
	module worklib.SDFXQD2:v
		errors: 0, warnings: 0
	module worklib.SDFXQD4:v
		errors: 0, warnings: 0
	module worklib.SEDFCND0:v
		errors: 0, warnings: 0
	module worklib.SEDFCND1:v
		errors: 0, warnings: 0
	module worklib.SEDFCND2:v
		errors: 0, warnings: 0
	module worklib.SEDFCND4:v
		errors: 0, warnings: 0
	module worklib.SEDFCNQD0:v
		errors: 0, warnings: 0
	module worklib.SEDFCNQD1:v
		errors: 0, warnings: 0
	module worklib.SEDFCNQD2:v
		errors: 0, warnings: 0
	module worklib.SEDFCNQD4:v
		errors: 0, warnings: 0
	module worklib.SEDFD0:v
		errors: 0, warnings: 0
	module worklib.SEDFD1:v
		errors: 0, warnings: 0
	module worklib.SEDFD2:v
		errors: 0, warnings: 0
	module worklib.SEDFD4:v
		errors: 0, warnings: 0
	module worklib.SEDFKCND0:v
		errors: 0, warnings: 0
	module worklib.SEDFKCND1:v
		errors: 0, warnings: 0
	module worklib.SEDFKCND2:v
		errors: 0, warnings: 0
	module worklib.SEDFKCND4:v
		errors: 0, warnings: 0
	module worklib.SEDFKCNQD0:v
		errors: 0, warnings: 0
	module worklib.SEDFKCNQD1:v
		errors: 0, warnings: 0
	module worklib.SEDFKCNQD2:v
		errors: 0, warnings: 0
	module worklib.SEDFKCNQD4:v
		errors: 0, warnings: 0
	module worklib.SEDFQD0:v
		errors: 0, warnings: 0
	module worklib.SEDFQD1:v
		errors: 0, warnings: 0
	module worklib.SEDFQD2:v
		errors: 0, warnings: 0
	module worklib.SEDFQD4:v
		errors: 0, warnings: 0
	module worklib.SEDFQND0:v
		errors: 0, warnings: 0
	module worklib.SEDFQND1:v
		errors: 0, warnings: 0
	module worklib.SEDFQND2:v
		errors: 0, warnings: 0
	module worklib.SEDFQND4:v
		errors: 0, warnings: 0
	module worklib.SEDFQNXD0:v
		errors: 0, warnings: 0
	module worklib.SEDFQNXD1:v
		errors: 0, warnings: 0
	module worklib.SEDFQNXD2:v
		errors: 0, warnings: 0
	module worklib.SEDFQNXD4:v
		errors: 0, warnings: 0
	module worklib.SEDFQXD0:v
		errors: 0, warnings: 0
	module worklib.SEDFQXD1:v
		errors: 0, warnings: 0
	module worklib.SEDFQXD2:v
		errors: 0, warnings: 0
	module worklib.SEDFQXD4:v
		errors: 0, warnings: 0
	module worklib.SEDFXD0:v
		errors: 0, warnings: 0
	module worklib.SEDFXD1:v
		errors: 0, warnings: 0
	module worklib.SEDFXD2:v
		errors: 0, warnings: 0
	module worklib.SEDFXD4:v
		errors: 0, warnings: 0
	module worklib.TIEH:v
		errors: 0, warnings: 0
	module worklib.TIEL:v
		errors: 0, warnings: 0
	module worklib.XNR2D0:v
		errors: 0, warnings: 0
	module worklib.XNR2D1:v
		errors: 0, warnings: 0
	module worklib.XNR2D2:v
		errors: 0, warnings: 0
	module worklib.XNR2D4:v
		errors: 0, warnings: 0
	module worklib.XNR3D0:v
		errors: 0, warnings: 0
	module worklib.XNR3D1:v
		errors: 0, warnings: 0
	module worklib.XNR3D2:v
		errors: 0, warnings: 0
	module worklib.XNR3D4:v
		errors: 0, warnings: 0
	module worklib.XNR4D0:v
		errors: 0, warnings: 0
	module worklib.XNR4D1:v
		errors: 0, warnings: 0
	module worklib.XNR4D2:v
		errors: 0, warnings: 0
	module worklib.XNR4D4:v
		errors: 0, warnings: 0
	module worklib.XOR2D0:v
		errors: 0, warnings: 0
	module worklib.XOR2D1:v
		errors: 0, warnings: 0
	module worklib.XOR2D2:v
		errors: 0, warnings: 0
	module worklib.XOR2D4:v
		errors: 0, warnings: 0
	module worklib.XOR3D0:v
		errors: 0, warnings: 0
	module worklib.XOR3D1:v
		errors: 0, warnings: 0
	module worklib.XOR3D2:v
		errors: 0, warnings: 0
	module worklib.XOR3D4:v
		errors: 0, warnings: 0
	module worklib.XOR4D0:v
		errors: 0, warnings: 0
	module worklib.XOR4D1:v
		errors: 0, warnings: 0
	module worklib.XOR4D2:v
		errors: 0, warnings: 0
	module worklib.XOR4D4:v
		errors: 0, warnings: 0
	primitive worklib.tsmc_DLSFQ:v
		errors: 0, warnings: 0
	primitive worklib.tsmc_mux:v
		errors: 0, warnings: 0
	primitive worklib.tsmc_xbuf:v
		errors: 0, warnings: 0
	primitive worklib.tsmc_dla:v
		errors: 0, warnings: 0
file: core.out.v
	module worklib.mac_16in_bw8_bw_psum20_pr16_7:v
		errors: 0, warnings: 0
	module worklib.mac_col_bw8_bw_psum20_pr16_col_id1:v
		errors: 0, warnings: 0
	module worklib.mac_16in_bw8_bw_psum20_pr16_6:v
		errors: 0, warnings: 0
	module worklib.mac_col_bw8_bw_psum20_pr16_col_id2:v
		errors: 0, warnings: 0
	module worklib.mac_16in_bw8_bw_psum20_pr16_5:v
		errors: 0, warnings: 0
	module worklib.mac_col_bw8_bw_psum20_pr16_col_id3:v
		errors: 0, warnings: 0
	module worklib.mac_16in_bw8_bw_psum20_pr16_4:v
		errors: 0, warnings: 0
	module worklib.mac_col_bw8_bw_psum20_pr16_col_id4:v
		errors: 0, warnings: 0
	module worklib.mac_16in_bw8_bw_psum20_pr16_3:v
		errors: 0, warnings: 0
	module worklib.mac_col_bw8_bw_psum20_pr16_col_id5:v
		errors: 0, warnings: 0
	module worklib.mac_16in_bw8_bw_psum20_pr16_2:v
		errors: 0, warnings: 0
	module worklib.mac_col_bw8_bw_psum20_pr16_col_id6:v
		errors: 0, warnings: 0
	module worklib.mac_16in_bw8_bw_psum20_pr16_1:v
		errors: 0, warnings: 0
	module worklib.mac_col_bw8_bw_psum20_pr16_col_id7:v
		errors: 0, warnings: 0
	module worklib.mac_16in_bw8_bw_psum20_pr16_0:v
		errors: 0, warnings: 0
	module worklib.mac_col_bw8_bw_psum20_pr16_col_id8:v
		errors: 0, warnings: 0
	module worklib.mac_array_col8_bw8_bw_psum20_pr16:v
		errors: 0, warnings: 0
	module worklib.fifo_mux_2_1_bw20_simd1_105:v
		errors: 0, warnings: 0
	module worklib.fifo_mux_2_1_bw20_simd1_106:v
		errors: 0, warnings: 0
	module worklib.fifo_mux_2_1_bw20_simd1_107:v
		errors: 0, warnings: 0
	module worklib.fifo_mux_2_1_bw20_simd1_108:v
		errors: 0, warnings: 0
	module worklib.fifo_mux_2_1_bw20_simd1_109:v
		errors: 0, warnings: 0
	module worklib.fifo_mux_2_1_bw20_simd1_110:v
		errors: 0, warnings: 0
	module worklib.fifo_mux_2_1_bw20_simd1_111:v
		errors: 0, warnings: 0
	module worklib.fifo_mux_8_1_bw20_simd1_15:v
		errors: 0, warnings: 0
	module worklib.fifo_mux_2_1_bw20_simd1_119:v
		errors: 0, warnings: 0
	module worklib.fifo_mux_2_1_bw20_simd1_98:v
		errors: 0, warnings: 0
	module worklib.fifo_mux_2_1_bw20_simd1_99:v
		errors: 0, warnings: 0
	module worklib.fifo_mux_2_1_bw20_simd1_100:v
		errors: 0, warnings: 0
	module worklib.fifo_mux_2_1_bw20_simd1_101:v
		errors: 0, warnings: 0
	module worklib.fifo_mux_2_1_bw20_simd1_102:v
		errors: 0, warnings: 0
	module worklib.fifo_mux_2_1_bw20_simd1_103:v
		errors: 0, warnings: 0
	module worklib.fifo_mux_2_1_bw20_simd1_104:v
		errors: 0, warnings: 0
	module worklib.fifo_mux_8_1_bw20_simd1_14:v
		errors: 0, warnings: 0
	module worklib.fifo_mux_16_1_bw20_simd1_7:v
		errors: 0, warnings: 0
	module worklib.fifo_depth16_bw20_simd1_7:v
		errors: 0, warnings: 0
	module worklib.fifo_mux_2_1_bw20_simd1_84:v
		errors: 0, warnings: 0
	module worklib.fifo_mux_2_1_bw20_simd1_85:v
		errors: 0, warnings: 0
	module worklib.fifo_mux_2_1_bw20_simd1_86:v
		errors: 0, warnings: 0
	module worklib.fifo_mux_2_1_bw20_simd1_87:v
		errors: 0, warnings: 0
	module worklib.fifo_mux_2_1_bw20_simd1_88:v
		errors: 0, warnings: 0
	module worklib.fifo_mux_2_1_bw20_simd1_89:v
		errors: 0, warnings: 0
	module worklib.fifo_mux_2_1_bw20_simd1_90:v
		errors: 0, warnings: 0
	module worklib.fifo_mux_8_1_bw20_simd1_12:v
		errors: 0, warnings: 0
	module worklib.fifo_mux_2_1_bw20_simd1_91:v
		errors: 0, warnings: 0
	module worklib.fifo_mux_2_1_bw20_simd1_92:v
		errors: 0, warnings: 0
	module worklib.fifo_mux_2_1_bw20_simd1_93:v
		errors: 0, warnings: 0
	module worklib.fifo_mux_2_1_bw20_simd1_94:v
		errors: 0, warnings: 0
	module worklib.fifo_mux_2_1_bw20_simd1_95:v
		errors: 0, warnings: 0
	module worklib.fifo_mux_2_1_bw20_simd1_96:v
		errors: 0, warnings: 0
	module worklib.fifo_mux_2_1_bw20_simd1_97:v
		errors: 0, warnings: 0
	module worklib.fifo_mux_8_1_bw20_simd1_13:v
		errors: 0, warnings: 0
	module worklib.fifo_mux_2_1_bw20_simd1_118:v
		errors: 0, warnings: 0
	module worklib.fifo_mux_16_1_bw20_simd1_6:v
		errors: 0, warnings: 0
	module worklib.fifo_depth16_bw20_simd1_6:v
		errors: 0, warnings: 0
	module worklib.fifo_mux_2_1_bw20_simd1_0:v
		errors: 0, warnings: 0
	module worklib.fifo_mux_2_1_bw20_simd1_1:v
		errors: 0, warnings: 0
	module worklib.fifo_mux_2_1_bw20_simd1_2:v
		errors: 0, warnings: 0
	module worklib.fifo_mux_2_1_bw20_simd1_3:v
		errors: 0, warnings: 0
	module worklib.fifo_mux_2_1_bw20_simd1_4:v
		errors: 0, warnings: 0
	module worklib.fifo_mux_2_1_bw20_simd1_5:v
		errors: 0, warnings: 0
	module worklib.fifo_mux_2_1_bw20_simd1_6:v
		errors: 0, warnings: 0
	module worklib.fifo_mux_8_1_bw20_simd1_0:v
		errors: 0, warnings: 0
	module worklib.fifo_mux_2_1_bw20_simd1_7:v
		errors: 0, warnings: 0
	module worklib.fifo_mux_2_1_bw20_simd1_8:v
		errors: 0, warnings: 0
	module worklib.fifo_mux_2_1_bw20_simd1_9:v
		errors: 0, warnings: 0
	module worklib.fifo_mux_2_1_bw20_simd1_10:v
		errors: 0, warnings: 0
	module worklib.fifo_mux_2_1_bw20_simd1_11:v
		errors: 0, warnings: 0
	module worklib.fifo_mux_2_1_bw20_simd1_12:v
		errors: 0, warnings: 0
	module worklib.fifo_mux_2_1_bw20_simd1_13:v
		errors: 0, warnings: 0
	module worklib.fifo_mux_8_1_bw20_simd1_1:v
		errors: 0, warnings: 0
	module worklib.fifo_mux_2_1_bw20_simd1_112:v
		errors: 0, warnings: 0
	module worklib.fifo_mux_16_1_bw20_simd1_0:v
		errors: 0, warnings: 0
	module worklib.fifo_depth16_bw20_simd1_0:v
		errors: 0, warnings: 0
	module worklib.fifo_mux_2_1_bw20_simd1_14:v
		errors: 0, warnings: 0
	module worklib.fifo_mux_2_1_bw20_simd1_15:v
		errors: 0, warnings: 0
	module worklib.fifo_mux_2_1_bw20_simd1_16:v
		errors: 0, warnings: 0
	module worklib.fifo_mux_2_1_bw20_simd1_17:v
		errors: 0, warnings: 0
	module worklib.fifo_mux_2_1_bw20_simd1_18:v
		errors: 0, warnings: 0
	module worklib.fifo_mux_2_1_bw20_simd1_19:v
		errors: 0, warnings: 0
	module worklib.fifo_mux_2_1_bw20_simd1_20:v
		errors: 0, warnings: 0
	module worklib.fifo_mux_8_1_bw20_simd1_2:v
		errors: 0, warnings: 0
	module worklib.fifo_mux_2_1_bw20_simd1_21:v
		errors: 0, warnings: 0
	module worklib.fifo_mux_2_1_bw20_simd1_22:v
		errors: 0, warnings: 0
	module worklib.fifo_mux_2_1_bw20_simd1_23:v
		errors: 0, warnings: 0
	module worklib.fifo_mux_2_1_bw20_simd1_24:v
		errors: 0, warnings: 0
	module worklib.fifo_mux_2_1_bw20_simd1_25:v
		errors: 0, warnings: 0
	module worklib.fifo_mux_2_1_bw20_simd1_26:v
		errors: 0, warnings: 0
	module worklib.fifo_mux_2_1_bw20_simd1_27:v
		errors: 0, warnings: 0
	module worklib.fifo_mux_8_1_bw20_simd1_3:v
		errors: 0, warnings: 0
	module worklib.fifo_mux_2_1_bw20_simd1_113:v
		errors: 0, warnings: 0
	module worklib.fifo_mux_16_1_bw20_simd1_1:v
		errors: 0, warnings: 0
	module worklib.fifo_depth16_bw20_simd1_1:v
		errors: 0, warnings: 0
	module worklib.fifo_mux_2_1_bw20_simd1_28:v
		errors: 0, warnings: 0
	module worklib.fifo_mux_2_1_bw20_simd1_29:v
		errors: 0, warnings: 0
	module worklib.fifo_mux_2_1_bw20_simd1_30:v
		errors: 0, warnings: 0
	module worklib.fifo_mux_2_1_bw20_simd1_31:v
		errors: 0, warnings: 0
	module worklib.fifo_mux_2_1_bw20_simd1_32:v
		errors: 0, warnings: 0
	module worklib.fifo_mux_2_1_bw20_simd1_33:v
		errors: 0, warnings: 0
	module worklib.fifo_mux_2_1_bw20_simd1_34:v
		errors: 0, warnings: 0
	module worklib.fifo_mux_8_1_bw20_simd1_4:v
		errors: 0, warnings: 0
	module worklib.fifo_mux_2_1_bw20_simd1_35:v
		errors: 0, warnings: 0
	module worklib.fifo_mux_2_1_bw20_simd1_36:v
		errors: 0, warnings: 0
	module worklib.fifo_mux_2_1_bw20_simd1_37:v
		errors: 0, warnings: 0
	module worklib.fifo_mux_2_1_bw20_simd1_38:v
		errors: 0, warnings: 0
	module worklib.fifo_mux_2_1_bw20_simd1_39:v
		errors: 0, warnings: 0
	module worklib.fifo_mux_2_1_bw20_simd1_40:v
		errors: 0, warnings: 0
	module worklib.fifo_mux_2_1_bw20_simd1_41:v
		errors: 0, warnings: 0
	module worklib.fifo_mux_8_1_bw20_simd1_5:v
		errors: 0, warnings: 0
	module worklib.fifo_mux_2_1_bw20_simd1_114:v
		errors: 0, warnings: 0
	module worklib.fifo_mux_16_1_bw20_simd1_2:v
		errors: 0, warnings: 0
	module worklib.fifo_depth16_bw20_simd1_2:v
		errors: 0, warnings: 0
	module worklib.fifo_mux_2_1_bw20_simd1_42:v
		errors: 0, warnings: 0
	module worklib.fifo_mux_2_1_bw20_simd1_43:v
		errors: 0, warnings: 0
	module worklib.fifo_mux_2_1_bw20_simd1_44:v
		errors: 0, warnings: 0
	module worklib.fifo_mux_2_1_bw20_simd1_45:v
		errors: 0, warnings: 0
	module worklib.fifo_mux_2_1_bw20_simd1_46:v
		errors: 0, warnings: 0
	module worklib.fifo_mux_2_1_bw20_simd1_47:v
		errors: 0, warnings: 0
	module worklib.fifo_mux_2_1_bw20_simd1_48:v
		errors: 0, warnings: 0
	module worklib.fifo_mux_8_1_bw20_simd1_6:v
		errors: 0, warnings: 0
	module worklib.fifo_mux_2_1_bw20_simd1_49:v
		errors: 0, warnings: 0
	module worklib.fifo_mux_2_1_bw20_simd1_50:v
		errors: 0, warnings: 0
	module worklib.fifo_mux_2_1_bw20_simd1_51:v
		errors: 0, warnings: 0
	module worklib.fifo_mux_2_1_bw20_simd1_52:v
		errors: 0, warnings: 0
	module worklib.fifo_mux_2_1_bw20_simd1_53:v
		errors: 0, warnings: 0
	module worklib.fifo_mux_2_1_bw20_simd1_54:v
		errors: 0, warnings: 0
	module worklib.fifo_mux_2_1_bw20_simd1_55:v
		errors: 0, warnings: 0
	module worklib.fifo_mux_8_1_bw20_simd1_7:v
		errors: 0, warnings: 0
	module worklib.fifo_mux_2_1_bw20_simd1_115:v
		errors: 0, warnings: 0
	module worklib.fifo_mux_16_1_bw20_simd1_3:v
		errors: 0, warnings: 0
	module worklib.fifo_depth16_bw20_simd1_3:v
		errors: 0, warnings: 0
	module worklib.fifo_mux_2_1_bw20_simd1_56:v
		errors: 0, warnings: 0
	module worklib.fifo_mux_2_1_bw20_simd1_57:v
		errors: 0, warnings: 0
	module worklib.fifo_mux_2_1_bw20_simd1_58:v
		errors: 0, warnings: 0
	module worklib.fifo_mux_2_1_bw20_simd1_59:v
		errors: 0, warnings: 0
	module worklib.fifo_mux_2_1_bw20_simd1_60:v
		errors: 0, warnings: 0
	module worklib.fifo_mux_2_1_bw20_simd1_61:v
		errors: 0, warnings: 0
	module worklib.fifo_mux_2_1_bw20_simd1_62:v
		errors: 0, warnings: 0
	module worklib.fifo_mux_8_1_bw20_simd1_8:v
		errors: 0, warnings: 0
	module worklib.fifo_mux_2_1_bw20_simd1_63:v
		errors: 0, warnings: 0
	module worklib.fifo_mux_2_1_bw20_simd1_64:v
		errors: 0, warnings: 0
	module worklib.fifo_mux_2_1_bw20_simd1_65:v
		errors: 0, warnings: 0
	module worklib.fifo_mux_2_1_bw20_simd1_66:v
		errors: 0, warnings: 0
	module worklib.fifo_mux_2_1_bw20_simd1_67:v
		errors: 0, warnings: 0
	module worklib.fifo_mux_2_1_bw20_simd1_68:v
		errors: 0, warnings: 0
	module worklib.fifo_mux_2_1_bw20_simd1_69:v
		errors: 0, warnings: 0
	module worklib.fifo_mux_8_1_bw20_simd1_9:v
		errors: 0, warnings: 0
	module worklib.fifo_mux_2_1_bw20_simd1_116:v
		errors: 0, warnings: 0
	module worklib.fifo_mux_16_1_bw20_simd1_4:v
		errors: 0, warnings: 0
	module worklib.fifo_depth16_bw20_simd1_4:v
		errors: 0, warnings: 0
	module worklib.fifo_mux_2_1_bw20_simd1_70:v
		errors: 0, warnings: 0
	module worklib.fifo_mux_2_1_bw20_simd1_71:v
		errors: 0, warnings: 0
	module worklib.fifo_mux_2_1_bw20_simd1_72:v
		errors: 0, warnings: 0
	module worklib.fifo_mux_2_1_bw20_simd1_73:v
		errors: 0, warnings: 0
	module worklib.fifo_mux_2_1_bw20_simd1_74:v
		errors: 0, warnings: 0
	module worklib.fifo_mux_2_1_bw20_simd1_75:v
		errors: 0, warnings: 0
	module worklib.fifo_mux_2_1_bw20_simd1_76:v
		errors: 0, warnings: 0
	module worklib.fifo_mux_8_1_bw20_simd1_10:v
		errors: 0, warnings: 0
	module worklib.fifo_mux_2_1_bw20_simd1_77:v
		errors: 0, warnings: 0
	module worklib.fifo_mux_2_1_bw20_simd1_78:v
		errors: 0, warnings: 0
	module worklib.fifo_mux_2_1_bw20_simd1_79:v
		errors: 0, warnings: 0
	module worklib.fifo_mux_2_1_bw20_simd1_80:v
		errors: 0, warnings: 0
	module worklib.fifo_mux_2_1_bw20_simd1_81:v
		errors: 0, warnings: 0
	module worklib.fifo_mux_2_1_bw20_simd1_82:v
		errors: 0, warnings: 0
	module worklib.fifo_mux_2_1_bw20_simd1_83:v
		errors: 0, warnings: 0
	module worklib.fifo_mux_8_1_bw20_simd1_11:v
		errors: 0, warnings: 0
	module worklib.fifo_mux_2_1_bw20_simd1_117:v
		errors: 0, warnings: 0
	module worklib.fifo_mux_16_1_bw20_simd1_5:v
		errors: 0, warnings: 0
	module worklib.fifo_depth16_bw20_simd1_5:v
		errors: 0, warnings: 0
	module worklib.ofifo_col8_bw20:v
		errors: 0, warnings: 0
	module worklib.core:v
		errors: 0, warnings: 0
file: ../../netlists/sfp_row.v
	module worklib.sfp_row:v
		errors: 0, warnings: 0
file: ../../netlists/fifo_mux_2_1.v
	module worklib.fifo_mux_2_1:v
		errors: 0, warnings: 0
file: ../../netlists/fifo_mux_8_1.v
	module worklib.fifo_mux_8_1:v
		errors: 0, warnings: 0
file: ../../netlists/fifo_mux_16_1.v
	module worklib.fifo_mux_16_1:v
		errors: 0, warnings: 0
file: ../../netlists/fifo_depth16.v
	module worklib.fifo_depth16:v
		errors: 0, warnings: 0
file: ../../netlists/ofifo.v
	module worklib.ofifo:v
		errors: 0, warnings: 0
file: ../../netlists/sram_w16.v
	module worklib.sram_w16:v
		errors: 0, warnings: 0
file: ../../netlists/sram_2ports.v
	module worklib.sram_2ports:v
		errors: 0, warnings: 0
	Elaborating the design hierarchy:
		Caching library 'worklib' ....... Done
  ofifo_col8_bw20 ofifo_inst ( .clk(clk), .in(array_out), .out(pmem_in), .rd(
                           |
xmelab: *W,CUVWSP (./core.out.v,53455|27): 2 output ports were not connected:
xmelab: (./core.out.v,53372): o_valid
xmelab: (./core.out.v,53372): o_full

  fifo_depth16_bw20_simd1_7 col_idx_0__fifo_instance ( .rd_clk(clk), .wr_clk(
                                                   |
xmelab: *W,CUVWSP (./core.out.v,53383|51): 2 output ports were not connected:
xmelab: (./core.out.v,43215): o_full
xmelab: (./core.out.v,43216): o_empty

  fifo_depth16_bw20_simd1_6 col_idx_1__fifo_instance ( .rd_clk(clk), .wr_clk(
                                                   |
xmelab: *W,CUVWSP (./core.out.v,53386|51): 2 output ports were not connected:
xmelab: (./core.out.v,44552): o_full
xmelab: (./core.out.v,44553): o_empty

  fifo_depth16_bw20_simd1_5 col_idx_2__fifo_instance ( .rd_clk(clk), .wr_clk(
                                                   |
xmelab: *W,CUVWSP (./core.out.v,53389|51): 2 output ports were not connected:
xmelab: (./core.out.v,52585): o_full
xmelab: (./core.out.v,52586): o_empty

  fifo_depth16_bw20_simd1_4 col_idx_3__fifo_instance ( .rd_clk(clk), .wr_clk(
                                                   |
xmelab: *W,CUVWSP (./core.out.v,53392|51): 2 output ports were not connected:
xmelab: (./core.out.v,51247): o_full
xmelab: (./core.out.v,51248): o_empty

  fifo_depth16_bw20_simd1_3 col_idx_4__fifo_instance ( .rd_clk(clk), .wr_clk(
                                                   |
xmelab: *W,CUVWSP (./core.out.v,53395|51): 2 output ports were not connected:
xmelab: (./core.out.v,49909): o_full
xmelab: (./core.out.v,49910): o_empty

  fifo_depth16_bw20_simd1_2 col_idx_5__fifo_instance ( .rd_clk(clk), .wr_clk(
                                                   |
xmelab: *W,CUVWSP (./core.out.v,53398|51): 2 output ports were not connected:
xmelab: (./core.out.v,48571): o_full
xmelab: (./core.out.v,48572): o_empty

  fifo_depth16_bw20_simd1_1 col_idx_6__fifo_instance ( .rd_clk(clk), .wr_clk(
                                                   |
xmelab: *W,CUVWSP (./core.out.v,53401|51): 2 output ports were not connected:
xmelab: (./core.out.v,47233): o_full
xmelab: (./core.out.v,47234): o_empty

  fifo_depth16_bw20_simd1_0 col_idx_7__fifo_instance ( .rd_clk(clk), .wr_clk(
                                                   |
xmelab: *W,CUVWSP (./core.out.v,53404|51): 2 output ports were not connected:
xmelab: (./core.out.v,45895): o_full
xmelab: (./core.out.v,45896): o_empty

  ofifo #(.bw(bw_psum), .col(col)) abs_fifo ( //core's fifo for magnitudes
                                          |
xmelab: *W,CUVWSP (/home/linux/ieng6/oce/7f/jil547/Desktop/step4/step4_syn/netlists/sfp_row.v,153|42): 1 output port was not connected:
xmelab: (/home/linux/ieng6/oce/7f/jil547/Desktop/step4/step4_syn/netlists/ofifo.v,3): o_full

	Top level design units:
		core_syn_tb
	Building instance overlay tables: .................... Done
	Generating native compiled code:
		worklib.DFD1:v <0x68068f68>
			streams:   0, words:     0
		worklib.fifo_mux_2_1:v <0x2ead48db>
			streams:   1, words:   188
		worklib.fifo_depth16:v <0x2766ac42>
			streams:  23, words:  4059
		worklib.fifo_mux_2_1:v <0x6bab5ce2>
			streams:   1, words:   279
		worklib.fifo_mux_2_1:v <0x009abfd3>
			streams:   1, words:   188
		worklib.fifo_depth16:v <0x3d5fd7e0>
			streams:  23, words:  4125
		worklib.sfp_row:v <0x1f41f7b5>
			streams:  64, words: 27693
		worklib.sram_2ports:v <0x1082da45>
			streams:   4, words:  3658
		worklib.sram_w16:v <0x1ac453d0>
			streams:   3, words:  2094
		worklib.DFCND2:v <0x43838464>
			streams:   0, words:     0
		worklib.DFCNQD2:v <0x4907ffa7>
			streams:   0, words:     0
		worklib.EDFCND1:v <0x2026507d>
			streams:   0, words:     0
		worklib.DFCNQD1:v <0x019be3ae>
			streams:   0, words:     0
		worklib.EDFCNQD1:v <0x1f26b652>
			streams:   0, words:     0
		worklib.MUX2D0:v <0x17c648bc>
			streams:   0, words:     0
		worklib.MUX2D0:v <0x5cfabd88>
			streams:   0, words:     0
		worklib.DFQD1:v <0x3b030b58>
			streams:   0, words:     0
		worklib.XOR3D0:v <0x4bd53d89>
			streams:   0, words:     0
		worklib.FA1D0:v <0x5b176ec1>
			streams:   0, words:     0
		worklib.XNR2D0:v <0x3039ebd7>
			streams:   0, words:     0
		worklib.HA1D0:v <0x34381d79>
			streams:   0, words:     0
		worklib.MUX2ND0:v <0x4a4d1865>
			streams:   0, words:     0
		worklib.CMPE42D1:v <0x29693ef2>
			streams:   0, words:     0
		worklib.DFQD1:v <0x502707af>
			streams:   0, words:     0
		worklib.mac_array_col8_bw8_bw_psum20_pr16:v <0x0ea515d4>
			streams:   0, words:     0
		worklib.core_syn_tb:v <0x16d3bea8>
			streams:  40, words: 43039
		worklib.core:v <0x59a367d0>
			streams:   0, words:     0
		worklib.ofifo:v <0x60d4e6c0>
			streams:   1, words:   181
	Building instance specific data structures.
	Loading native compiled code:     .................... Done
	Design hierarchy summary:
		                    Instances  Unique
		Modules:                37769     247
		UDPs:                   11096       3
		Primitives:            109663       9
		Timing outputs:         43377      67
		Registers:               8237      90
		Scalar wires:           51799       -
		Expanded wires:           956      48
		Vectored wires:           363       -
		Always blocks:             28       7
		Initial blocks:            15      15
		Cont. assignments:        224      70
		Pseudo assignments:       198      45
		Timing checks:             65       -
		Simulation timescale:     1ps
	Writing initial simulation snapshot: worklib.core_syn_tb:v
Loading snapshot worklib.core_syn_tb:v .................... Done
xcelium> source /software/ECE/XCELIUM-2009/tools/xcelium/files/xmsimrc
xcelium> run
##### Expected multiplication result #####
prd @cycle 0: 0000700044fffa20003500028000280002800028
prd @cycle 1: fff960003bfff8dfffe9fff9cfff9cfff9cfff9c
prd @cycle 2: 000680007900035fffc800008000080000800008
prd @cycle 3: 00050fffe10002e0001cffffcffffcffffcffffc
prd @cycle 4: 00016fffdc000030000b00040000400004000040
prd @cycle 5: 00016fffdc000030000b00040000400004000040
prd @cycle 6: 00016fffdc000030000b00040000400004000040
prd @cycle 7: 00016fffdc000030000b00040000400004000040
  exec[ 1]: fifo_wr=00000000 array_out[19:0]=00000
  exec[ 2]: fifo_wr=00000000 array_out[19:0]=00000
  exec[ 3]: fifo_wr=00000000 array_out[19:0]=00000
  exec[ 8]: fifo_wr=00000011 array_out[19:0]=xxxxx
  exec[ 9]: fifo_wr=00000111 array_out[19:0]=xxxxx
  exec[10]: fifo_wr=00001111 array_out[19:0]=xxxxx

##### OFIFO -> PMEM write phase #####
  pmem_wr[1]: pmem_in=xxxxxxxxxxxxxxxxxxxxxxxxxxxxxxxxxxxxxxxx
  pmem_wr[2]: pmem_in=xxxxxxxxxxxxxxxxxxxxxxxxxxxxxxxxxxxxxxxx
  pmem_wr[3]: pmem_in=xxxxxxxxxxxxxxxxxxxxxxxxxxxxxxxxxxxxxxxx
  pmem_wr[4]: pmem_in=xxxxxxxxxxxxxxxxxxxxxxxxxxxxxxxxxxxxxxxx
  pmem_wr[5]: pmem_in=xxxxxxxxxxxxxxxxxxxxxxxxxxxxxxxxxxxxxxxx
  pmem_wr[6]: pmem_in=xxxxxxxxxxxxxxxxxxxxxxxxxxxxxxxxxxxxxxxx
  pmem_wr[7]: pmem_in=xxxxxxxxxxxxxxxxxxxxxxxxxxxxxxxxxxxxxxxx
  pmem_wr[8]: pmem_in=xxxxxxxxxxxxxxxxxxxxxxxxxxxxxxxxxxxxxxxx

##### Calculated output #####
Output  1: xxxxxxxxxxxxxxxxxxxxxxxxxxxxxxxxxxxxxxxx
Output  2: xxxxxxxxxxxxxxxxxxxxxxxxxxxxxxxxxxxxxxxx
Output  3: xxxxxxxxxxxxxxxxxxxxxxxxxxxxxxxxxxxxxxxx
Output  4: xxxxxxxxxxxxxxxxxxxxxxxxxxxxxxxxxxxxxxxx
Output  5: xxxxxxxxxxxxxxxxxxxxxxxxxxxxxxxxxxxxxxxx
Output  6: xxxxxxxxxxxxxxxxxxxxxxxxxxxxxxxxxxxxxxxx
Output  7: xxxxxxxxxxxxxxxxxxxxxxxxxxxxxxxxxxxxxxxx
Output  8: xxxxxxxxxxxxxxxxxxxxxxxxxxxxxxxxxxxxxxxx

========================================
SFP: sfp_wr asserted — normalization pipeline completed
========================================

Simulation complete via $finish(1) at time 186100 PS + 0
./core_syn_tb.v:314   #10 $finish;
xcelium> exit
TOOL:	xrun	20.09-s017: Exiting on Mar 19, 2026 at 06:20:36 PDT  (total: 00:00:11)
