dc_shell> source run_
Error: could not open script file "run_" (CMD-015)
dc_shell> source run_dc.tcl
Information: Variable 'hdlin_enable_vpp' is obsolete and is being ignored. (INFO-100)
Running PRESTO HDLC
Compiling source file ../../netlists/fifo_mux_2_1.v
Presto compilation completed successfully.
Loading db file '/home/linux/ieng6/ECE260B_WI26_A00/public/PDKdata/db/tcbn65gpluswc.db'
Running PRESTO HDLC
Compiling source file ../../netlists/fifo_mux_8_1.v
Presto compilation completed successfully.
Running PRESTO HDLC
Compiling source file ../../netlists/fifo_mux_16_1.v
Presto compilation completed successfully.
Running PRESTO HDLC
Compiling source file ../../netlists/fifo_depth16.v
Presto compilation completed successfully.
Running PRESTO HDLC
Compiling source file ../../netlists/ofifo.v
Presto compilation completed successfully.
Running PRESTO HDLC
Compiling source file ../../netlists/mac_16in.v
Presto compilation completed successfully.
Running PRESTO HDLC
Compiling source file ../../netlists/mac_col.v
Presto compilation completed successfully.
Running PRESTO HDLC
Compiling source file ../../netlists/mac_array.v
Presto compilation completed successfully.
Running PRESTO HDLC
Compiling source file ../../netlists/core.v
Presto compilation completed successfully.
Warning: Detected use of obsolete/unsupported feature.  The following
        will not be available in a future release of the application:
        elaborate -update. Use plain elaborate instead (CMD-100)
Loading db file '/software/nonrdist64/dc-2015.06-64/libraries/syn/gtech.db'
Loading db file '/software/nonrdist64/dc-2015.06-64/libraries/syn/standard.sldb'
  Loading link library 'tcbn65gpluswc'
  Loading link library 'gtech'
Running PRESTO HDLC

Inferred memory devices in process
        in routine core line 132 in file
                '../../netlists/core.v'.
===============================================================================
|    Register Name    |   Type    | Width | Bus | MB | AR | AS | SR | SS | ST |
===============================================================================
|   sfp_wr_add_reg    | Flip-flop |   4   |  Y  | N  | N  | N  | N  | N  | N  |
===============================================================================
Presto compilation completed successfully.
Elaborated 1 design.
Current design is now 'core'.
Information: Building the design 'mac_array' instantiated from design 'core' with
        the parameters "bw=8,bw_psum=20,col=8,pr=16". (HDL-193)
Presto compilation completed successfully.
Information: Building the design 'ofifo' instantiated from design 'core' with
        the parameters "bw=20,col=8". (HDL-193)
Presto compilation completed successfully.
Warning: Cannot find the design 'sram_w16' in the library 'WORK'. (LBR-1)
Information: Building the design 'sram_w16' instantiated from design 'core' with
        the parameters "sram_bit=128". (HDL-193)
Warning: Cannot find the design 'sram_w16' in the library 'WORK'. (LBR-1)
Warning: Cannot find the design 'sram_2ports' in the library 'WORK'. (LBR-1)
Information: Building the design 'sram_2ports' instantiated from design 'core' with
        the parameters "sram_bit=160". (HDL-193)
Warning: Cannot find the design 'sram_2ports' in the library 'WORK'. (LBR-1)
Warning: Cannot find the design 'sfp_row' in the library 'WORK'. (LBR-1)
Information: Building the design 'sfp_row' instantiated from design 'core' with
        the parameters "col=8,bw=8,bw_psum=20". (HDL-193)
Warning: Cannot find the design 'sfp_row' in the library 'WORK'. (LBR-1)
Information: Building the design 'mac_col' instantiated from design 'mac_array_col8_bw8_bw_psum20_pr16' with
        the parameters "bw=8,bw_psum=20,pr=16,col_id=1". (HDL-193)
Warning:  ../../netlists/mac_col.v:82: signed to unsigned conversion occurs. (VER-318)

Inferred memory devices in process
        in routine mac_col_bw8_bw_psum20_pr16_col_id1 line 49 in file
                '../../netlists/mac_col.v'.
===============================================================================
|    Register Name    |   Type    | Width | Bus | MB | AR | AS | SR | SS | ST |
===============================================================================
|     inst_4q_reg     | Flip-flop |   1   |  N  | N  | N  | N  | N  | N  | N  |
|     inst_6q_reg     | Flip-flop |   1   |  N  | N  | N  | N  | N  | N  | N  |
|     inst_5q_reg     | Flip-flop |   1   |  N  | N  | N  | N  | N  | N  | N  |
|     inst_7q_reg     | Flip-flop |   1   |  N  | N  | N  | N  | N  | N  | N  |
|      key_q_reg      | Flip-flop |  128  |  Y  | N  | N  | N  | N  | N  | N  |
|     query_q_reg     | Flip-flop |  128  |  Y  | N  | N  | N  | N  | N  | N  |
|     psum_q_reg      | Flip-flop |  20   |  Y  | N  | N  | N  | N  | N  | N  |
|      cnt_q_reg      | Flip-flop |   4   |  Y  | N  | N  | N  | N  | N  | N  |
|  load_ready_q_reg   | Flip-flop |   1   |  N  | N  | N  | N  | N  | N  | N  |
|     inst_q_reg      | Flip-flop |   2   |  Y  | N  | N  | N  | N  | N  | N  |
|     inst_2q_reg     | Flip-flop |   1   |  N  | N  | N  | N  | N  | N  | N  |
|     inst_3q_reg     | Flip-flop |   1   |  N  | N  | N  | N  | N  | N  | N  |
===============================================================================
Presto compilation completed successfully.
Information: Building the design 'mac_col' instantiated from design 'mac_array_col8_bw8_bw_psum20_pr16' with
        the parameters "bw=8,bw_psum=20,pr=16,col_id=2". (HDL-193)
Warning:  ../../netlists/mac_col.v:82: signed to unsigned conversion occurs. (VER-318)

Inferred memory devices in process
        in routine mac_col_bw8_bw_psum20_pr16_col_id2 line 49 in file
                '../../netlists/mac_col.v'.
===============================================================================
|    Register Name    |   Type    | Width | Bus | MB | AR | AS | SR | SS | ST |
===============================================================================
|     inst_4q_reg     | Flip-flop |   1   |  N  | N  | N  | N  | N  | N  | N  |
|     inst_6q_reg     | Flip-flop |   1   |  N  | N  | N  | N  | N  | N  | N  |
|     inst_5q_reg     | Flip-flop |   1   |  N  | N  | N  | N  | N  | N  | N  |
|     inst_7q_reg     | Flip-flop |   1   |  N  | N  | N  | N  | N  | N  | N  |
|      key_q_reg      | Flip-flop |  128  |  Y  | N  | N  | N  | N  | N  | N  |
|     query_q_reg     | Flip-flop |  128  |  Y  | N  | N  | N  | N  | N  | N  |
|     psum_q_reg      | Flip-flop |  20   |  Y  | N  | N  | N  | N  | N  | N  |
|      cnt_q_reg      | Flip-flop |   4   |  Y  | N  | N  | N  | N  | N  | N  |
|  load_ready_q_reg   | Flip-flop |   1   |  N  | N  | N  | N  | N  | N  | N  |
|     inst_q_reg      | Flip-flop |   2   |  Y  | N  | N  | N  | N  | N  | N  |
|     inst_2q_reg     | Flip-flop |   1   |  N  | N  | N  | N  | N  | N  | N  |
|     inst_3q_reg     | Flip-flop |   1   |  N  | N  | N  | N  | N  | N  | N  |
===============================================================================
Presto compilation completed successfully.
Information: Building the design 'mac_col' instantiated from design 'mac_array_col8_bw8_bw_psum20_pr16' with
        the parameters "bw=8,bw_psum=20,pr=16,col_id=3". (HDL-193)
Warning:  ../../netlists/mac_col.v:82: signed to unsigned conversion occurs. (VER-318)

Inferred memory devices in process
        in routine mac_col_bw8_bw_psum20_pr16_col_id3 line 49 in file
                '../../netlists/mac_col.v'.
===============================================================================
|    Register Name    |   Type    | Width | Bus | MB | AR | AS | SR | SS | ST |
===============================================================================
|     inst_4q_reg     | Flip-flop |   1   |  N  | N  | N  | N  | N  | N  | N  |
|     inst_6q_reg     | Flip-flop |   1   |  N  | N  | N  | N  | N  | N  | N  |
|     inst_5q_reg     | Flip-flop |   1   |  N  | N  | N  | N  | N  | N  | N  |
|     inst_7q_reg     | Flip-flop |   1   |  N  | N  | N  | N  | N  | N  | N  |
|      key_q_reg      | Flip-flop |  128  |  Y  | N  | N  | N  | N  | N  | N  |
|     query_q_reg     | Flip-flop |  128  |  Y  | N  | N  | N  | N  | N  | N  |
|     psum_q_reg      | Flip-flop |  20   |  Y  | N  | N  | N  | N  | N  | N  |
|      cnt_q_reg      | Flip-flop |   4   |  Y  | N  | N  | N  | N  | N  | N  |
|  load_ready_q_reg   | Flip-flop |   1   |  N  | N  | N  | N  | N  | N  | N  |
|     inst_q_reg      | Flip-flop |   2   |  Y  | N  | N  | N  | N  | N  | N  |
|     inst_2q_reg     | Flip-flop |   1   |  N  | N  | N  | N  | N  | N  | N  |
|     inst_3q_reg     | Flip-flop |   1   |  N  | N  | N  | N  | N  | N  | N  |
===============================================================================
Presto compilation completed successfully.
Information: Building the design 'mac_col' instantiated from design 'mac_array_col8_bw8_bw_psum20_pr16' with
        the parameters "bw=8,bw_psum=20,pr=16,col_id=4". (HDL-193)
Warning:  ../../netlists/mac_col.v:82: signed to unsigned conversion occurs. (VER-318)

Inferred memory devices in process
        in routine mac_col_bw8_bw_psum20_pr16_col_id4 line 49 in file
                '../../netlists/mac_col.v'.
===============================================================================
|    Register Name    |   Type    | Width | Bus | MB | AR | AS | SR | SS | ST |
===============================================================================
|     inst_4q_reg     | Flip-flop |   1   |  N  | N  | N  | N  | N  | N  | N  |
|     inst_6q_reg     | Flip-flop |   1   |  N  | N  | N  | N  | N  | N  | N  |
|     inst_5q_reg     | Flip-flop |   1   |  N  | N  | N  | N  | N  | N  | N  |
|     inst_7q_reg     | Flip-flop |   1   |  N  | N  | N  | N  | N  | N  | N  |
|      key_q_reg      | Flip-flop |  128  |  Y  | N  | N  | N  | N  | N  | N  |
|     query_q_reg     | Flip-flop |  128  |  Y  | N  | N  | N  | N  | N  | N  |
|     psum_q_reg      | Flip-flop |  20   |  Y  | N  | N  | N  | N  | N  | N  |
|      cnt_q_reg      | Flip-flop |   4   |  Y  | N  | N  | N  | N  | N  | N  |
|  load_ready_q_reg   | Flip-flop |   1   |  N  | N  | N  | N  | N  | N  | N  |
|     inst_q_reg      | Flip-flop |   2   |  Y  | N  | N  | N  | N  | N  | N  |
|     inst_2q_reg     | Flip-flop |   1   |  N  | N  | N  | N  | N  | N  | N  |
|     inst_3q_reg     | Flip-flop |   1   |  N  | N  | N  | N  | N  | N  | N  |
===============================================================================
Presto compilation completed successfully.
Information: Building the design 'mac_col' instantiated from design 'mac_array_col8_bw8_bw_psum20_pr16' with
        the parameters "bw=8,bw_psum=20,pr=16,col_id=5". (HDL-193)
Warning:  ../../netlists/mac_col.v:82: signed to unsigned conversion occurs. (VER-318)

Inferred memory devices in process
        in routine mac_col_bw8_bw_psum20_pr16_col_id5 line 49 in file
                '../../netlists/mac_col.v'.
===============================================================================
|    Register Name    |   Type    | Width | Bus | MB | AR | AS | SR | SS | ST |
===============================================================================
|     inst_4q_reg     | Flip-flop |   1   |  N  | N  | N  | N  | N  | N  | N  |
|     inst_6q_reg     | Flip-flop |   1   |  N  | N  | N  | N  | N  | N  | N  |
|     inst_5q_reg     | Flip-flop |   1   |  N  | N  | N  | N  | N  | N  | N  |
|     inst_7q_reg     | Flip-flop |   1   |  N  | N  | N  | N  | N  | N  | N  |
|      key_q_reg      | Flip-flop |  128  |  Y  | N  | N  | N  | N  | N  | N  |
|     query_q_reg     | Flip-flop |  128  |  Y  | N  | N  | N  | N  | N  | N  |
|     psum_q_reg      | Flip-flop |  20   |  Y  | N  | N  | N  | N  | N  | N  |
|      cnt_q_reg      | Flip-flop |   4   |  Y  | N  | N  | N  | N  | N  | N  |
|  load_ready_q_reg   | Flip-flop |   1   |  N  | N  | N  | N  | N  | N  | N  |
|     inst_q_reg      | Flip-flop |   2   |  Y  | N  | N  | N  | N  | N  | N  |
|     inst_2q_reg     | Flip-flop |   1   |  N  | N  | N  | N  | N  | N  | N  |
|     inst_3q_reg     | Flip-flop |   1   |  N  | N  | N  | N  | N  | N  | N  |
===============================================================================
Presto compilation completed successfully.
Information: Building the design 'mac_col' instantiated from design 'mac_array_col8_bw8_bw_psum20_pr16' with
        the parameters "bw=8,bw_psum=20,pr=16,col_id=6". (HDL-193)
Warning:  ../../netlists/mac_col.v:82: signed to unsigned conversion occurs. (VER-318)

Inferred memory devices in process
        in routine mac_col_bw8_bw_psum20_pr16_col_id6 line 49 in file
                '../../netlists/mac_col.v'.
===============================================================================
|    Register Name    |   Type    | Width | Bus | MB | AR | AS | SR | SS | ST |
===============================================================================
|     inst_4q_reg     | Flip-flop |   1   |  N  | N  | N  | N  | N  | N  | N  |
|     inst_6q_reg     | Flip-flop |   1   |  N  | N  | N  | N  | N  | N  | N  |
|     inst_5q_reg     | Flip-flop |   1   |  N  | N  | N  | N  | N  | N  | N  |
|     inst_7q_reg     | Flip-flop |   1   |  N  | N  | N  | N  | N  | N  | N  |
|      key_q_reg      | Flip-flop |  128  |  Y  | N  | N  | N  | N  | N  | N  |
|     query_q_reg     | Flip-flop |  128  |  Y  | N  | N  | N  | N  | N  | N  |
|     psum_q_reg      | Flip-flop |  20   |  Y  | N  | N  | N  | N  | N  | N  |
|      cnt_q_reg      | Flip-flop |   4   |  Y  | N  | N  | N  | N  | N  | N  |
|  load_ready_q_reg   | Flip-flop |   1   |  N  | N  | N  | N  | N  | N  | N  |
|     inst_q_reg      | Flip-flop |   2   |  Y  | N  | N  | N  | N  | N  | N  |
|     inst_2q_reg     | Flip-flop |   1   |  N  | N  | N  | N  | N  | N  | N  |
|     inst_3q_reg     | Flip-flop |   1   |  N  | N  | N  | N  | N  | N  | N  |
===============================================================================
Presto compilation completed successfully.
Information: Building the design 'mac_col' instantiated from design 'mac_array_col8_bw8_bw_psum20_pr16' with
        the parameters "bw=8,bw_psum=20,pr=16,col_id=7". (HDL-193)
Warning:  ../../netlists/mac_col.v:82: signed to unsigned conversion occurs. (VER-318)

Inferred memory devices in process
        in routine mac_col_bw8_bw_psum20_pr16_col_id7 line 49 in file
                '../../netlists/mac_col.v'.
===============================================================================
|    Register Name    |   Type    | Width | Bus | MB | AR | AS | SR | SS | ST |
===============================================================================
|     inst_4q_reg     | Flip-flop |   1   |  N  | N  | N  | N  | N  | N  | N  |
|     inst_6q_reg     | Flip-flop |   1   |  N  | N  | N  | N  | N  | N  | N  |
|     inst_5q_reg     | Flip-flop |   1   |  N  | N  | N  | N  | N  | N  | N  |
|     inst_7q_reg     | Flip-flop |   1   |  N  | N  | N  | N  | N  | N  | N  |
|      key_q_reg      | Flip-flop |  128  |  Y  | N  | N  | N  | N  | N  | N  |
|     query_q_reg     | Flip-flop |  128  |  Y  | N  | N  | N  | N  | N  | N  |
|     psum_q_reg      | Flip-flop |  20   |  Y  | N  | N  | N  | N  | N  | N  |
|      cnt_q_reg      | Flip-flop |   4   |  Y  | N  | N  | N  | N  | N  | N  |
|  load_ready_q_reg   | Flip-flop |   1   |  N  | N  | N  | N  | N  | N  | N  |
|     inst_q_reg      | Flip-flop |   2   |  Y  | N  | N  | N  | N  | N  | N  |
|     inst_2q_reg     | Flip-flop |   1   |  N  | N  | N  | N  | N  | N  | N  |
|     inst_3q_reg     | Flip-flop |   1   |  N  | N  | N  | N  | N  | N  | N  |
===============================================================================
Presto compilation completed successfully.
Information: Building the design 'mac_col' instantiated from design 'mac_array_col8_bw8_bw_psum20_pr16' with
        the parameters "bw=8,bw_psum=20,pr=16,col_id=8". (HDL-193)
Warning:  ../../netlists/mac_col.v:82: signed to unsigned conversion occurs. (VER-318)

Inferred memory devices in process
        in routine mac_col_bw8_bw_psum20_pr16_col_id8 line 49 in file
                '../../netlists/mac_col.v'.
===============================================================================
|    Register Name    |   Type    | Width | Bus | MB | AR | AS | SR | SS | ST |
===============================================================================
|     inst_4q_reg     | Flip-flop |   1   |  N  | N  | N  | N  | N  | N  | N  |
|     inst_6q_reg     | Flip-flop |   1   |  N  | N  | N  | N  | N  | N  | N  |
|     inst_5q_reg     | Flip-flop |   1   |  N  | N  | N  | N  | N  | N  | N  |
|     inst_7q_reg     | Flip-flop |   1   |  N  | N  | N  | N  | N  | N  | N  |
|      key_q_reg      | Flip-flop |  128  |  Y  | N  | N  | N  | N  | N  | N  |
|     query_q_reg     | Flip-flop |  128  |  Y  | N  | N  | N  | N  | N  | N  |
|     psum_q_reg      | Flip-flop |  20   |  Y  | N  | N  | N  | N  | N  | N  |
|      cnt_q_reg      | Flip-flop |   4   |  Y  | N  | N  | N  | N  | N  | N  |
|  load_ready_q_reg   | Flip-flop |   1   |  N  | N  | N  | N  | N  | N  | N  |
|     inst_q_reg      | Flip-flop |   2   |  Y  | N  | N  | N  | N  | N  | N  |
|     inst_2q_reg     | Flip-flop |   1   |  N  | N  | N  | N  | N  | N  | N  |
|     inst_3q_reg     | Flip-flop |   1   |  N  | N  | N  | N  | N  | N  | N  |
===============================================================================
Presto compilation completed successfully.
Information: Building the design 'fifo_depth16' instantiated from design 'ofifo_col8_bw20' with
        the parameters "bw=20,simd=1". (HDL-193)

Inferred memory devices in process
        in routine fifo_depth16_bw20_simd1 line 57 in file
                '../../netlists/fifo_depth16.v'.
===============================================================================
|    Register Name    |   Type    | Width | Bus | MB | AR | AS | SR | SS | ST |
===============================================================================
|     rd_ptr_reg      | Flip-flop |   5   |  Y  | N  | Y  | N  | N  | N  | N  |
===============================================================================

Inferred memory devices in process
        in routine fifo_depth16_bw20_simd1 line 67 in file
                '../../netlists/fifo_depth16.v'.
===============================================================================
|    Register Name    |   Type    | Width | Bus | MB | AR | AS | SR | SS | ST |
===============================================================================
|        q_reg        | Flip-flop |  320  |  Y  | N  | N  | N  | N  | N  | N  |
|     wr_ptr_reg      | Flip-flop |   5   |  Y  | N  | Y  | N  | N  | N  | N  |
===============================================================================
Presto compilation completed successfully.
Information: Building the design 'mac_16in' instantiated from design 'mac_col_bw8_bw_psum20_pr16_col_id1' with
        the parameters "bw=8,bw_psum=20,pr=16". (HDL-193)
Warning:  ../../netlists/mac_16in.v:102: signed to unsigned assignment occurs. (VER-318)
Warning:  ../../netlists/mac_16in.v:148: unsigned to signed assignment occurs. (VER-318)
Warning:  ../../netlists/mac_16in.v:149: unsigned to signed assignment occurs. (VER-318)
Warning:  ../../netlists/mac_16in.v:150: unsigned to signed assignment occurs. (VER-318)
Warning:  ../../netlists/mac_16in.v:151: unsigned to signed assignment occurs. (VER-318)
Warning:  ../../netlists/mac_16in.v:152: unsigned to signed assignment occurs. (VER-318)
Warning:  ../../netlists/mac_16in.v:153: unsigned to signed assignment occurs. (VER-318)
Warning:  ../../netlists/mac_16in.v:154: unsigned to signed assignment occurs. (VER-318)
Warning:  ../../netlists/mac_16in.v:155: unsigned to signed assignment occurs. (VER-318)
Warning:  ../../netlists/mac_16in.v:156: unsigned to signed assignment occurs. (VER-318)
Warning:  ../../netlists/mac_16in.v:157: unsigned to signed assignment occurs. (VER-318)
Warning:  ../../netlists/mac_16in.v:158: unsigned to signed assignment occurs. (VER-318)
Warning:  ../../netlists/mac_16in.v:159: unsigned to signed assignment occurs. (VER-318)
Warning:  ../../netlists/mac_16in.v:160: unsigned to signed assignment occurs. (VER-318)
Warning:  ../../netlists/mac_16in.v:161: unsigned to signed assignment occurs. (VER-318)
Warning:  ../../netlists/mac_16in.v:162: unsigned to signed assignment occurs. (VER-318)
Warning:  ../../netlists/mac_16in.v:163: unsigned to signed assignment occurs. (VER-318)
Warning:  ../../netlists/mac_16in.v:165: unsigned to signed assignment occurs. (VER-318)
Warning:  ../../netlists/mac_16in.v:170: unsigned to signed assignment occurs. (VER-318)
Warning:  ../../netlists/mac_16in.v:175: unsigned to signed assignment occurs. (VER-318)
Warning:  ../../netlists/mac_16in.v:180: unsigned to signed assignment occurs. (VER-318)

Inferred memory devices in process
        in routine mac_16in_bw8_bw_psum20_pr16 line 104 in file
                '../../netlists/mac_16in.v'.
===============================================================================
|    Register Name    |   Type    | Width | Bus | MB | AR | AS | SR | SS | ST |
===============================================================================
|  product3_reg_reg   | Flip-flop |  16   |  Y  | N  | N  | N  | N  | N  | N  |
|    out0_reg_reg     | Flip-flop |  20   |  Y  | N  | N  | N  | N  | N  | N  |
|    out1_reg_reg     | Flip-flop |  20   |  Y  | N  | N  | N  | N  | N  | N  |
|    psum0_reg_reg    | Flip-flop |  20   |  Y  | N  | N  | N  | N  | N  | N  |
|    psum1_reg_reg    | Flip-flop |  20   |  Y  | N  | N  | N  | N  | N  | N  |
|    psum2_reg_reg    | Flip-flop |  20   |  Y  | N  | N  | N  | N  | N  | N  |
|    psum3_reg_reg    | Flip-flop |  20   |  Y  | N  | N  | N  | N  | N  | N  |
|  product12_reg_reg  | Flip-flop |  16   |  Y  | N  | N  | N  | N  | N  | N  |
|  product13_reg_reg  | Flip-flop |  16   |  Y  | N  | N  | N  | N  | N  | N  |
|  product14_reg_reg  | Flip-flop |  16   |  Y  | N  | N  | N  | N  | N  | N  |
|  product15_reg_reg  | Flip-flop |  16   |  Y  | N  | N  | N  | N  | N  | N  |
|  product8_reg_reg   | Flip-flop |  16   |  Y  | N  | N  | N  | N  | N  | N  |
|  product9_reg_reg   | Flip-flop |  16   |  Y  | N  | N  | N  | N  | N  | N  |
|  product10_reg_reg  | Flip-flop |  16   |  Y  | N  | N  | N  | N  | N  | N  |
|  product11_reg_reg  | Flip-flop |  16   |  Y  | N  | N  | N  | N  | N  | N  |
|  product4_reg_reg   | Flip-flop |  16   |  Y  | N  | N  | N  | N  | N  | N  |
|  product5_reg_reg   | Flip-flop |  16   |  Y  | N  | N  | N  | N  | N  | N  |
|  product6_reg_reg   | Flip-flop |  16   |  Y  | N  | N  | N  | N  | N  | N  |
|  product7_reg_reg   | Flip-flop |  16   |  Y  | N  | N  | N  | N  | N  | N  |
|  final_out_reg_reg  | Flip-flop |  20   |  Y  | N  | N  | N  | N  | N  | N  |
|  product0_reg_reg   | Flip-flop |  16   |  Y  | N  | N  | N  | N  | N  | N  |
|  product1_reg_reg   | Flip-flop |  16   |  Y  | N  | N  | N  | N  | N  | N  |
|  product2_reg_reg   | Flip-flop |  16   |  Y  | N  | N  | N  | N  | N  | N  |
===============================================================================
Presto compilation completed successfully.
Information: Building the design 'fifo_mux_16_1' instantiated from design 'fifo_depth16_bw20_simd1' with
        the parameters "bw=20,simd=1". (HDL-193)
Presto compilation completed successfully.
Information: Building the design 'fifo_mux_8_1' instantiated from design 'fifo_mux_16_1_bw20_simd1' with
        the parameters "bw=20,simd=1". (HDL-193)
Presto compilation completed successfully.
Information: Building the design 'fifo_mux_2_1' instantiated from design 'fifo_mux_16_1_bw20_simd1' with
        the parameters "bw=20,simd=1". (HDL-193)
Presto compilation completed successfully.
Warning: Design 'core' has '3' unresolved references. For more detailed information, use the "link" command. (UID-341)
Current design is 'core'.

  Linking design 'core'
  Using the following designs and libraries:
  --------------------------------------------------------------------------
  * (16 designs)              /home/linux/ieng6/oce/7f/jil547/Desktop/step4/step4_syn/hier_syn/syn_core/core.db, etc
  tcbn65gpluswc (library)     /home/linux/ieng6/ECE260B_WI26_A00/public/PDKdata/db/tcbn65gpluswc.db

Information: Building the design 'sram_w16' instantiated from design 'core' with
        the parameters "sram_bit=128". (HDL-193)
Warning: Cannot find the design 'sram_w16' in the library 'WORK'. (LBR-1)
Information: Building the design 'sram_2ports' instantiated from design 'core' with
        the parameters "sram_bit=160". (HDL-193)
Warning: Cannot find the design 'sram_2ports' in the library 'WORK'. (LBR-1)
Information: Building the design 'sfp_row' instantiated from design 'core' with
        the parameters "col=8,bw=8,bw_psum=20". (HDL-193)
Warning: Cannot find the design 'sfp_row' in the library 'WORK'. (LBR-1)
Warning: Unable to resolve reference 'sram_w16' in 'core'. (LINK-5)
Warning: Unable to resolve reference 'sram_2ports' in 'core'. (LINK-5)
Warning: Unable to resolve reference 'sfp_row' in 'core'. (LINK-5)

Reading SDC version 2.0...
Warning: Design 'core' has '3' unresolved references. For more detailed information, use the "link" command. (UID-341)
Warning: Design 'core' has '3' unresolved references. For more detailed information, use the "link" command. (UID-341)
Warning: Design 'core' has '3' unresolved references. For more detailed information, use the "link" command. (UID-341)
Warning: Design 'core' has '3' unresolved references. For more detailed information, use the "link" command. (UID-341)
Warning: Design 'core' has '3' unresolved references. For more detailed information, use the "link" command. (UID-341)
Warning: Design 'core' has '3' unresolved references. For more detailed information, use the "link" command. (UID-341)

#   Propagate Constraints from cell ofifo_inst/ (ofifo_col8_bw20) #

#   Propagate Constraints from cell ofifo_inst/col_idx[7].fifo_instance/ (fifo_depth16_bw20_simd1) #

#   Propagate Constraints from cell ofifo_inst/col_idx[7].fifo_instance/fifo_mux_16_1a/ (fifo_mux_16_1_bw20_simd1) #

#   Propagate Constraints from cell ofifo_inst/col_idx[7].fifo_instance/fifo_mux_16_1a/mux_2_1a/ (fifo_mux_2_1_bw20_simd1) #

#   Propagate Constraints from cell ofifo_inst/col_idx[7].fifo_instance/fifo_mux_16_1a/mux_8_1b/ (fifo_mux_8_1_bw20_simd1) #

#   Propagate Constraints from cell ofifo_inst/col_idx[7].fifo_instance/fifo_mux_16_1a/mux_8_1b/fifo_mux_2_1g/ (fifo_mux_2_1_bw20_simd1) #

#   Propagate Constraints from cell ofifo_inst/col_idx[7].fifo_instance/fifo_mux_16_1a/mux_8_1b/fifo_mux_2_1f/ (fifo_mux_2_1_bw20_simd1) #

#   Propagate Constraints from cell ofifo_inst/col_idx[7].fifo_instance/fifo_mux_16_1a/mux_8_1b/fifo_mux_2_1e/ (fifo_mux_2_1_bw20_simd1) #

#   Propagate Constraints from cell ofifo_inst/col_idx[7].fifo_instance/fifo_mux_16_1a/mux_8_1b/fifo_mux_2_1d/ (fifo_mux_2_1_bw20_simd1) #

#   Propagate Constraints from cell ofifo_inst/col_idx[7].fifo_instance/fifo_mux_16_1a/mux_8_1b/fifo_mux_2_1c/ (fifo_mux_2_1_bw20_simd1) #

#   Propagate Constraints from cell ofifo_inst/col_idx[7].fifo_instance/fifo_mux_16_1a/mux_8_1b/fifo_mux_2_1b/ (fifo_mux_2_1_bw20_simd1) #

#   Propagate Constraints from cell ofifo_inst/col_idx[7].fifo_instance/fifo_mux_16_1a/mux_8_1b/fifo_mux_2_1a/ (fifo_mux_2_1_bw20_simd1) #

#   Propagate Constraints from cell ofifo_inst/col_idx[7].fifo_instance/fifo_mux_16_1a/mux_8_1a/ (fifo_mux_8_1_bw20_simd1) #

#   Propagate Constraints from cell ofifo_inst/col_idx[7].fifo_instance/fifo_mux_16_1a/mux_8_1a/fifo_mux_2_1g/ (fifo_mux_2_1_bw20_simd1) #

#   Propagate Constraints from cell ofifo_inst/col_idx[7].fifo_instance/fifo_mux_16_1a/mux_8_1a/fifo_mux_2_1f/ (fifo_mux_2_1_bw20_simd1) #

#   Propagate Constraints from cell ofifo_inst/col_idx[7].fifo_instance/fifo_mux_16_1a/mux_8_1a/fifo_mux_2_1e/ (fifo_mux_2_1_bw20_simd1) #

#   Propagate Constraints from cell ofifo_inst/col_idx[7].fifo_instance/fifo_mux_16_1a/mux_8_1a/fifo_mux_2_1d/ (fifo_mux_2_1_bw20_simd1) #

#   Propagate Constraints from cell ofifo_inst/col_idx[7].fifo_instance/fifo_mux_16_1a/mux_8_1a/fifo_mux_2_1c/ (fifo_mux_2_1_bw20_simd1) #

#   Propagate Constraints from cell ofifo_inst/col_idx[7].fifo_instance/fifo_mux_16_1a/mux_8_1a/fifo_mux_2_1b/ (fifo_mux_2_1_bw20_simd1) #

#   Propagate Constraints from cell ofifo_inst/col_idx[7].fifo_instance/fifo_mux_16_1a/mux_8_1a/fifo_mux_2_1a/ (fifo_mux_2_1_bw20_simd1) #

#   Propagate Constraints from cell ofifo_inst/col_idx[6].fifo_instance/ (fifo_depth16_bw20_simd1) #

#   Propagate Constraints from cell ofifo_inst/col_idx[6].fifo_instance/fifo_mux_16_1a/ (fifo_mux_16_1_bw20_simd1) #

#   Propagate Constraints from cell ofifo_inst/col_idx[6].fifo_instance/fifo_mux_16_1a/mux_2_1a/ (fifo_mux_2_1_bw20_simd1) #

#   Propagate Constraints from cell ofifo_inst/col_idx[6].fifo_instance/fifo_mux_16_1a/mux_8_1b/ (fifo_mux_8_1_bw20_simd1) #

#   Propagate Constraints from cell ofifo_inst/col_idx[6].fifo_instance/fifo_mux_16_1a/mux_8_1b/fifo_mux_2_1g/ (fifo_mux_2_1_bw20_simd1) #

#   Propagate Constraints from cell ofifo_inst/col_idx[6].fifo_instance/fifo_mux_16_1a/mux_8_1b/fifo_mux_2_1f/ (fifo_mux_2_1_bw20_simd1) #

#   Propagate Constraints from cell ofifo_inst/col_idx[6].fifo_instance/fifo_mux_16_1a/mux_8_1b/fifo_mux_2_1e/ (fifo_mux_2_1_bw20_simd1) #

#   Propagate Constraints from cell ofifo_inst/col_idx[6].fifo_instance/fifo_mux_16_1a/mux_8_1b/fifo_mux_2_1d/ (fifo_mux_2_1_bw20_simd1) #

#   Propagate Constraints from cell ofifo_inst/col_idx[6].fifo_instance/fifo_mux_16_1a/mux_8_1b/fifo_mux_2_1c/ (fifo_mux_2_1_bw20_simd1) #

#   Propagate Constraints from cell ofifo_inst/col_idx[6].fifo_instance/fifo_mux_16_1a/mux_8_1b/fifo_mux_2_1b/ (fifo_mux_2_1_bw20_simd1) #

#   Propagate Constraints from cell ofifo_inst/col_idx[6].fifo_instance/fifo_mux_16_1a/mux_8_1b/fifo_mux_2_1a/ (fifo_mux_2_1_bw20_simd1) #

#   Propagate Constraints from cell ofifo_inst/col_idx[6].fifo_instance/fifo_mux_16_1a/mux_8_1a/ (fifo_mux_8_1_bw20_simd1) #

#   Propagate Constraints from cell ofifo_inst/col_idx[6].fifo_instance/fifo_mux_16_1a/mux_8_1a/fifo_mux_2_1g/ (fifo_mux_2_1_bw20_simd1) #

#   Propagate Constraints from cell ofifo_inst/col_idx[6].fifo_instance/fifo_mux_16_1a/mux_8_1a/fifo_mux_2_1f/ (fifo_mux_2_1_bw20_simd1) #

#   Propagate Constraints from cell ofifo_inst/col_idx[6].fifo_instance/fifo_mux_16_1a/mux_8_1a/fifo_mux_2_1e/ (fifo_mux_2_1_bw20_simd1) #

#   Propagate Constraints from cell ofifo_inst/col_idx[6].fifo_instance/fifo_mux_16_1a/mux_8_1a/fifo_mux_2_1d/ (fifo_mux_2_1_bw20_simd1) #

#   Propagate Constraints from cell ofifo_inst/col_idx[6].fifo_instance/fifo_mux_16_1a/mux_8_1a/fifo_mux_2_1c/ (fifo_mux_2_1_bw20_simd1) #

#   Propagate Constraints from cell ofifo_inst/col_idx[6].fifo_instance/fifo_mux_16_1a/mux_8_1a/fifo_mux_2_1b/ (fifo_mux_2_1_bw20_simd1) #

#   Propagate Constraints from cell ofifo_inst/col_idx[6].fifo_instance/fifo_mux_16_1a/mux_8_1a/fifo_mux_2_1a/ (fifo_mux_2_1_bw20_simd1) #

#   Propagate Constraints from cell ofifo_inst/col_idx[5].fifo_instance/ (fifo_depth16_bw20_simd1) #

#   Propagate Constraints from cell ofifo_inst/col_idx[5].fifo_instance/fifo_mux_16_1a/ (fifo_mux_16_1_bw20_simd1) #

#   Propagate Constraints from cell ofifo_inst/col_idx[5].fifo_instance/fifo_mux_16_1a/mux_2_1a/ (fifo_mux_2_1_bw20_simd1) #

#   Propagate Constraints from cell ofifo_inst/col_idx[5].fifo_instance/fifo_mux_16_1a/mux_8_1b/ (fifo_mux_8_1_bw20_simd1) #

#   Propagate Constraints from cell ofifo_inst/col_idx[5].fifo_instance/fifo_mux_16_1a/mux_8_1b/fifo_mux_2_1g/ (fifo_mux_2_1_bw20_simd1) #

#   Propagate Constraints from cell ofifo_inst/col_idx[5].fifo_instance/fifo_mux_16_1a/mux_8_1b/fifo_mux_2_1f/ (fifo_mux_2_1_bw20_simd1) #

#   Propagate Constraints from cell ofifo_inst/col_idx[5].fifo_instance/fifo_mux_16_1a/mux_8_1b/fifo_mux_2_1e/ (fifo_mux_2_1_bw20_simd1) #

#   Propagate Constraints from cell ofifo_inst/col_idx[5].fifo_instance/fifo_mux_16_1a/mux_8_1b/fifo_mux_2_1d/ (fifo_mux_2_1_bw20_simd1) #

#   Propagate Constraints from cell ofifo_inst/col_idx[5].fifo_instance/fifo_mux_16_1a/mux_8_1b/fifo_mux_2_1c/ (fifo_mux_2_1_bw20_simd1) #

#   Propagate Constraints from cell ofifo_inst/col_idx[5].fifo_instance/fifo_mux_16_1a/mux_8_1b/fifo_mux_2_1b/ (fifo_mux_2_1_bw20_simd1) #

#   Propagate Constraints from cell ofifo_inst/col_idx[5].fifo_instance/fifo_mux_16_1a/mux_8_1b/fifo_mux_2_1a/ (fifo_mux_2_1_bw20_simd1) #

#   Propagate Constraints from cell ofifo_inst/col_idx[5].fifo_instance/fifo_mux_16_1a/mux_8_1a/ (fifo_mux_8_1_bw20_simd1) #

#   Propagate Constraints from cell ofifo_inst/col_idx[5].fifo_instance/fifo_mux_16_1a/mux_8_1a/fifo_mux_2_1g/ (fifo_mux_2_1_bw20_simd1) #

#   Propagate Constraints from cell ofifo_inst/col_idx[5].fifo_instance/fifo_mux_16_1a/mux_8_1a/fifo_mux_2_1f/ (fifo_mux_2_1_bw20_simd1) #

#   Propagate Constraints from cell ofifo_inst/col_idx[5].fifo_instance/fifo_mux_16_1a/mux_8_1a/fifo_mux_2_1e/ (fifo_mux_2_1_bw20_simd1) #

#   Propagate Constraints from cell ofifo_inst/col_idx[5].fifo_instance/fifo_mux_16_1a/mux_8_1a/fifo_mux_2_1d/ (fifo_mux_2_1_bw20_simd1) #

#   Propagate Constraints from cell ofifo_inst/col_idx[5].fifo_instance/fifo_mux_16_1a/mux_8_1a/fifo_mux_2_1c/ (fifo_mux_2_1_bw20_simd1) #

#   Propagate Constraints from cell ofifo_inst/col_idx[5].fifo_instance/fifo_mux_16_1a/mux_8_1a/fifo_mux_2_1b/ (fifo_mux_2_1_bw20_simd1) #

#   Propagate Constraints from cell ofifo_inst/col_idx[5].fifo_instance/fifo_mux_16_1a/mux_8_1a/fifo_mux_2_1a/ (fifo_mux_2_1_bw20_simd1) #

#   Propagate Constraints from cell ofifo_inst/col_idx[4].fifo_instance/ (fifo_depth16_bw20_simd1) #

#   Propagate Constraints from cell ofifo_inst/col_idx[4].fifo_instance/fifo_mux_16_1a/ (fifo_mux_16_1_bw20_simd1) #

#   Propagate Constraints from cell ofifo_inst/col_idx[4].fifo_instance/fifo_mux_16_1a/mux_2_1a/ (fifo_mux_2_1_bw20_simd1) #

#   Propagate Constraints from cell ofifo_inst/col_idx[4].fifo_instance/fifo_mux_16_1a/mux_8_1b/ (fifo_mux_8_1_bw20_simd1) #

#   Propagate Constraints from cell ofifo_inst/col_idx[4].fifo_instance/fifo_mux_16_1a/mux_8_1b/fifo_mux_2_1g/ (fifo_mux_2_1_bw20_simd1) #

#   Propagate Constraints from cell ofifo_inst/col_idx[4].fifo_instance/fifo_mux_16_1a/mux_8_1b/fifo_mux_2_1f/ (fifo_mux_2_1_bw20_simd1) #

#   Propagate Constraints from cell ofifo_inst/col_idx[4].fifo_instance/fifo_mux_16_1a/mux_8_1b/fifo_mux_2_1e/ (fifo_mux_2_1_bw20_simd1) #

#   Propagate Constraints from cell ofifo_inst/col_idx[4].fifo_instance/fifo_mux_16_1a/mux_8_1b/fifo_mux_2_1d/ (fifo_mux_2_1_bw20_simd1) #

#   Propagate Constraints from cell ofifo_inst/col_idx[4].fifo_instance/fifo_mux_16_1a/mux_8_1b/fifo_mux_2_1c/ (fifo_mux_2_1_bw20_simd1) #

#   Propagate Constraints from cell ofifo_inst/col_idx[4].fifo_instance/fifo_mux_16_1a/mux_8_1b/fifo_mux_2_1b/ (fifo_mux_2_1_bw20_simd1) #

#   Propagate Constraints from cell ofifo_inst/col_idx[4].fifo_instance/fifo_mux_16_1a/mux_8_1b/fifo_mux_2_1a/ (fifo_mux_2_1_bw20_simd1) #

#   Propagate Constraints from cell ofifo_inst/col_idx[4].fifo_instance/fifo_mux_16_1a/mux_8_1a/ (fifo_mux_8_1_bw20_simd1) #

#   Propagate Constraints from cell ofifo_inst/col_idx[4].fifo_instance/fifo_mux_16_1a/mux_8_1a/fifo_mux_2_1g/ (fifo_mux_2_1_bw20_simd1) #

#   Propagate Constraints from cell ofifo_inst/col_idx[4].fifo_instance/fifo_mux_16_1a/mux_8_1a/fifo_mux_2_1f/ (fifo_mux_2_1_bw20_simd1) #

#   Propagate Constraints from cell ofifo_inst/col_idx[4].fifo_instance/fifo_mux_16_1a/mux_8_1a/fifo_mux_2_1e/ (fifo_mux_2_1_bw20_simd1) #

#   Propagate Constraints from cell ofifo_inst/col_idx[4].fifo_instance/fifo_mux_16_1a/mux_8_1a/fifo_mux_2_1d/ (fifo_mux_2_1_bw20_simd1) #

#   Propagate Constraints from cell ofifo_inst/col_idx[4].fifo_instance/fifo_mux_16_1a/mux_8_1a/fifo_mux_2_1c/ (fifo_mux_2_1_bw20_simd1) #

#   Propagate Constraints from cell ofifo_inst/col_idx[4].fifo_instance/fifo_mux_16_1a/mux_8_1a/fifo_mux_2_1b/ (fifo_mux_2_1_bw20_simd1) #

#   Propagate Constraints from cell ofifo_inst/col_idx[4].fifo_instance/fifo_mux_16_1a/mux_8_1a/fifo_mux_2_1a/ (fifo_mux_2_1_bw20_simd1) #

#   Propagate Constraints from cell ofifo_inst/col_idx[3].fifo_instance/ (fifo_depth16_bw20_simd1) #

#   Propagate Constraints from cell ofifo_inst/col_idx[3].fifo_instance/fifo_mux_16_1a/ (fifo_mux_16_1_bw20_simd1) #

#   Propagate Constraints from cell ofifo_inst/col_idx[3].fifo_instance/fifo_mux_16_1a/mux_2_1a/ (fifo_mux_2_1_bw20_simd1) #

#   Propagate Constraints from cell ofifo_inst/col_idx[3].fifo_instance/fifo_mux_16_1a/mux_8_1b/ (fifo_mux_8_1_bw20_simd1) #

#   Propagate Constraints from cell ofifo_inst/col_idx[3].fifo_instance/fifo_mux_16_1a/mux_8_1b/fifo_mux_2_1g/ (fifo_mux_2_1_bw20_simd1) #

#   Propagate Constraints from cell ofifo_inst/col_idx[3].fifo_instance/fifo_mux_16_1a/mux_8_1b/fifo_mux_2_1f/ (fifo_mux_2_1_bw20_simd1) #

#   Propagate Constraints from cell ofifo_inst/col_idx[3].fifo_instance/fifo_mux_16_1a/mux_8_1b/fifo_mux_2_1e/ (fifo_mux_2_1_bw20_simd1) #

#   Propagate Constraints from cell ofifo_inst/col_idx[3].fifo_instance/fifo_mux_16_1a/mux_8_1b/fifo_mux_2_1d/ (fifo_mux_2_1_bw20_simd1) #

#   Propagate Constraints from cell ofifo_inst/col_idx[3].fifo_instance/fifo_mux_16_1a/mux_8_1b/fifo_mux_2_1c/ (fifo_mux_2_1_bw20_simd1) #

#   Propagate Constraints from cell ofifo_inst/col_idx[3].fifo_instance/fifo_mux_16_1a/mux_8_1b/fifo_mux_2_1b/ (fifo_mux_2_1_bw20_simd1) #

#   Propagate Constraints from cell ofifo_inst/col_idx[3].fifo_instance/fifo_mux_16_1a/mux_8_1b/fifo_mux_2_1a/ (fifo_mux_2_1_bw20_simd1) #

#   Propagate Constraints from cell ofifo_inst/col_idx[3].fifo_instance/fifo_mux_16_1a/mux_8_1a/ (fifo_mux_8_1_bw20_simd1) #

#   Propagate Constraints from cell ofifo_inst/col_idx[3].fifo_instance/fifo_mux_16_1a/mux_8_1a/fifo_mux_2_1g/ (fifo_mux_2_1_bw20_simd1) #

#   Propagate Constraints from cell ofifo_inst/col_idx[3].fifo_instance/fifo_mux_16_1a/mux_8_1a/fifo_mux_2_1f/ (fifo_mux_2_1_bw20_simd1) #

#   Propagate Constraints from cell ofifo_inst/col_idx[3].fifo_instance/fifo_mux_16_1a/mux_8_1a/fifo_mux_2_1e/ (fifo_mux_2_1_bw20_simd1) #

#   Propagate Constraints from cell ofifo_inst/col_idx[3].fifo_instance/fifo_mux_16_1a/mux_8_1a/fifo_mux_2_1d/ (fifo_mux_2_1_bw20_simd1) #

#   Propagate Constraints from cell ofifo_inst/col_idx[3].fifo_instance/fifo_mux_16_1a/mux_8_1a/fifo_mux_2_1c/ (fifo_mux_2_1_bw20_simd1) #

#   Propagate Constraints from cell ofifo_inst/col_idx[3].fifo_instance/fifo_mux_16_1a/mux_8_1a/fifo_mux_2_1b/ (fifo_mux_2_1_bw20_simd1) #

#   Propagate Constraints from cell ofifo_inst/col_idx[3].fifo_instance/fifo_mux_16_1a/mux_8_1a/fifo_mux_2_1a/ (fifo_mux_2_1_bw20_simd1) #

#   Propagate Constraints from cell ofifo_inst/col_idx[2].fifo_instance/ (fifo_depth16_bw20_simd1) #

#   Propagate Constraints from cell ofifo_inst/col_idx[2].fifo_instance/fifo_mux_16_1a/ (fifo_mux_16_1_bw20_simd1) #

#   Propagate Constraints from cell ofifo_inst/col_idx[2].fifo_instance/fifo_mux_16_1a/mux_2_1a/ (fifo_mux_2_1_bw20_simd1) #

#   Propagate Constraints from cell ofifo_inst/col_idx[2].fifo_instance/fifo_mux_16_1a/mux_8_1b/ (fifo_mux_8_1_bw20_simd1) #

#   Propagate Constraints from cell ofifo_inst/col_idx[2].fifo_instance/fifo_mux_16_1a/mux_8_1b/fifo_mux_2_1g/ (fifo_mux_2_1_bw20_simd1) #

#   Propagate Constraints from cell ofifo_inst/col_idx[2].fifo_instance/fifo_mux_16_1a/mux_8_1b/fifo_mux_2_1f/ (fifo_mux_2_1_bw20_simd1) #

#   Propagate Constraints from cell ofifo_inst/col_idx[2].fifo_instance/fifo_mux_16_1a/mux_8_1b/fifo_mux_2_1e/ (fifo_mux_2_1_bw20_simd1) #

#   Propagate Constraints from cell ofifo_inst/col_idx[2].fifo_instance/fifo_mux_16_1a/mux_8_1b/fifo_mux_2_1d/ (fifo_mux_2_1_bw20_simd1) #

#   Propagate Constraints from cell ofifo_inst/col_idx[2].fifo_instance/fifo_mux_16_1a/mux_8_1b/fifo_mux_2_1c/ (fifo_mux_2_1_bw20_simd1) #

#   Propagate Constraints from cell ofifo_inst/col_idx[2].fifo_instance/fifo_mux_16_1a/mux_8_1b/fifo_mux_2_1b/ (fifo_mux_2_1_bw20_simd1) #

#   Propagate Constraints from cell ofifo_inst/col_idx[2].fifo_instance/fifo_mux_16_1a/mux_8_1b/fifo_mux_2_1a/ (fifo_mux_2_1_bw20_simd1) #

#   Propagate Constraints from cell ofifo_inst/col_idx[2].fifo_instance/fifo_mux_16_1a/mux_8_1a/ (fifo_mux_8_1_bw20_simd1) #

#   Propagate Constraints from cell ofifo_inst/col_idx[2].fifo_instance/fifo_mux_16_1a/mux_8_1a/fifo_mux_2_1g/ (fifo_mux_2_1_bw20_simd1) #

#   Propagate Constraints from cell ofifo_inst/col_idx[2].fifo_instance/fifo_mux_16_1a/mux_8_1a/fifo_mux_2_1f/ (fifo_mux_2_1_bw20_simd1) #

#   Propagate Constraints from cell ofifo_inst/col_idx[2].fifo_instance/fifo_mux_16_1a/mux_8_1a/fifo_mux_2_1e/ (fifo_mux_2_1_bw20_simd1) #

#   Propagate Constraints from cell ofifo_inst/col_idx[2].fifo_instance/fifo_mux_16_1a/mux_8_1a/fifo_mux_2_1d/ (fifo_mux_2_1_bw20_simd1) #

#   Propagate Constraints from cell ofifo_inst/col_idx[2].fifo_instance/fifo_mux_16_1a/mux_8_1a/fifo_mux_2_1c/ (fifo_mux_2_1_bw20_simd1) #

#   Propagate Constraints from cell ofifo_inst/col_idx[2].fifo_instance/fifo_mux_16_1a/mux_8_1a/fifo_mux_2_1b/ (fifo_mux_2_1_bw20_simd1) #

#   Propagate Constraints from cell ofifo_inst/col_idx[2].fifo_instance/fifo_mux_16_1a/mux_8_1a/fifo_mux_2_1a/ (fifo_mux_2_1_bw20_simd1) #

#   Propagate Constraints from cell ofifo_inst/col_idx[1].fifo_instance/ (fifo_depth16_bw20_simd1) #

#   Propagate Constraints from cell ofifo_inst/col_idx[1].fifo_instance/fifo_mux_16_1a/ (fifo_mux_16_1_bw20_simd1) #

#   Propagate Constraints from cell ofifo_inst/col_idx[1].fifo_instance/fifo_mux_16_1a/mux_2_1a/ (fifo_mux_2_1_bw20_simd1) #

#   Propagate Constraints from cell ofifo_inst/col_idx[1].fifo_instance/fifo_mux_16_1a/mux_8_1b/ (fifo_mux_8_1_bw20_simd1) #

#   Propagate Constraints from cell ofifo_inst/col_idx[1].fifo_instance/fifo_mux_16_1a/mux_8_1b/fifo_mux_2_1g/ (fifo_mux_2_1_bw20_simd1) #

#   Propagate Constraints from cell ofifo_inst/col_idx[1].fifo_instance/fifo_mux_16_1a/mux_8_1b/fifo_mux_2_1f/ (fifo_mux_2_1_bw20_simd1) #

#   Propagate Constraints from cell ofifo_inst/col_idx[1].fifo_instance/fifo_mux_16_1a/mux_8_1b/fifo_mux_2_1e/ (fifo_mux_2_1_bw20_simd1) #

#   Propagate Constraints from cell ofifo_inst/col_idx[1].fifo_instance/fifo_mux_16_1a/mux_8_1b/fifo_mux_2_1d/ (fifo_mux_2_1_bw20_simd1) #

#   Propagate Constraints from cell ofifo_inst/col_idx[1].fifo_instance/fifo_mux_16_1a/mux_8_1b/fifo_mux_2_1c/ (fifo_mux_2_1_bw20_simd1) #

#   Propagate Constraints from cell ofifo_inst/col_idx[1].fifo_instance/fifo_mux_16_1a/mux_8_1b/fifo_mux_2_1b/ (fifo_mux_2_1_bw20_simd1) #

#   Propagate Constraints from cell ofifo_inst/col_idx[1].fifo_instance/fifo_mux_16_1a/mux_8_1b/fifo_mux_2_1a/ (fifo_mux_2_1_bw20_simd1) #

#   Propagate Constraints from cell ofifo_inst/col_idx[1].fifo_instance/fifo_mux_16_1a/mux_8_1a/ (fifo_mux_8_1_bw20_simd1) #

#   Propagate Constraints from cell ofifo_inst/col_idx[1].fifo_instance/fifo_mux_16_1a/mux_8_1a/fifo_mux_2_1g/ (fifo_mux_2_1_bw20_simd1) #

#   Propagate Constraints from cell ofifo_inst/col_idx[1].fifo_instance/fifo_mux_16_1a/mux_8_1a/fifo_mux_2_1f/ (fifo_mux_2_1_bw20_simd1) #

#   Propagate Constraints from cell ofifo_inst/col_idx[1].fifo_instance/fifo_mux_16_1a/mux_8_1a/fifo_mux_2_1e/ (fifo_mux_2_1_bw20_simd1) #

#   Propagate Constraints from cell ofifo_inst/col_idx[1].fifo_instance/fifo_mux_16_1a/mux_8_1a/fifo_mux_2_1d/ (fifo_mux_2_1_bw20_simd1) #

#   Propagate Constraints from cell ofifo_inst/col_idx[1].fifo_instance/fifo_mux_16_1a/mux_8_1a/fifo_mux_2_1c/ (fifo_mux_2_1_bw20_simd1) #

#   Propagate Constraints from cell ofifo_inst/col_idx[1].fifo_instance/fifo_mux_16_1a/mux_8_1a/fifo_mux_2_1b/ (fifo_mux_2_1_bw20_simd1) #

#   Propagate Constraints from cell ofifo_inst/col_idx[1].fifo_instance/fifo_mux_16_1a/mux_8_1a/fifo_mux_2_1a/ (fifo_mux_2_1_bw20_simd1) #

#   Propagate Constraints from cell ofifo_inst/col_idx[0].fifo_instance/ (fifo_depth16_bw20_simd1) #

#   Propagate Constraints from cell ofifo_inst/col_idx[0].fifo_instance/fifo_mux_16_1a/ (fifo_mux_16_1_bw20_simd1) #

#   Propagate Constraints from cell ofifo_inst/col_idx[0].fifo_instance/fifo_mux_16_1a/mux_2_1a/ (fifo_mux_2_1_bw20_simd1) #

#   Propagate Constraints from cell ofifo_inst/col_idx[0].fifo_instance/fifo_mux_16_1a/mux_8_1b/ (fifo_mux_8_1_bw20_simd1) #

#   Propagate Constraints from cell ofifo_inst/col_idx[0].fifo_instance/fifo_mux_16_1a/mux_8_1b/fifo_mux_2_1g/ (fifo_mux_2_1_bw20_simd1) #

#   Propagate Constraints from cell ofifo_inst/col_idx[0].fifo_instance/fifo_mux_16_1a/mux_8_1b/fifo_mux_2_1f/ (fifo_mux_2_1_bw20_simd1) #

#   Propagate Constraints from cell ofifo_inst/col_idx[0].fifo_instance/fifo_mux_16_1a/mux_8_1b/fifo_mux_2_1e/ (fifo_mux_2_1_bw20_simd1) #

#   Propagate Constraints from cell ofifo_inst/col_idx[0].fifo_instance/fifo_mux_16_1a/mux_8_1b/fifo_mux_2_1d/ (fifo_mux_2_1_bw20_simd1) #

#   Propagate Constraints from cell ofifo_inst/col_idx[0].fifo_instance/fifo_mux_16_1a/mux_8_1b/fifo_mux_2_1c/ (fifo_mux_2_1_bw20_simd1) #

#   Propagate Constraints from cell ofifo_inst/col_idx[0].fifo_instance/fifo_mux_16_1a/mux_8_1b/fifo_mux_2_1b/ (fifo_mux_2_1_bw20_simd1) #

#   Propagate Constraints from cell ofifo_inst/col_idx[0].fifo_instance/fifo_mux_16_1a/mux_8_1b/fifo_mux_2_1a/ (fifo_mux_2_1_bw20_simd1) #

#   Propagate Constraints from cell ofifo_inst/col_idx[0].fifo_instance/fifo_mux_16_1a/mux_8_1a/ (fifo_mux_8_1_bw20_simd1) #

#   Propagate Constraints from cell ofifo_inst/col_idx[0].fifo_instance/fifo_mux_16_1a/mux_8_1a/fifo_mux_2_1g/ (fifo_mux_2_1_bw20_simd1) #

#   Propagate Constraints from cell ofifo_inst/col_idx[0].fifo_instance/fifo_mux_16_1a/mux_8_1a/fifo_mux_2_1f/ (fifo_mux_2_1_bw20_simd1) #

#   Propagate Constraints from cell ofifo_inst/col_idx[0].fifo_instance/fifo_mux_16_1a/mux_8_1a/fifo_mux_2_1e/ (fifo_mux_2_1_bw20_simd1) #

#   Propagate Constraints from cell ofifo_inst/col_idx[0].fifo_instance/fifo_mux_16_1a/mux_8_1a/fifo_mux_2_1d/ (fifo_mux_2_1_bw20_simd1) #

#   Propagate Constraints from cell ofifo_inst/col_idx[0].fifo_instance/fifo_mux_16_1a/mux_8_1a/fifo_mux_2_1c/ (fifo_mux_2_1_bw20_simd1) #

#   Propagate Constraints from cell ofifo_inst/col_idx[0].fifo_instance/fifo_mux_16_1a/mux_8_1a/fifo_mux_2_1b/ (fifo_mux_2_1_bw20_simd1) #

#   Propagate Constraints from cell ofifo_inst/col_idx[0].fifo_instance/fifo_mux_16_1a/mux_8_1a/fifo_mux_2_1a/ (fifo_mux_2_1_bw20_simd1) #

#   Propagate Constraints from cell mac_array_instance/ (mac_array_col8_bw8_bw_psum20_pr16) #

#   Propagate Constraints from cell mac_array_instance/col_idx[8].mac_col_inst/ (mac_col_bw8_bw_psum20_pr16_col_id8) #

#   Propagate Constraints from cell mac_array_instance/col_idx[8].mac_col_inst/mac_16in_instance/ (mac_16in_bw8_bw_psum20_pr16) #

#   Propagate Constraints from cell mac_array_instance/col_idx[7].mac_col_inst/ (mac_col_bw8_bw_psum20_pr16_col_id7) #

#   Propagate Constraints from cell mac_array_instance/col_idx[7].mac_col_inst/mac_16in_instance/ (mac_16in_bw8_bw_psum20_pr16) #

#   Propagate Constraints from cell mac_array_instance/col_idx[6].mac_col_inst/ (mac_col_bw8_bw_psum20_pr16_col_id6) #

#   Propagate Constraints from cell mac_array_instance/col_idx[6].mac_col_inst/mac_16in_instance/ (mac_16in_bw8_bw_psum20_pr16) #

#   Propagate Constraints from cell mac_array_instance/col_idx[5].mac_col_inst/ (mac_col_bw8_bw_psum20_pr16_col_id5) #

#   Propagate Constraints from cell mac_array_instance/col_idx[5].mac_col_inst/mac_16in_instance/ (mac_16in_bw8_bw_psum20_pr16) #

#   Propagate Constraints from cell mac_array_instance/col_idx[4].mac_col_inst/ (mac_col_bw8_bw_psum20_pr16_col_id4) #

#   Propagate Constraints from cell mac_array_instance/col_idx[4].mac_col_inst/mac_16in_instance/ (mac_16in_bw8_bw_psum20_pr16) #

#   Propagate Constraints from cell mac_array_instance/col_idx[3].mac_col_inst/ (mac_col_bw8_bw_psum20_pr16_col_id3) #

#   Propagate Constraints from cell mac_array_instance/col_idx[3].mac_col_inst/mac_16in_instance/ (mac_16in_bw8_bw_psum20_pr16) #

#   Propagate Constraints from cell mac_array_instance/col_idx[2].mac_col_inst/ (mac_col_bw8_bw_psum20_pr16_col_id2) #

#   Propagate Constraints from cell mac_array_instance/col_idx[2].mac_col_inst/mac_16in_instance/ (mac_16in_bw8_bw_psum20_pr16) #

#   Propagate Constraints from cell mac_array_instance/col_idx[1].mac_col_inst/ (mac_col_bw8_bw_psum20_pr16_col_id1) #

#   Propagate Constraints from cell mac_array_instance/col_idx[1].mac_col_inst/mac_16in_instance/ (mac_16in_bw8_bw_psum20_pr16) #
Current design is 'core'.
Warning: Design 'core' has '3' unresolved references. For more detailed information, use the "link" command. (UID-341)
Warning: Design 'core' has '3' unresolved references. For more detailed information, use the "link" command. (UID-341)
Warning: Design rule attributes from the driving cell will be
        set on the port. (UID-401)
Warning: Design rule attributes from the driving cell will be
        set on the port. (UID-401)
Warning: Design rule attributes from the driving cell will be
        set on the port. (UID-401)
Warning: Design rule attributes from the driving cell will be
        set on the port. (UID-401)
Warning: Design rule attributes from the driving cell will be
        set on the port. (UID-401)
Warning: Design rule attributes from the driving cell will be
        set on the port. (UID-401)
Warning: Design rule attributes from the driving cell will be
        set on the port. (UID-401)
Warning: Design rule attributes from the driving cell will be
        set on the port. (UID-401)
Warning: Design rule attributes from the driving cell will be
        set on the port. (UID-401)
Warning: Design rule attributes from the driving cell will be
        set on the port. (UID-401)
Warning: Design rule attributes from the driving cell will be
        set on the port. (UID-401)
Warning: Design rule attributes from the driving cell will be
        set on the port. (UID-401)
Warning: Design rule attributes from the driving cell will be
        set on the port. (UID-401)
Warning: Design rule attributes from the driving cell will be
        set on the port. (UID-401)
Warning: Design rule attributes from the driving cell will be
        set on the port. (UID-401)
Warning: Design rule attributes from the driving cell will be
        set on the port. (UID-401)
Warning: Design rule attributes from the driving cell will be
        set on the port. (UID-401)
Warning: Design rule attributes from the driving cell will be
        set on the port. (UID-401)
Warning: Design rule attributes from the driving cell will be
        set on the port. (UID-401)
Warning: Design rule attributes from the driving cell will be
        set on the port. (UID-401)
Warning: Design rule attributes from the driving cell will be
        set on the port. (UID-401)
Warning: Design rule attributes from the driving cell will be
        set on the port. (UID-401)
Warning: Design rule attributes from the driving cell will be
        set on the port. (UID-401)
Warning: Design rule attributes from the driving cell will be
        set on the port. (UID-401)
Warning: Design rule attributes from the driving cell will be
        set on the port. (UID-401)
Warning: Design rule attributes from the driving cell will be
        set on the port. (UID-401)
Warning: Design rule attributes from the driving cell will be
        set on the port. (UID-401)
Warning: Design rule attributes from the driving cell will be
        set on the port. (UID-401)
Warning: Design rule attributes from the driving cell will be
        set on the port. (UID-401)
Warning: Design rule attributes from the driving cell will be
        set on the port. (UID-401)
Warning: Design rule attributes from the driving cell will be
        set on the port. (UID-401)
Warning: Design rule attributes from the driving cell will be
        set on the port. (UID-401)
Warning: Design rule attributes from the driving cell will be
        set on the port. (UID-401)
Warning: Design rule attributes from the driving cell will be
        set on the port. (UID-401)
Warning: Design rule attributes from the driving cell will be
        set on the port. (UID-401)
Warning: Design rule attributes from the driving cell will be
        set on the port. (UID-401)
Warning: Design rule attributes from the driving cell will be
        set on the port. (UID-401)
Warning: Design rule attributes from the driving cell will be
        set on the port. (UID-401)
Warning: Design rule attributes from the driving cell will be
        set on the port. (UID-401)
Warning: Design rule attributes from the driving cell will be
        set on the port. (UID-401)
Warning: Design rule attributes from the driving cell will be
        set on the port. (UID-401)
Warning: Design rule attributes from the driving cell will be
        set on the port. (UID-401)
Warning: Design rule attributes from the driving cell will be
        set on the port. (UID-401)
Warning: Design rule attributes from the driving cell will be
        set on the port. (UID-401)
Warning: Design rule attributes from the driving cell will be
        set on the port. (UID-401)
Warning: Design rule attributes from the driving cell will be
        set on the port. (UID-401)
Warning: Design rule attributes from the driving cell will be
        set on the port. (UID-401)
Warning: Design rule attributes from the driving cell will be
        set on the port. (UID-401)
Warning: Design rule attributes from the driving cell will be
        set on the port. (UID-401)
Warning: Design rule attributes from the driving cell will be
        set on the port. (UID-401)
Warning: Design rule attributes from the driving cell will be
        set on the port. (UID-401)
Warning: Design rule attributes from the driving cell will be
        set on the port. (UID-401)
Warning: Design rule attributes from the driving cell will be
        set on the port. (UID-401)
Warning: Design rule attributes from the driving cell will be
        set on the port. (UID-401)
Warning: Design rule attributes from the driving cell will be
        set on the port. (UID-401)
Warning: Design rule attributes from the driving cell will be
        set on the port. (UID-401)
Warning: Design rule attributes from the driving cell will be
        set on the port. (UID-401)
Warning: Design rule attributes from the driving cell will be
        set on the port. (UID-401)
Warning: Design rule attributes from the driving cell will be
        set on the port. (UID-401)
Warning: Design rule attributes from the driving cell will be
        set on the port. (UID-401)
Warning: Design rule attributes from the driving cell will be
        set on the port. (UID-401)
Warning: Design rule attributes from the driving cell will be
        set on the port. (UID-401)
Warning: Design rule attributes from the driving cell will be
        set on the port. (UID-401)
Warning: Design rule attributes from the driving cell will be
        set on the port. (UID-401)
Warning: Design rule attributes from the driving cell will be
        set on the port. (UID-401)
Warning: Design rule attributes from the driving cell will be
        set on the port. (UID-401)
Warning: Design rule attributes from the driving cell will be
        set on the port. (UID-401)
Warning: Design rule attributes from the driving cell will be
        set on the port. (UID-401)
Warning: Design rule attributes from the driving cell will be
        set on the port. (UID-401)
Warning: Design rule attributes from the driving cell will be
        set on the port. (UID-401)
Warning: Design rule attributes from the driving cell will be
        set on the port. (UID-401)
Warning: Design rule attributes from the driving cell will be
        set on the port. (UID-401)
Warning: Design rule attributes from the driving cell will be
        set on the port. (UID-401)
Warning: Design rule attributes from the driving cell will be
        set on the port. (UID-401)
Warning: Design rule attributes from the driving cell will be
        set on the port. (UID-401)
Warning: Design rule attributes from the driving cell will be
        set on the port. (UID-401)
Warning: Design rule attributes from the driving cell will be
        set on the port. (UID-401)
Warning: Design rule attributes from the driving cell will be
        set on the port. (UID-401)
Warning: Design rule attributes from the driving cell will be
        set on the port. (UID-401)
Warning: Design rule attributes from the driving cell will be
        set on the port. (UID-401)
Warning: Design rule attributes from the driving cell will be
        set on the port. (UID-401)
Warning: Design rule attributes from the driving cell will be
        set on the port. (UID-401)
Warning: Design rule attributes from the driving cell will be
        set on the port. (UID-401)
Warning: Design rule attributes from the driving cell will be
        set on the port. (UID-401)
Warning: Design rule attributes from the driving cell will be
        set on the port. (UID-401)
Warning: Design rule attributes from the driving cell will be
        set on the port. (UID-401)
Warning: Design rule attributes from the driving cell will be
        set on the port. (UID-401)
Warning: Design rule attributes from the driving cell will be
        set on the port. (UID-401)
Warning: Design rule attributes from the driving cell will be
        set on the port. (UID-401)
Warning: Design rule attributes from the driving cell will be
        set on the port. (UID-401)
Warning: Design rule attributes from the driving cell will be
        set on the port. (UID-401)
Warning: Design rule attributes from the driving cell will be
        set on the port. (UID-401)
Warning: Design rule attributes from the driving cell will be
        set on the port. (UID-401)
Warning: Design rule attributes from the driving cell will be
        set on the port. (UID-401)
Warning: Design rule attributes from the driving cell will be
        set on the port. (UID-401)
Warning: Design rule attributes from the driving cell will be
        set on the port. (UID-401)
Warning: Design rule attributes from the driving cell will be
        set on the port. (UID-401)
Warning: Design rule attributes from the driving cell will be
        set on the port. (UID-401)
Warning: Design rule attributes from the driving cell will be
        set on the port. (UID-401)
Warning: Design rule attributes from the driving cell will be
        set on the port. (UID-401)
Warning: Design rule attributes from the driving cell will be
        set on the port. (UID-401)
Warning: Design rule attributes from the driving cell will be
        set on the port. (UID-401)
Warning: Design rule attributes from the driving cell will be
        set on the port. (UID-401)
Warning: Design rule attributes from the driving cell will be
        set on the port. (UID-401)
Warning: Design rule attributes from the driving cell will be
        set on the port. (UID-401)
Warning: Design rule attributes from the driving cell will be
        set on the port. (UID-401)
Warning: Design rule attributes from the driving cell will be
        set on the port. (UID-401)
Warning: Design rule attributes from the driving cell will be
        set on the port. (UID-401)
Warning: Design rule attributes from the driving cell will be
        set on the port. (UID-401)
Warning: Design rule attributes from the driving cell will be
        set on the port. (UID-401)
Warning: Design rule attributes from the driving cell will be
        set on the port. (UID-401)
Warning: Design rule attributes from the driving cell will be
        set on the port. (UID-401)
Warning: Design rule attributes from the driving cell will be
        set on the port. (UID-401)
Warning: Design rule attributes from the driving cell will be
        set on the port. (UID-401)
Warning: Design rule attributes from the driving cell will be
        set on the port. (UID-401)
Warning: Design rule attributes from the driving cell will be
        set on the port. (UID-401)
Warning: Design rule attributes from the driving cell will be
        set on the port. (UID-401)
Warning: Design rule attributes from the driving cell will be
        set on the port. (UID-401)
Warning: Design rule attributes from the driving cell will be
        set on the port. (UID-401)
Warning: Design rule attributes from the driving cell will be
        set on the port. (UID-401)
Warning: Design rule attributes from the driving cell will be
        set on the port. (UID-401)
Warning: Design rule attributes from the driving cell will be
        set on the port. (UID-401)
Warning: Design rule attributes from the driving cell will be
        set on the port. (UID-401)
Warning: Design rule attributes from the driving cell will be
        set on the port. (UID-401)
Warning: Design rule attributes from the driving cell will be
        set on the port. (UID-401)
Warning: Design rule attributes from the driving cell will be
        set on the port. (UID-401)
Warning: Design rule attributes from the driving cell will be
        set on the port. (UID-401)
Warning: Design rule attributes from the driving cell will be
        set on the port. (UID-401)
Warning: Design rule attributes from the driving cell will be
        set on the port. (UID-401)
Warning: Design rule attributes from the driving cell will be
        set on the port. (UID-401)
Warning: Design rule attributes from the driving cell will be
        set on the port. (UID-401)
Warning: Design rule attributes from the driving cell will be
        set on the port. (UID-401)
Warning: Design rule attributes from the driving cell will be
        set on the port. (UID-401)
Warning: Design rule attributes from the driving cell will be
        set on the port. (UID-401)
Warning: Design rule attributes from the driving cell will be
        set on the port. (UID-401)
Warning: Design rule attributes from the driving cell will be
        set on the port. (UID-401)
Warning: Design rule attributes from the driving cell will be
        set on the port. (UID-401)
Warning: Design rule attributes from the driving cell will be
        set on the port. (UID-401)
Warning: Design rule attributes from the driving cell will be
        set on the port. (UID-401)
Warning: Design rule attributes from the driving cell will be
        set on the port. (UID-401)
Warning: Design rule attributes from the driving cell will be
        set on the port. (UID-401)
Warning: Design rule attributes from the driving cell will be
        set on the port. (UID-401)
Warning: Design rule attributes from the driving cell will be
        set on the port. (UID-401)
Warning: Design rule attributes from the driving cell will be
        set on the port. (UID-401)
Warning: Design rule attributes from the driving cell will be
        set on the port. (UID-401)
Warning: Design rule attributes from the driving cell will be
        set on the port. (UID-401)
Warning: Design rule attributes from the driving cell will be
        set on the port. (UID-401)
Warning: Design rule attributes from the driving cell will be
        set on the port. (UID-401)
Warning: Design rule attributes from the driving cell will be
        set on the port. (UID-401)
Warning: Design rule attributes from the driving cell will be
        set on the port. (UID-401)
Warning: Design rule attributes from the driving cell will be
        set on the port. (UID-401)
Warning: Design rule attributes from the driving cell will be
        set on the port. (UID-401)
Warning: Design rule attributes from the driving cell will be
        set on the port. (UID-401)
Warning: Design rule attributes from the driving cell will be
        set on the port. (UID-401)
Warning: Design rule attributes from the driving cell will be
        set on the port. (UID-401)
Warning: Design rule attributes from the driving cell will be
        set on the port. (UID-401)
Warning: Design rule attributes from the driving cell will be
        set on the port. (UID-401)
Warning: Design rule attributes from the driving cell will be
        set on the port. (UID-401)
Warning: Design rule attributes from the driving cell will be
        set on the port. (UID-401)
Warning: Design rule attributes from the driving cell will be
        set on the port. (UID-401)
Warning: Design rule attributes from the driving cell will be
        set on the port. (UID-401)
Warning: Design rule attributes from the driving cell will be
        set on the port. (UID-401)
Warning: Design rule attributes from the driving cell will be
        set on the port. (UID-401)
Warning: Design rule attributes from the driving cell will be
        set on the port. (UID-401)
Warning: Design rule attributes from the driving cell will be
        set on the port. (UID-401)
Warning: Design rule attributes from the driving cell will be
        set on the port. (UID-401)
Warning: Design rule attributes from the driving cell will be
        set on the port. (UID-401)
Warning: Design rule attributes from the driving cell will be
        set on the port. (UID-401)
Warning: Design rule attributes from the driving cell will be
        set on the port. (UID-401)
Warning: Design rule attributes from the driving cell will be
        set on the port. (UID-401)
Warning: Design rule attributes from the driving cell will be
        set on the port. (UID-401)
Warning: Design rule attributes from the driving cell will be
        set on the port. (UID-401)
Warning: Design 'core' has '3' unresolved references. For more detailed information, use the "link" command. (UID-341)
Current design is 'core'.
Current design is 'mac_array_col8_bw8_bw_psum20_pr16'.
Current design is 'ofifo_col8_bw20'.
Current design is 'mac_col_bw8_bw_psum20_pr16_col_id1'.
Current design is 'mac_col_bw8_bw_psum20_pr16_col_id2'.
Current design is 'mac_col_bw8_bw_psum20_pr16_col_id3'.
Current design is 'mac_col_bw8_bw_psum20_pr16_col_id4'.
Current design is 'mac_col_bw8_bw_psum20_pr16_col_id5'.
Current design is 'mac_col_bw8_bw_psum20_pr16_col_id6'.
Current design is 'mac_col_bw8_bw_psum20_pr16_col_id7'.
Current design is 'mac_col_bw8_bw_psum20_pr16_col_id8'.
Current design is 'fifo_depth16_bw20_simd1'.
Current design is 'mac_16in_bw8_bw_psum20_pr16'.
Current design is 'fifo_mux_16_1_bw20_simd1'.
Current design is 'fifo_mux_8_1_bw20_simd1'.
Current design is 'fifo_mux_2_1_bw20_simd1'.
Current design is 'core'.
Information: Building the design 'sram_w16' instantiated from design 'core' with
        the parameters "sram_bit=128". (HDL-193)
Warning: Cannot find the design 'sram_w16' in the library 'WORK'. (LBR-1)
Information: Building the design 'sram_2ports' instantiated from design 'core' with
        the parameters "sram_bit=160". (HDL-193)
Warning: Cannot find the design 'sram_2ports' in the library 'WORK'. (LBR-1)
Information: Building the design 'sfp_row' instantiated from design 'core' with
        the parameters "col=8,bw=8,bw_psum=20". (HDL-193)
Warning: Cannot find the design 'sfp_row' in the library 'WORK'. (LBR-1)
Warning: Unable to resolve reference 'sram_w16' in 'core'. (LINK-5)
Warning: Unable to resolve reference 'sram_2ports' in 'core'. (LINK-5)
Warning: Unable to resolve reference 'sfp_row' in 'core'. (LINK-5)
Information: Performing power optimization. (PWR-850)
Alib files are up-to-date.
Loading db file '/software/nonrdist64/dc-2015.06-64/libraries/syn/dw_foundation.sldb'
Warning: DesignWare synthetic library dw_foundation.sldb is added to the synthetic_library in the current command. (UISN-40)
Information: Evaluating DesignWare library utilization. (UISN-27)

============================================================================
| DesignWare Building Block Library  |         Version         | Available |
============================================================================
| Basic DW Building Blocks           | K-2015.06-DWBB_201506.2 |     *     |
| Licensed DW Building Blocks        | K-2015.06-DWBB_201506.2 |     *     |
============================================================================

Information: Sequential output inversion is enabled.  SVF file must be used for formal verification. (OPT-1208)

Information: There are 494 potential problems in your design. Please run 'check_design' for more information. (LINT-99)

Information: Uniquified 8 instances of design 'fifo_depth16_bw20_simd1'. (OPT-1056)
Information: Uniquified 8 instances of design 'mac_16in_bw8_bw_psum20_pr16'. (OPT-1056)
Information: Uniquified 8 instances of design 'fifo_mux_16_1_bw20_simd1'. (OPT-1056)
Information: Uniquified 16 instances of design 'fifo_mux_8_1_bw20_simd1'. (OPT-1056)
Information: Uniquified 120 instances of design 'fifo_mux_2_1_bw20_simd1'. (OPT-1056)
  Simplifying Design 'core'

Information: Building the design 'sram_w16' instantiated from design 'core' with
        the parameters "sram_bit=128". (HDL-193)
Warning: Cannot find the design 'sram_w16' in the library 'WORK'. (LBR-1)
Information: Building the design 'sram_2ports' instantiated from design 'core' with
        the parameters "sram_bit=160". (HDL-193)
Warning: Cannot find the design 'sram_2ports' in the library 'WORK'. (LBR-1)
Information: Building the design 'sfp_row' instantiated from design 'core' with
        the parameters "col=8,bw=8,bw_psum=20". (HDL-193)
Warning: Cannot find the design 'sfp_row' in the library 'WORK'. (LBR-1)
Warning: Unable to resolve reference 'sram_w16' in 'core'. (LINK-5)
Warning: Unable to resolve reference 'sram_2ports' in 'core'. (LINK-5)
Warning: Unable to resolve reference 'sfp_row' in 'core'. (LINK-5)
Loaded alib file './alib-52/tcbn65gpluswc.db.alib'
Information: State dependent leakage is now switched from on to off.

  Beginning Pass 1 Mapping
  ------------------------
  Processing 'mac_col_bw8_bw_psum20_pr16_col_id7'
Information: Added key list 'DesignWare' to design 'mac_col_bw8_bw_psum20_pr16_col_id7'. (DDB-72)
  Processing 'mac_col_bw8_bw_psum20_pr16_col_id2'
Information: Added key list 'DesignWare' to design 'mac_col_bw8_bw_psum20_pr16_col_id2'. (DDB-72)
  Processing 'mac_col_bw8_bw_psum20_pr16_col_id6'
Information: Added key list 'DesignWare' to design 'mac_col_bw8_bw_psum20_pr16_col_id6'. (DDB-72)
  Processing 'mac_col_bw8_bw_psum20_pr16_col_id8'
Information: Added key list 'DesignWare' to design 'mac_col_bw8_bw_psum20_pr16_col_id8'. (DDB-72)
  Processing 'mac_col_bw8_bw_psum20_pr16_col_id5'
Information: Added key list 'DesignWare' to design 'mac_col_bw8_bw_psum20_pr16_col_id5'. (DDB-72)
  Processing 'core'
Information: Added key list 'DesignWare' to design 'core'. (DDB-72)
  Processing 'mac_16in_bw8_bw_psum20_pr16_0'
 Implement Synthetic for 'mac_16in_bw8_bw_psum20_pr16_0'.
  Processing 'mac_col_bw8_bw_psum20_pr16_col_id4'
Information: Added key list 'DesignWare' to design 'mac_col_bw8_bw_psum20_pr16_col_id4'. (DDB-72)
  Processing 'mac_array_col8_bw8_bw_psum20_pr16'
  Processing 'fifo_depth16_bw20_simd1_0'
Information: Added key list 'DesignWare' to design 'fifo_depth16_bw20_simd1_0'. (DDB-72)
 Implement Synthetic for 'fifo_depth16_bw20_simd1_0'.
  Processing 'fifo_mux_8_1_bw20_simd1_0'
  Processing 'fifo_depth16_bw20_simd1_7'
Information: Added key list 'DesignWare' to design 'fifo_depth16_bw20_simd1_7'. (DDB-72)
 Implement Synthetic for 'fifo_depth16_bw20_simd1_7'.
  Processing 'ofifo_col8_bw20'
  Processing 'mac_col_bw8_bw_psum20_pr16_col_id3'
Information: Added key list 'DesignWare' to design 'mac_col_bw8_bw_psum20_pr16_col_id3'. (DDB-72)
  Processing 'fifo_mux_16_1_bw20_simd1_0'
  Processing 'fifo_mux_2_1_bw20_simd1_112'
  Processing 'mac_col_bw8_bw_psum20_pr16_col_id1'
Information: Added key list 'DesignWare' to design 'mac_col_bw8_bw_psum20_pr16_col_id1'. (DDB-72)
  Processing 'fifo_mux_16_1_bw20_simd1_7'
Information: Building the design 'sram_w16' instantiated from design 'core' with
        the parameters "sram_bit=128". (HDL-193)
Warning: Cannot find the design 'sram_w16' in the library 'WORK'. (LBR-1)
Information: Building the design 'sram_2ports' instantiated from design 'core' with
        the parameters "sram_bit=160". (HDL-193)
Warning: Cannot find the design 'sram_2ports' in the library 'WORK'. (LBR-1)
Information: Building the design 'sfp_row' instantiated from design 'core' with
        the parameters "col=8,bw=8,bw_psum=20". (HDL-193)
Warning: Cannot find the design 'sfp_row' in the library 'WORK'. (LBR-1)
Warning: Unable to resolve reference 'sram_w16' in 'core'. (LINK-5)
Warning: Unable to resolve reference 'sram_2ports' in 'core'. (LINK-5)
Warning: Unable to resolve reference 'sfp_row' in 'core'. (LINK-5)

  Updating timing information
Information: Updating design information... (UID-85)
Information: The library cell 'TIEL' in the library 'tcbn65gpluswc' is not characterized for internal power. (PWR-536)
Information: The library cell 'TIEH' in the library 'tcbn65gpluswc' is not characterized for internal power. (PWR-536)
Information: The target library(s) contains cell(s), other than black boxes, that are not characterized for internal power. (PWR-24)

  Beginning Mapping Optimizations  (Ultra High effort)
  -------------------------------

  Beginning Constant Register Removal
  -----------------------------------

  Beginning Global Optimizations
  ------------------------------
  Numerical Synthesis (Phase 1)
  Numerical Synthesis (Phase 2)
  Global Optimization (Phase 1)
  Global Optimization (Phase 2)
  Global Optimization (Phase 3)
  Global Optimization (Phase 4)
  Global Optimization (Phase 5)
  Global Optimization (Phase 6)
  Global Optimization (Phase 7)
  Global Optimization (Phase 8)
  Global Optimization (Phase 9)
  Global Optimization (Phase 10)
  Global Optimization (Phase 11)
  Global Optimization (Phase 12)
  Global Optimization (Phase 13)
  Global Optimization (Phase 14)
  Global Optimization (Phase 15)
  Global Optimization (Phase 16)
  Global Optimization (Phase 17)
  Global Optimization (Phase 18)
  Global Optimization (Phase 19)
  Global Optimization (Phase 20)
  Global Optimization (Phase 21)
  Global Optimization (Phase 22)
  Global Optimization (Phase 23)
  Global Optimization (Phase 24)
  Global Optimization (Phase 25)
  Global Optimization (Phase 26)
  Global Optimization (Phase 27)
  Global Optimization (Phase 28)
  Global Optimization (Phase 29)
  Global Optimization (Phase 30)
  Global Optimization (Phase 31)
Information: Added key list 'DesignWare' to design 'mac_16in_bw8_bw_psum20_pr16_7'. (DDB-72)
Information: Added key list 'DesignWare' to design 'mac_16in_bw8_bw_psum20_pr16_0'. (DDB-72)
Information: Added key list 'DesignWare' to design 'mac_16in_bw8_bw_psum20_pr16_1'. (DDB-72)
Information: Added key list 'DesignWare' to design 'mac_16in_bw8_bw_psum20_pr16_2'. (DDB-72)
Information: Added key list 'DesignWare' to design 'mac_16in_bw8_bw_psum20_pr16_3'. (DDB-72)
Information: Added key list 'DesignWare' to design 'mac_16in_bw8_bw_psum20_pr16_4'. (DDB-72)
Information: Added key list 'DesignWare' to design 'mac_16in_bw8_bw_psum20_pr16_5'. (DDB-72)
Information: Added key list 'DesignWare' to design 'mac_16in_bw8_bw_psum20_pr16_6'. (DDB-72)

  Beginning Isolate Ports
  -----------------------

  Beginning Delay Optimization
  ----------------------------

                                  TOTAL                                                
   ELAPSED            WORST NEG   SETUP    DESIGN                              LEAKAGE 
    TIME      AREA      SLACK     COST    RULE COST         ENDPOINT            POWER  
  --------- --------- --------- --------- --------- ------------------------- ---------
    0:01:31  169062.8      0.00       0.0       8.4                           1570927.0000
    0:01:31  169062.8      0.00       0.0       8.4                           1570927.0000
    0:01:31  169062.8      0.00       0.0       8.4                           1570927.0000
    0:01:33  169040.2      0.00       0.0       7.8                           1571173.2500

  Beginning WLM Backend Optimization
  --------------------------------------
    0:01:51  167861.2      0.00       0.0       7.8                           1532500.1250
    0:01:57  165676.3      0.00       0.0       7.8                           1483201.6250
    0:02:07  165675.6      0.00       0.0       7.8                           1379012.7500
    0:02:07  165675.6      0.00       0.0       7.8                           1379012.7500
    0:02:07  165675.6      0.00       0.0       7.8                           1379012.7500
    0:02:07  165675.6      0.00       0.0       7.8                           1379012.7500
    0:02:07  165675.6      0.00       0.0       7.8                           1379012.7500
    0:02:07  165675.6      0.00       0.0       7.8                           1379012.7500
    0:02:07  165675.6      0.00       0.0       7.8                           1379012.7500
    0:02:07  165675.6      0.00       0.0       7.8                           1379012.7500
    0:02:07  165675.6      0.00       0.0       7.8                           1379012.7500
    0:02:07  165675.6      0.00       0.0       7.8                           1379012.7500
    0:02:07  165675.6      0.00       0.0       7.8                           1379012.7500
    0:02:07  165675.6      0.00       0.0       7.8                           1379012.7500
    0:02:07  165675.6      0.00       0.0       7.8                           1379012.7500
    0:02:07  165675.6      0.00       0.0       7.8                           1379012.7500
    0:02:07  165675.6      0.00       0.0       7.8                           1379012.7500
    0:02:07  165675.6      0.00       0.0       7.8                           1379012.7500
    0:02:07  165675.6      0.00       0.0       7.8                           1379012.7500
    0:02:07  165675.6      0.00       0.0       7.8                           1379012.7500
    0:02:07  165675.6      0.00       0.0       7.8                           1379012.7500


  Beginning Design Rule Fixing  (max_transition)  (max_capacitance)
  ----------------------------

                                  TOTAL                                                
   ELAPSED            WORST NEG   SETUP    DESIGN                              LEAKAGE 
    TIME      AREA      SLACK     COST    RULE COST         ENDPOINT            POWER  
  --------- --------- --------- --------- --------- ------------------------- ---------
    0:02:07  165675.6      0.00       0.0       7.8                           1379012.7500
  Global Optimization (Phase 32)
  Global Optimization (Phase 33)
  Global Optimization (Phase 34)
    0:02:08  165691.8      0.00       0.0       0.0                           1379322.0000
    0:02:08  165691.8      0.00       0.0       0.0                           1379322.0000


  Beginning Leakage Power Optimization  (max_leakage_power 0)
  ------------------------------------

                                  TOTAL                                                
   ELAPSED            WORST NEG   SETUP    DESIGN                              LEAKAGE 
    TIME      AREA      SLACK     COST    RULE COST         ENDPOINT            POWER  
  --------- --------- --------- --------- --------- ------------------------- ---------
    0:02:08  165691.8      0.00       0.0       0.0                           1379322.0000
  Global Optimization (Phase 35)
  Global Optimization (Phase 36)
  Global Optimization (Phase 37)
  Global Optimization (Phase 38)
  Global Optimization (Phase 39)
  Global Optimization (Phase 40)
  Global Optimization (Phase 41)
  Global Optimization (Phase 42)
  Global Optimization (Phase 43)
  Global Optimization (Phase 44)
  Global Optimization (Phase 45)
  Global Optimization (Phase 46)
  Global Optimization (Phase 47)
  Global Optimization (Phase 48)
    0:02:18  165393.0      0.00       0.0       0.0                           1363450.5000
    0:02:18  165393.0      0.00       0.0       0.0                           1363450.5000
    0:02:18  165393.0      0.00       0.0       0.0                           1363450.5000
    0:02:21  165393.0      0.00       0.0       0.0                           1363113.0000
    0:02:21  165393.0      0.00       0.0       0.0                           1363113.0000
    0:02:21  165393.0      0.00       0.0       0.0                           1363113.0000
    0:02:21  165393.0      0.00       0.0       0.0                           1363113.0000
    0:02:21  165393.0      0.00       0.0       0.0                           1363113.0000
    0:02:21  165393.0      0.00       0.0       0.0                           1363113.0000
    0:02:21  165393.0      0.00       0.0       0.0                           1363113.0000
    0:02:21  165393.0      0.00       0.0       0.0                           1363113.0000
    0:02:21  165393.0      0.00       0.0       0.0                           1363113.0000
    0:02:21  165393.0      0.00       0.0       0.0                           1363113.0000
    0:02:21  165393.0      0.00       0.0       0.0                           1363113.0000
    0:02:21  165393.0      0.00       0.0       0.0                           1363113.0000
    0:02:21  165393.0      0.00       0.0       0.0                           1363113.0000
    0:02:21  165393.0      0.00       0.0       0.0                           1363113.0000
    0:02:21  165393.0      0.00       0.0       0.0                           1363113.0000
    0:02:21  165393.0      0.00       0.0       0.0                           1363113.0000
    0:02:21  165393.0      0.00       0.0       0.0                           1363113.0000
    0:02:21  165393.0      0.00       0.0       0.0                           1363113.0000
    0:02:21  165393.0      0.00       0.0       0.0                           1363113.0000

                                  TOTAL                                                
   ELAPSED            WORST NEG   SETUP    DESIGN                              LEAKAGE 
    TIME      AREA      SLACK     COST    RULE COST         ENDPOINT            POWER  
  --------- --------- --------- --------- --------- ------------------------- ---------
    0:02:22  165393.0      0.00       0.0       0.0                           1363113.0000
    0:02:26  165372.5      0.00       0.0       0.0                           1361863.7500
    0:02:27  165372.5      0.00       0.0       0.0                           1361863.7500
    0:02:27  165372.5      0.00       0.0       0.0                           1361863.7500
    0:02:30  165372.5      0.00       0.0       0.0                           1361856.7500
    0:02:33  165368.9      0.00       0.0       0.0                           1361786.1250
    0:02:33  165368.9      0.00       0.0       0.0                           1361786.1250
    0:02:33  165368.9      0.00       0.0       0.0                           1361786.1250
    0:02:33  165368.9      0.00       0.0       0.0                           1361786.1250
    0:02:35  165359.5      0.00       0.0       0.0                           1361659.2500
Loading db file '/home/linux/ieng6/ECE260B_WI26_A00/public/PDKdata/db/tcbn65gpluswc.db'


Note: Symbol # after min delay cost means estimated hold TNS across all active scenarios 


  Optimization Complete
  ---------------------
Warning: Design 'core' contains 1 high-fanout nets. A fanout number of 1000 will be used for delay calculations involving these nets. (TIM-134)
     Net 'ofifo_inst/col_idx[2].fifo_instance/wr_clk': 8123 load(s), 1 driver(s), 4 inout(s)
Information: Building the design 'sram_w16' instantiated from design 'core' with
        the parameters "sram_bit=128". (HDL-193)
Warning: Cannot find the design 'sram_w16' in the library 'WORK'. (LBR-1)
Information: Building the design 'sram_2ports' instantiated from design 'core' with
        the parameters "sram_bit=160". (HDL-193)
Warning: Cannot find the design 'sram_2ports' in the library 'WORK'. (LBR-1)
Information: Building the design 'sfp_row' instantiated from design 'core' with
        the parameters "col=8,bw=8,bw_psum=20". (HDL-193)
Warning: Cannot find the design 'sfp_row' in the library 'WORK'. (LBR-1)
Warning: Unable to resolve reference 'sram_w16' in 'core'. (LINK-5)
Warning: Unable to resolve reference 'sram_2ports' in 'core'. (LINK-5)
Warning: Unable to resolve reference 'sfp_row' in 'core'. (LINK-5)
Information: State dependent leakage is now switched from off to on.
Information: Propagating switching activity (low effort zero delay simulation). (PWR-6)
Warning: Design has unannotated black box outputs. (PWR-428)
Current design is 'core'.
Information: Building the design 'sram_w16' instantiated from design 'core' with
        the parameters "sram_bit=128". (HDL-193)
Warning: Cannot find the design 'sram_w16' in the library 'WORK'. (LBR-1)
Information: Building the design 'sram_2ports' instantiated from design 'core' with
        the parameters "sram_bit=160". (HDL-193)
Warning: Cannot find the design 'sram_2ports' in the library 'WORK'. (LBR-1)
Information: Building the design 'sfp_row' instantiated from design 'core' with
        the parameters "col=8,bw=8,bw_psum=20". (HDL-193)
Warning: Cannot find the design 'sfp_row' in the library 'WORK'. (LBR-1)
Warning: Unable to resolve reference 'sram_w16' in 'core'. (LINK-5)
Warning: Unable to resolve reference 'sram_2ports' in 'core'. (LINK-5)
Warning: Unable to resolve reference 'sfp_row' in 'core'. (LINK-5)
Warning: The specified replacement character (_) is conflicting with the specified allowed or restricted character.   (UCN-4)
Warning: Design 'core' has '3' unresolved references. For more detailed information, use the "link" command. (UID-341)
Writing verilog file '/home/linux/ieng6/oce/7f/jil547/Desktop/step4/step4_syn/hier_syn/syn_core/core.out.v'.
Warning: Design 'core' has '3' unresolved references. For more detailed information, use the "link" command. (UID-341)
run.scr completed successfully
dc_shell> exit

Thank you...

